Component: Arm Compiler for Embedded 6.24 Tool: armlink [5f371500]

==============================================================================

Section Cross References

    startup_stm32h723xx.o(RESET) refers to startup_stm32h723xx.o(STACK) for __initial_sp
    startup_stm32h723xx.o(RESET) refers to startup_stm32h723xx.o(.text) for Reset_Handler
    startup_stm32h723xx.o(RESET) refers to stm32h7xx_it.o(.text.NMI_Handler) for NMI_Handler
    startup_stm32h723xx.o(RESET) refers to stm32h7xx_it.o(.text.HardFault_Handler) for HardFault_Handler
    startup_stm32h723xx.o(RESET) refers to stm32h7xx_it.o(.text.MemManage_Handler) for MemManage_Handler
    startup_stm32h723xx.o(RESET) refers to stm32h7xx_it.o(.text.BusFault_Handler) for BusFault_Handler
    startup_stm32h723xx.o(RESET) refers to stm32h7xx_it.o(.text.UsageFault_Handler) for UsageFault_Handler
    startup_stm32h723xx.o(RESET) refers to stm32h7xx_it.o(.text.SVC_Handler) for SVC_Handler
    startup_stm32h723xx.o(RESET) refers to stm32h7xx_it.o(.text.DebugMon_Handler) for DebugMon_Handler
    startup_stm32h723xx.o(RESET) refers to stm32h7xx_it.o(.text.PendSV_Handler) for PendSV_Handler
    startup_stm32h723xx.o(RESET) refers to stm32h7xx_it.o(.text.SysTick_Handler) for SysTick_Handler
    startup_stm32h723xx.o(RESET) refers to stm32h7xx_it.o(.text.DMA1_Stream0_IRQHandler) for DMA1_Stream0_IRQHandler
    startup_stm32h723xx.o(RESET) refers to stm32h7xx_it.o(.text.DMA2_Stream7_IRQHandler) for DMA2_Stream7_IRQHandler
    startup_stm32h723xx.o(RESET) refers to stm32h7xx_it.o(.text.DCMI_PSSI_IRQHandler) for DCMI_PSSI_IRQHandler
    startup_stm32h723xx.o(.text) refers to system_stm32h7xx.o(.text.SystemInit) for SystemInit
    startup_stm32h723xx.o(.text) refers to entry.o(.ARM.Collect$$$$00000000) for __main
    main.o(.text.OV2640_SendFrameToUART) refers to usart.o(.bss.huart1) for huart1
    main.o(.text.OV2640_SendFrameToUART) refers to stm32h7xx_hal_uart.o(.text.HAL_UART_Transmit) for HAL_UART_Transmit
    main.o(.text.OV2640_SendFrameToUART) refers to usart.o(.bss.USART1_TxDone) for USART1_TxDone
    main.o(.text.OV2640_SendFrameToUART) refers to stm32h7xx_hal_uart.o(.text.HAL_UART_Transmit_DMA) for HAL_UART_Transmit_DMA
    main.o(.text.OV2640_SendFrameToUART) refers to stm32h7xx_hal.o(.text.HAL_GetTick) for HAL_GetTick
    main.o(.text.OV2640_SendFrameToUART) refers to stm32h7xx_hal_uart.o(.text.HAL_UART_AbortTransmit) for HAL_UART_AbortTransmit
    main.o(.ARM.exidx.text.OV2640_SendFrameToUART) refers to main.o(.text.OV2640_SendFrameToUART) for [Anonymous Symbol]
    main.o(.text.main) refers to stm32h7xx_hal_cortex.o(.text.HAL_MPU_Disable) for HAL_MPU_Disable
    main.o(.text.main) refers to stm32h7xx_hal_cortex.o(.text.HAL_MPU_ConfigRegion) for HAL_MPU_ConfigRegion
    main.o(.text.main) refers to stm32h7xx_hal_cortex.o(.text.HAL_MPU_Enable) for HAL_MPU_Enable
    main.o(.text.main) refers to stm32h7xx_hal.o(.text.HAL_Init) for HAL_Init
    main.o(.text.main) refers to main.o(.text.SystemClock_Config) for SystemClock_Config
    main.o(.text.main) refers to led.o(.text.LED_Init) for LED_Init
    main.o(.text.main) refers to usart.o(.text.USART1_Init) for USART1_Init
    main.o(.text.main) refers to usart.o(.text.USART1_DMA_Init) for USART1_DMA_Init
    main.o(.text.main) refers to lcd_spi_154.o(.text.SPI_LCD_Init) for SPI_LCD_Init
    main.o(.text.main) refers to dcmi_ov2640.o(.text.DCMI_OV2640_Init) for DCMI_OV2640_Init
    main.o(.text.main) refers to dcmi_ov2640.o(.text.OV2640_DMA_Transmit_Continuous) for OV2640_DMA_Transmit_Continuous
    main.o(.text.main) refers to dcmi_ov2640.o(.bss..L_MergedGlobals) for DCMI_FrameState
    main.o(.text.main) refers to usart.o(.bss.huart1) for huart1
    main.o(.text.main) refers to usart.o(.bss.USART1_TxDone) for USART1_TxDone
    main.o(.text.main) refers to stm32h7xx_hal_uart.o(.text.HAL_UART_AbortTransmit) for HAL_UART_AbortTransmit
    main.o(.text.main) refers to dcmi_ov2640.o(.text.OV2640_DCMI_Resume) for OV2640_DCMI_Resume
    main.o(.text.main) refers to dcmi_ov2640.o(.text.OV2640_DCMI_Suspend) for OV2640_DCMI_Suspend
    main.o(.text.main) refers to stm32h7xx_hal_uart.o(.text.HAL_UART_Transmit) for HAL_UART_Transmit
    main.o(.text.main) refers to stm32h7xx_hal_uart.o(.text.HAL_UART_Transmit_DMA) for HAL_UART_Transmit_DMA
    main.o(.text.main) refers to stm32h7xx_hal.o(.text.HAL_GetTick) for HAL_GetTick
    main.o(.ARM.exidx.text.main) refers to main.o(.text.main) for [Anonymous Symbol]
    main.o(.text.MPU_Config) refers to stm32h7xx_hal_cortex.o(.text.HAL_MPU_Disable) for HAL_MPU_Disable
    main.o(.text.MPU_Config) refers to stm32h7xx_hal_cortex.o(.text.HAL_MPU_ConfigRegion) for HAL_MPU_ConfigRegion
    main.o(.text.MPU_Config) refers to stm32h7xx_hal_cortex.o(.text.HAL_MPU_Enable) for HAL_MPU_Enable
    main.o(.ARM.exidx.text.MPU_Config) refers to main.o(.text.MPU_Config) for [Anonymous Symbol]
    main.o(.text.SystemClock_Config) refers to memseta.o(.text) for __aeabi_memclr4
[...]
    ../clib/microlib/printf/printf.c         0x00000000   Number         0  printf5.o ABSOLUTE
    ../clib/microlib/printf/printf.c         0x00000000   Number         0  printf6.o ABSOLUTE
    ../clib/microlib/printf/printf.c         0x00000000   Number         0  printf7.o ABSOLUTE
    ../clib/microlib/printf/printf.c         0x00000000   Number         0  printf8.o ABSOLUTE
    ../clib/microlib/printf/printf.c         0x00000000   Number         0  printfa.o ABSOLUTE
    ../clib/microlib/printf/stubs.s          0x00000000   Number         0  printfstubs.o ABSOLUTE
    ../clib/microlib/string/memset.c         0x00000000   Number         0  memseta.o ABSOLUTE
    ../clib/microlib/stubs.s                 0x00000000   Number         0  useno.o ABSOLUTE
    ../clib/microlib/stubs.s                 0x00000000   Number         0  iusefp.o ABSOLUTE
    ../fplib/microlib/fpadd.c                0x00000000   Number         0  dadd.o ABSOLUTE
    ../fplib/microlib/fpdiv.c                0x00000000   Number         0  ddiv.o ABSOLUTE
    ../fplib/microlib/fpepilogue.c           0x00000000   Number         0  depilogue.o ABSOLUTE
    ../fplib/microlib/fpfix.c                0x00000000   Number         0  dfixul.o ABSOLUTE
    ../fplib/microlib/fpmul.c                0x00000000   Number         0  dmul.o ABSOLUTE
    cdrcmple.s                               0x00000000   Number         0  cdrcmple.o ABSOLUTE
    dc.s                                     0x00000000   Number         0  dc.o ABSOLUTE
    dcmi_ov2640.c                            0x00000000   Number         0  dcmi_ov2640.o ABSOLUTE
    handlers.s                               0x00000000   Number         0  handlers.o ABSOLUTE
    init.s                                   0x00000000   Number         0  init.o ABSOLUTE
    lcd_fonts.c                              0x00000000   Number         0  lcd_fonts.o ABSOLUTE
    lcd_spi_154.c                            0x00000000   Number         0  lcd_spi_154.o ABSOLUTE
    led.c                                    0x00000000   Number         0  led.o ABSOLUTE
    main.c                                   0x00000000   Number         0  main.o ABSOLUTE
    sccb.c                                   0x00000000   Number         0  sccb.o ABSOLUTE
    startup_stm32h723xx.s                    0x00000000   Number         0  startup_stm32h723xx.o ABSOLUTE
    stm32h7xx_hal.c                          0x00000000   Number         0  stm32h7xx_hal.o ABSOLUTE
    stm32h7xx_hal_cortex.c                   0x00000000   Number         0  stm32h7xx_hal_cortex.o ABSOLUTE
    stm32h7xx_hal_dcmi.c                     0x00000000   Number         0  stm32h7xx_hal_dcmi.o ABSOLUTE
    stm32h7xx_hal_dma.c                      0x00000000   Number         0  stm32h7xx_hal_dma.o ABSOLUTE
    stm32h7xx_hal_dma_ex.c                   0x00000000   Number         0  stm32h7xx_hal_dma_ex.o ABSOLUTE
    stm32h7xx_hal_exti.c                     0x00000000   Number         0  stm32h7xx_hal_exti.o ABSOLUTE
    stm32h7xx_hal_flash.c                    0x00000000   Number         0  stm32h7xx_hal_flash.o ABSOLUTE
    stm32h7xx_hal_flash_ex.c                 0x00000000   Number         0  stm32h7xx_hal_flash_ex.o ABSOLUTE
    stm32h7xx_hal_gpio.c                     0x00000000   Number         0  stm32h7xx_hal_gpio.o ABSOLUTE
    stm32h7xx_hal_hsem.c                     0x00000000   Number         0  stm32h7xx_hal_hsem.o ABSOLUTE
    stm32h7xx_hal_i2c.c                      0x00000000   Number         0  stm32h7xx_hal_i2c.o ABSOLUTE
    stm32h7xx_hal_i2c_ex.c                   0x00000000   Number         0  stm32h7xx_hal_i2c_ex.o ABSOLUTE
    stm32h7xx_hal_mdma.c                     0x00000000   Number         0  stm32h7xx_hal_mdma.o ABSOLUTE
    stm32h7xx_hal_msp.c                      0x00000000   Number         0  stm32h7xx_hal_msp.o ABSOLUTE
    stm32h7xx_hal_pwr.c                      0x00000000   Number         0  stm32h7xx_hal_pwr.o ABSOLUTE
    stm32h7xx_hal_pwr_ex.c                   0x00000000   Number         0  stm32h7xx_hal_pwr_ex.o ABSOLUTE
    stm32h7xx_hal_rcc.c                      0x00000000   Number         0  stm32h7xx_hal_rcc.o ABSOLUTE
    stm32h7xx_hal_rcc_ex.c                   0x00000000   Number         0  stm32h7xx_hal_rcc_ex.o ABSOLUTE
    stm32h7xx_hal_spi.c                      0x00000000   Number         0  stm32h7xx_hal_spi.o ABSOLUTE
    stm32h7xx_hal_spi_ex.c                   0x00000000   Number         0  stm32h7xx_hal_spi_ex.o ABSOLUTE
    stm32h7xx_hal_tim.c                      0x00000000   Number         0  stm32h7xx_hal_tim.o ABSOLUTE
    stm32h7xx_hal_tim_ex.c                   0x00000000   Number         0  stm32h7xx_hal_tim_ex.o ABSOLUTE
    stm32h7xx_hal_uart.c                     0x00000000   Number         0  stm32h7xx_hal_uart.o ABSOLUTE
    stm32h7xx_hal_uart_ex.c                  0x00000000   Number         0  stm32h7xx_hal_uart_ex.o ABSOLUTE
    stm32h7xx_it.c                           0x00000000   Number         0  stm32h7xx_it.o ABSOLUTE
    system_stm32h7xx.c                       0x00000000   Number         0  system_stm32h7xx.o ABSOLUTE
    usart.c                                  0x00000000   Number         0  usart.o ABSOLUTE
    RESET                                    0x08000000   Section      716  startup_stm32h723xx.o(RESET)
    .ARM.Collect$$$$00000000                 0x080002cc   Section        0  entry.o(.ARM.Collect$$$$00000000)
    .ARM.Collect$$$$00000001                 0x080002cc   Section        4  entry2.o(.ARM.Collect$$$$00000001)
    .ARM.Collect$$$$00000004                 0x080002d0   Section        4  entry5.o(.ARM.Collect$$$$00000004)
    .ARM.Collect$$$$00000008                 0x080002d4   Section        0  entry7b.o(.ARM.Collect$$$$00000008)
    .ARM.Collect$$$$0000000A                 0x080002d4   Section        0  entry8b.o(.ARM.Collect$$$$0000000A)
    .ARM.Collect$$$$0000000B                 0x080002d4   Section        8  entry9a.o(.ARM.Collect$$$$0000000B)
    __lit__00000000                          0x080002dc   Data           4  entry2.o(.ARM.Collect$$$$00002712)
    .ARM.Collect$$$$0000000D                 0x080002dc   Section        0  entry10a.o(.ARM.Collect$$$$0000000D)
    .ARM.Collect$$$$0000000F                 0x080002dc   Section        0  entry11a.o(.ARM.Collect$$$$0000000F)
    .ARM.Collect$$$$00002712                 0x080002dc   Section        4  entry2.o(.ARM.Collect$$$$00002712)
    $v0                                      0x080002e0   Number         0  startup_stm32h723xx.o(.text)
    .text                                    0x080002e0   Section       36  startup_stm32h723xx.o(.text)
    .text                                    0x08000304   Section        0  uldiv.o(.text)
    .text                                    0x08000366   Section        0  memseta.o(.text)
    .text                                    0x0800038a   Section        0  uidiv.o(.text)
    .text                                    0x080003b6   Section        0  llshl.o(.text)
    .text                                    0x080003d4   Section        0  llushr.o(.text)
    .text                                    0x080003f4   Section        0  iusefp.o(.text)
    .text                                    0x080003f4   Section        0  dadd.o(.text)
    .text                                    0x08000542   Section        0  dmul.o(.text)
    .text                                    0x08000626   Section        0  ddiv.o(.text)
    .text                                    0x08000704   Section        0  dfixul.o(.text)
    .text                                    0x08000734   Section       48  cdrcmple.o(.text)
    .text                                    0x08000764   Section       48  init.o(.text)
    .text                                    0x08000794   Section        0  llsshr.o(.text)
    .text                                    0x080007b8   Section        0  depilogue.o(.text)
    [Anonymous Symbol]                       0x08000878   Section        0  stm32h7xx_it.o(.text.BusFault_Handler)
    DCMI_DMAError                            0x08000881   Thumb Code    28  stm32h7xx_hal_dcmi.o(.text.DCMI_DMAError)
    [Anonymous Symbol]                       0x08000880   Section        0  stm32h7xx_hal_dcmi.o(.text.DCMI_DMAError)
    DCMI_DMAXferCplt                         0x080008a1   Thumb Code   150  stm32h7xx_hal_dcmi.o(.text.DCMI_DMAXferCplt)
    [Anonymous Symbol]                       0x080008a0   Section        0  stm32h7xx_hal_dcmi.o(.text.DCMI_DMAXferCplt)
    [Anonymous Symbol]                       0x08000938   Section        0  dcmi_ov2640.o(.text.DCMI_OV2640_Init)
    [Anonymous Symbol]                       0x08000ad8   Section        0  stm32h7xx_it.o(.text.DCMI_PSSI_IRQHandler)
    [Anonymous Symbol]                       0x08000ae8   Section        0  stm32h7xx_it.o(.text.DMA1_Stream0_IRQHandler)
    [Anonymous Symbol]                       0x08000af8   Section        0  stm32h7xx_it.o(.text.DMA2_Stream7_IRQHandler)
    DMA_CalcBaseAndBitshift                  0x08000b09   Thumb Code   288  stm32h7xx_hal_dma.o(.text.DMA_CalcBaseAndBitshift)
    [Anonymous Symbol]                       0x08000b08   Section        0  stm32h7xx_hal_dma.o(.text.DMA_CalcBaseAndBitshift)
    DMA_CalcBaseAndBitshift.flagBitshiftOffset 0x08000c28   Number         0  stm32h7xx_hal_dma.o(.text.DMA_CalcBaseAndBitshift)
    DMA_MultiBufferSetConfig                 0x08000c31   Thumb Code   282  stm32h7xx_hal_dma_ex.o(.text.DMA_MultiBufferSetConfig)
    [Anonymous Symbol]                       0x08000c30   Section        0  stm32h7xx_hal_dma_ex.o(.text.DMA_MultiBufferSetConfig)
    DMA_SetConfig                            0x08000d51   Thumb Code   776  stm32h7xx_hal_dma.o(.text.DMA_SetConfig)
    [Anonymous Symbol]                       0x08000d50   Section        0  stm32h7xx_hal_dma.o(.text.DMA_SetConfig)
    [Anonymous Symbol]                       0x08001058   Section        0  stm32h7xx_it.o(.text.DebugMon_Handler)
    [Anonymous Symbol]                       0x08001060   Section        0  stm32h7xx_hal_dcmi.o(.text.HAL_DCMI_ConfigCrop)
    [Anonymous Symbol]                       0x080010a8   Section        0  stm32h7xx_hal_dcmi.o(.text.HAL_DCMI_EnableCrop)
    [Anonymous Symbol]                       0x080010d8   Section        0  dcmi_ov2640.o(.text.HAL_DCMI_ErrorCallback)
    [Anonymous Symbol]                       0x08001108   Section        0  dcmi_ov2640.o(.text.HAL_DCMI_FrameEventCallback)
    [Anonymous Symbol]                       0x08001140   Section        0  stm32h7xx_hal_dcmi.o(.text.HAL_DCMI_GetError)
    [Anonymous Symbol]                       0x08001148   Section        0  stm32h7xx_hal_dcmi.o(.text.HAL_DCMI_IRQHandler)
    [Anonymous Symbol]                       0x080011f0   Section        0  stm32h7xx_hal_dcmi.o(.text.HAL_DCMI_Init)
    [Anonymous Symbol]                       0x08001298   Section        0  stm32h7xx_hal_dcmi.o(.text.HAL_DCMI_LineEventCallback)
    [Anonymous Symbol]                       0x080012a0   Section        0  dcmi_ov2640.o(.text.HAL_DCMI_MspInit)
    [Anonymous Symbol]                       0x08001400   Section        0  stm32h7xx_hal_dcmi.o(.text.HAL_DCMI_Start_DMA)
    [Anonymous Symbol]                       0x08001528   Section        0  stm32h7xx_hal_dcmi.o(.text.HAL_DCMI_Suspend)
    [Anonymous Symbol]                       0x080015b8   Section        0  stm32h7xx_hal_dcmi.o(.text.HAL_DCMI_VsyncEventCallback)
    [Anonymous Symbol]                       0x080015c0   Section        0  stm32h7xx_hal_dma_ex.o(.text.HAL_DMAEx_ChangeMemory)
    [Anonymous Symbol]                       0x080015d0   Section        0  stm32h7xx_hal_dma_ex.o(.text.HAL_DMAEx_MultiBufferStart_IT)
    [Anonymous Symbol]                       0x08001c00   Section        0  stm32h7xx_hal_dma.o(.text.HAL_DMA_Abort)
    [Anonymous Symbol]                       0x08002128   Section        0  stm32h7xx_hal_dma.o(.text.HAL_DMA_Abort_IT)
    [Anonymous Symbol]                       0x080023e0   Section        0  stm32h7xx_hal_dma.o(.text.HAL_DMA_GetError)
    [Anonymous Symbol]                       0x080023e8   Section        0  stm32h7xx_hal_dma.o(.text.HAL_DMA_IRQHandler)
    [Anonymous Symbol]                       0x08002c00   Section        0  stm32h7xx_hal_dma.o(.text.HAL_DMA_Init)
    [Anonymous Symbol]                       0x080032a0   Section        0  stm32h7xx_hal_dma.o(.text.HAL_DMA_Start_IT)
    [Anonymous Symbol]                       0x08003650   Section        0  stm32h7xx_hal.o(.text.HAL_Delay)
    [Anonymous Symbol]                       0x08003678   Section        0  stm32h7xx_hal_gpio.o(.text.HAL_GPIO_Init)
    [Anonymous Symbol]                       0x08003820   Section        0  stm32h7xx_hal_gpio.o(.text.HAL_GPIO_ReadPin)
    [Anonymous Symbol]                       0x08003830   Section        0  stm32h7xx_hal_gpio.o(.text.HAL_GPIO_WritePin)
    [Anonymous Symbol]                       0x08003840   Section        0  stm32h7xx_hal.o(.text.HAL_GetTick)
    [Anonymous Symbol]                       0x08003850   Section        0  stm32h7xx_hal.o(.text.HAL_IncTick)
    [Anonymous Symbol]                       0x08003870   Section        0  stm32h7xx_hal.o(.text.HAL_Init)
    [Anonymous Symbol]                       0x080038d8   Section        0  stm32h7xx_hal.o(.text.HAL_InitTick)
    [Anonymous Symbol]                       0x08003928   Section        0  stm32h7xx_hal_cortex.o(.text.HAL_MPU_ConfigRegion)
    [Anonymous Symbol]                       0x08003988   Section        0  stm32h7xx_hal_cortex.o(.text.HAL_MPU_Disable)
    [Anonymous Symbol]                       0x080039a8   Section        0  stm32h7xx_hal_cortex.o(.text.HAL_MPU_Enable)
    [Anonymous Symbol]                       0x080039c8   Section        0  stm32h7xx_hal_msp.o(.text.HAL_MspInit)
    [Anonymous Symbol]                       0x080039e8   Section        0  stm32h7xx_hal_cortex.o(.text.HAL_NVIC_EnableIRQ)
    [Anonymous Symbol]                       0x08003a10   Section        0  stm32h7xx_hal_cortex.o(.text.HAL_NVIC_SetPriority)
    [Anonymous Symbol]                       0x08003a70   Section        0  stm32h7xx_hal_cortex.o(.text.HAL_NVIC_SetPriorityGrouping)
    [Anonymous Symbol]                       0x08003a90   Section        0  stm32h7xx_hal_pwr_ex.o(.text.HAL_PWREx_ConfigSupply)
    [Anonymous Symbol]                       0x08003ae0   Section        0  stm32h7xx_hal_rcc_ex.o(.text.HAL_RCCEx_GetD3PCLK1Freq)
    [Anonymous Symbol]                       0x08003b08   Section        0  stm32h7xx_hal_rcc_ex.o(.text.HAL_RCCEx_GetPLL2ClockFreq)
    [Anonymous Symbol]                       0x08003c30   Section        0  stm32h7xx_hal_rcc_ex.o(.text.HAL_RCCEx_GetPLL3ClockFreq)
    [Anonymous Symbol]                       0x08003d58   Section        0  stm32h7xx_hal_rcc_ex.o(.text.HAL_RCCEx_PeriphCLKConfig)
    [Anonymous Symbol]                       0x080047d8   Section        0  stm32h7xx_hal_rcc.o(.text.HAL_RCC_ClockConfig)
    [Anonymous Symbol]                       0x08004a30   Section        0  stm32h7xx_hal_rcc.o(.text.HAL_RCC_GetHCLKFreq)
    [Anonymous Symbol]                       0x08004a80   Section        0  stm32h7xx_hal_rcc.o(.text.HAL_RCC_GetPCLK1Freq)
    [Anonymous Symbol]                       0x08004ae0   Section        0  stm32h7xx_hal_rcc.o(.text.HAL_RCC_GetPCLK2Freq)
    [Anonymous Symbol]                       0x08004b40   Section        0  stm32h7xx_hal_rcc.o(.text.HAL_RCC_GetSysClockFreq)
    [Anonymous Symbol]                       0x08004c60   Section        0  stm32h7xx_hal_rcc.o(.text.HAL_RCC_OscConfig)
    [Anonymous Symbol]                       0x08005190   Section        0  stm32h7xx_hal_spi.o(.text.HAL_SPI_Init)
    [Anonymous Symbol]                       0x08005350   Section        0  lcd_spi_154.o(.text.HAL_SPI_MspInit)
    [Anonymous Symbol]                       0x08005420   Section        0  stm32h7xx_hal_spi.o(.text.HAL_SPI_Transmit)
    [Anonymous Symbol]                       0x080056c8   Section        0  stm32h7xx_hal_cortex.o(.text.HAL_SYSTICK_Config)
    [Anonymous Symbol]                       0x080056f8   Section        0  stm32h7xx_hal_uart_ex.o(.text.HAL_UARTEx_DisableFifoMode)
    [Anonymous Symbol]                       0x08005730   Section        0  stm32h7xx_hal_uart_ex.o(.text.HAL_UARTEx_SetRxFifoThreshold)
    [Anonymous Symbol]                       0x080057c0   Section        0  stm32h7xx_hal_uart_ex.o(.text.HAL_UARTEx_SetTxFifoThreshold)
    [Anonymous Symbol]                       0x08005850   Section        0  stm32h7xx_hal_uart.o(.text.HAL_UART_AbortTransmit)
    [Anonymous Symbol]                       0x08005998   Section        0  stm32h7xx_hal_uart.o(.text.HAL_UART_ErrorCallback)
    [Anonymous Symbol]                       0x080059a0   Section        0  stm32h7xx_hal_uart.o(.text.HAL_UART_Init)
    [Anonymous Symbol]                       0x08005a08   Section        0  usart.o(.text.HAL_UART_MspInit)
    [Anonymous Symbol]                       0x08005ad0   Section        0  stm32h7xx_hal_uart.o(.text.HAL_UART_Transmit)
    [Anonymous Symbol]                       0x08005ba0   Section        0  stm32h7xx_hal_uart.o(.text.HAL_UART_Transmit_DMA)
    [Anonymous Symbol]                       0x08005c90   Section        0  usart.o(.text.HAL_UART_TxCpltCallback)
    [Anonymous Symbol]                       0x08005cb0   Section        0  stm32h7xx_hal_uart.o(.text.HAL_UART_TxHalfCpltCallback)
    [Anonymous Symbol]                       0x08005cb8   Section        0  stm32h7xx_it.o(.text.HardFault_Handler)
    [Anonymous Symbol]                       0x08005cc0   Section        0  lcd_spi_154.o(.text.LCD_SPI_Transmit)
    [Anonymous Symbol]                       0x08005e20   Section        0  lcd_spi_154.o(.text.LCD_SetAddress)
    [Anonymous Symbol]                       0x08005f60   Section        0  led.o(.text.LED_Init)
    [Anonymous Symbol]                       0x08005fb8   Section        0  lcd_spi_154.o(.text.MY_SPI_CloseTransfer)
    [Anonymous Symbol]                       0x08006088   Section        0  stm32h7xx_it.o(.text.MemManage_Handler)
    [Anonymous Symbol]                       0x08006090   Section        0  stm32h7xx_it.o(.text.NMI_Handler)
    [Anonymous Symbol]                       0x08006098   Section        0  dcmi_ov2640.o(.text.OV2640_DCMI_Resume)
    [Anonymous Symbol]                       0x080060b8   Section        0  dcmi_ov2640.o(.text.OV2640_DCMI_Suspend)
    [Anonymous Symbol]                       0x080060c8   Section        0  dcmi_ov2640.o(.text.OV2640_DMA_Transmit_Continuous)
    [Anonymous Symbol]                       0x080060f8   Section        0  dcmi_ov2640.o(.text.OV2640_Reset)
    [Anonymous Symbol]                       0x080062a0   Section        0  stm32h7xx_it.o(.text.PendSV_Handler)
    RCCEx_PLL2_Config                        0x080062a9   Thumb Code   290  stm32h7xx_hal_rcc_ex.o(.text.RCCEx_PLL2_Config)
    [Anonymous Symbol]                       0x080062a8   Section        0  stm32h7xx_hal_rcc_ex.o(.text.RCCEx_PLL2_Config)
    RCCEx_PLL3_Config                        0x080063d1   Thumb Code   290  stm32h7xx_hal_rcc_ex.o(.text.RCCEx_PLL3_Config)
    [Anonymous Symbol]                       0x080063d0   Section        0  stm32h7xx_hal_rcc_ex.o(.text.RCCEx_PLL3_Config)
    [Anonymous Symbol]                       0x080064f8   Section        0  sccb.o(.text.SCCB_ACK)
    [Anonymous Symbol]                       0x080079a8   Section        0  sccb.o(.text.SCCB_GPIO_Config)
    [Anonymous Symbol]                       0x08007a30   Section        0  sccb.o(.text.SCCB_NoACK)
    [Anonymous Symbol]                       0x08008ed8   Section        0  sccb.o(.text.SCCB_ReadByte)
    [Anonymous Symbol]                       0x080099a0   Section        0  sccb.o(.text.SCCB_ReadReg)
    [Anonymous Symbol]                       0x080099e8   Section        0  sccb.o(.text.SCCB_Start)
    [Anonymous Symbol]                       0x0800a978   Section        0  sccb.o(.text.SCCB_Stop)
    [Anonymous Symbol]                       0x0800be20   Section        0  sccb.o(.text.SCCB_WaitACK)
    [Anonymous Symbol]                       0x0800d2d8   Section        0  sccb.o(.text.SCCB_WriteByte)
    [Anonymous Symbol]                       0x0800dd98   Section        0  sccb.o(.text.SCCB_WriteReg)
    SPI_CloseTransfer                        0x0800ddc9   Thumb Code   208  stm32h7xx_hal_spi.o(.text.SPI_CloseTransfer)
    [Anonymous Symbol]                       0x0800ddc8   Section        0  stm32h7xx_hal_spi.o(.text.SPI_CloseTransfer)
    [Anonymous Symbol]                       0x0800de98   Section        0  lcd_spi_154.o(.text.SPI_LCD_Init)
    [Anonymous Symbol]                       0x0800e7b0   Section        0  stm32h7xx_it.o(.text.SVC_Handler)
    [Anonymous Symbol]                       0x0800e7b8   Section        0  stm32h7xx_it.o(.text.SysTick_Handler)
    [Anonymous Symbol]                       0x0800e7c0   Section        0  main.o(.text.SystemClock_Config)
    [Anonymous Symbol]                       0x0800e8b0   Section        0  system_stm32h7xx.o(.text.SystemInit)
    [Anonymous Symbol]                       0x0800e960   Section        0  stm32h7xx_hal_uart.o(.text.UART_AdvFeatureConfig)
    [Anonymous Symbol]                       0x0800ea40   Section        0  stm32h7xx_hal_uart.o(.text.UART_CheckIdleState)
    UART_DMAError                            0x0800ebb1   Thumb Code   500  stm32h7xx_hal_uart.o(.text.UART_DMAError)
    [Anonymous Symbol]                       0x0800ebb0   Section        0  stm32h7xx_hal_uart.o(.text.UART_DMAError)
    UART_DMATransmitCplt                     0x0800eda9   Thumb Code   186  stm32h7xx_hal_uart.o(.text.UART_DMATransmitCplt)
    [Anonymous Symbol]                       0x0800eda8   Section        0  stm32h7xx_hal_uart.o(.text.UART_DMATransmitCplt)
    UART_DMATxHalfCplt                       0x0800ee69   Thumb Code     6  stm32h7xx_hal_uart.o(.text.UART_DMATxHalfCplt)
    [Anonymous Symbol]                       0x0800ee68   Section        0  stm32h7xx_hal_uart.o(.text.UART_DMATxHalfCplt)
    [Anonymous Symbol]                       0x0800ee70   Section        0  stm32h7xx_hal_uart.o(.text.UART_SetConfig)
    [Anonymous Symbol]                       0x0800f310   Section        0  stm32h7xx_hal_uart.o(.text.UART_WaitOnFlagUntilTimeout)
    [Anonymous Symbol]                       0x0800f600   Section        0  usart.o(.text.USART1_DMA_Init)
    [Anonymous Symbol]                       0x0800f648   Section        0  usart.o(.text.USART1_Init)
    [Anonymous Symbol]                       0x0800f698   Section        0  stm32h7xx_it.o(.text.UsageFault_Handler)
    [Anonymous Symbol]                       0x0800f6a0   Section        0  usart.o(.text.fputc)
    [Anonymous Symbol]                       0x0800f6c0   Section        0  main.o(.text.main)
    i.__0printf                              0x0800f9e8   Section        0  printfa.o(i.__0printf)
    i.__scatterload_copy                     0x0800fa08   Section       14  handlers.o(i.__scatterload_copy)
    i.__scatterload_null                     0x0800fa16   Section        2  handlers.o(i.__scatterload_null)
    i.__scatterload_zeroinit                 0x0800fa18   Section       14  handlers.o(i.__scatterload_zeroinit)
    _fp_digits                               0x0800fa29   Thumb Code   366  printfa.o(i._fp_digits)
    i._fp_digits                             0x0800fa28   Section        0  printfa.o(i._fp_digits)
    _printf_core                             0x0800fbad   Thumb Code  1744  printfa.o(i._printf_core)
    i._printf_core                           0x0800fbac   Section        0  printfa.o(i._printf_core)
    _printf_post_padding                     0x08010289   Thumb Code    36  printfa.o(i._printf_post_padding)
    i._printf_post_padding                   0x08010288   Section        0  printfa.o(i._printf_post_padding)
    _printf_pre_padding                      0x080102ad   Thumb Code    46  printfa.o(i._printf_pre_padding)
    i._printf_pre_padding                    0x080102ac   Section        0  printfa.o(i._printf_pre_padding)
    .Lswitch.table.UART_SetConfig.7          0x080102da   Data           6  stm32h7xx_hal_uart.o(.rodata..Lswitch.table.UART_SetConfig.7)
    .Lswitch.table.UART_SetConfig.9          0x080102e0   Data           6  stm32h7xx_hal_uart.o(.rodata..Lswitch.table.UART_SetConfig.9)
    UARTEx_SetNbDataToProcess.numerator      0x0801163e   Data           8  stm32h7xx_hal_uart_ex.o(.rodata.cst8)
    [Anonymous Symbol]                       0x0801163e   Section        0  stm32h7xx_hal_uart_ex.o(.rodata.cst8)
    UARTEx_SetNbDataToProcess.denominator    0x08011646   Data           8  stm32h7xx_hal_uart_ex.o(.rodata.cst8)
    .L_MergedGlobals                         0x20000000   Data           8  stm32h7xx_hal.o(.data..L_MergedGlobals)
    [Anonymous Symbol]                       0x20000000   Section        0  stm32h7xx_hal.o(.data..L_MergedGlobals)
    .L_MergedGlobals                         0x20000008   Data           8  system_stm32h7xx.o(.data..L_MergedGlobals)
    [Anonymous Symbol]                       0x20000008   Section        0  system_stm32h7xx.o(.data..L_MergedGlobals)
    .L_MergedGlobals                         0x20000020   Data          24  lcd_spi_154.o(.bss..L_MergedGlobals)
    LCD_AsciiFonts                           0x20000020   Data           4  lcd_spi_154.o(.bss..L_MergedGlobals)
    [Anonymous Symbol]                       0x20000020   Section        0  lcd_spi_154.o(.bss..L_MergedGlobals)
    LCD_CHFonts                              0x20000024   Data           4  lcd_spi_154.o(.bss..L_MergedGlobals)
    .L_MergedGlobals                         0x20000038   Data          88  dcmi_ov2640.o(.bss..L_MergedGlobals)
    [Anonymous Symbol]                       0x20000038   Section        0  dcmi_ov2640.o(.bss..L_MergedGlobals)
    HAL_DCMI_FrameEventCallback.DCMI_Frame_Count 0x20000039   Data           1  dcmi_ov2640.o(.bss..L_MergedGlobals)
    HAL_DCMI_FrameEventCallback.DCMI_Tick    0x2000003c   Data           4  dcmi_ov2640.o(.bss..L_MergedGlobals)
    STACK                                    0x200002f8   Section     1024  startup_stm32h723xx.o(STACK)

    Global Symbols

    Symbol Name                              Value     Ov Type        Size  Object(Section)

    BuildAttributes$$THM_ISAv4$E$P$D$K$B$S$7EM$VFPv5_D16$PE$PLD8$A:L22UL41UL21$X:L11$S22US41US21$IEEE1$IW$~IW$USESV6$~STKCKD$USESV7$~SHL$OTIME$ROPI$EBA8$MICROLIB$REQ8$PRES8$EABIv2 0x00000000   Number         0  anon$$obj.o ABSOLUTE
    __use_no_errno                           0x00000000   Number         0  useno.o ABSOLUTE
    __use_no_exception_handling              0x00000000   Number         0  useno.o ABSOLUTE
    __use_no_fp                              0x00000000   Number         0  useno.o ABSOLUTE
    __use_no_heap                            0x00000000   Number         0  useno.o ABSOLUTE
    __use_no_heap_region                     0x00000000   Number         0  useno.o ABSOLUTE
    __use_no_semihosting                     0x00000000   Number         0  useno.o ABSOLUTE
    __use_no_semihosting_swi                 0x00000000   Number         0  useno.o ABSOLUTE
    __use_no_signal_handling                 0x00000000   Number         0  useno.o ABSOLUTE
    _printf_a                                0x00000000   Number         0  printfstubs.o ABSOLUTE
    _printf_c                                0x00000000   Number         0  printfstubs.o ABSOLUTE
    _printf_charcount                        0x00000000   Number         0  printfstubs.o ABSOLUTE
    _printf_d                                0x00000000   Number         0  printfstubs.o ABSOLUTE
    _printf_e                                0x00000000   Number         0  printfstubs.o ABSOLUTE
    _printf_f                                0x00000000   Number         0  printfstubs.o ABSOLUTE
    _printf_flags                            0x00000000   Number         0  printfstubs.o ABSOLUTE
    _printf_fp_dec                           0x00000000   Number         0  printfstubs.o ABSOLUTE
    _printf_fp_hex                           0x00000000   Number         0  printfstubs.o ABSOLUTE
    _printf_g                                0x00000000   Number         0  printfstubs.o ABSOLUTE
    _printf_i                                0x00000000   Number         0  printfstubs.o ABSOLUTE
    _printf_int_dec                          0x00000000   Number         0  printfstubs.o ABSOLUTE
    _printf_l                                0x00000000   Number         0  printfstubs.o ABSOLUTE
    _printf_lc                               0x00000000   Number         0  printfstubs.o ABSOLUTE
    _printf_ll                               0x00000000   Number         0  printfstubs.o ABSOLUTE
    _printf_lld                              0x00000000   Number         0  printfstubs.o ABSOLUTE
    _printf_lli                              0x00000000   Number         0  printfstubs.o ABSOLUTE
    _printf_llo                              0x00000000   Number         0  printfstubs.o ABSOLUTE
    _printf_llu                              0x00000000   Number         0  printfstubs.o ABSOLUTE
    _printf_llx                              0x00000000   Number         0  printfstubs.o ABSOLUTE
    _printf_longlong_dec                     0x00000000   Number         0  printfstubs.o ABSOLUTE
    _printf_longlong_hex                     0x00000000   Number         0  printfstubs.o ABSOLUTE
    _printf_longlong_oct                     0x00000000   Number         0  printfstubs.o ABSOLUTE
    _printf_ls                               0x00000000   Number         0  printfstubs.o ABSOLUTE
    _printf_mbtowc                           0x00000000   Number         0  printfstubs.o ABSOLUTE
    _printf_n                                0x00000000   Number         0  printfstubs.o ABSOLUTE
    _printf_o                                0x00000000   Number         0  printfstubs.o ABSOLUTE
    _printf_p                                0x00000000   Number         0  printfstubs.o ABSOLUTE
    _printf_percent                          0x00000000   Number         0  printfstubs.o ABSOLUTE
    _printf_pre_padding                      0x00000000   Number         0  printfstubs.o ABSOLUTE
    _printf_return_value                     0x00000000   Number         0  printfstubs.o ABSOLUTE
    _printf_s                                0x00000000   Number         0  printfstubs.o ABSOLUTE
    _printf_sizespec                         0x00000000   Number         0  printfstubs.o ABSOLUTE
    _printf_str                              0x00000000   Number         0  printfstubs.o ABSOLUTE
    _printf_truncate_signed                  0x00000000   Number         0  printfstubs.o ABSOLUTE
    _printf_truncate_unsigned                0x00000000   Number         0  printfstubs.o ABSOLUTE
    _printf_u                                0x00000000   Number         0  printfstubs.o ABSOLUTE
    _printf_wc                               0x00000000   Number         0  printfstubs.o ABSOLUTE
    _printf_wctomb                           0x00000000   Number         0  printfstubs.o ABSOLUTE
    _printf_widthprec                        0x00000000   Number         0  printfstubs.o ABSOLUTE
    _printf_x                                0x00000000   Number         0  printfstubs.o ABSOLUTE
    __cpp_initialize__aeabi_                  - Undefined Weak Reference
    __cxa_finalize                            - Undefined Weak Reference
    __decompress                              - Undefined Weak Reference
    _clock_init                               - Undefined Weak Reference
    _microlib_exit                            - Undefined Weak Reference
    __Vectors_Size                           0x000002cc   Number         0  startup_stm32h723xx.o ABSOLUTE
    __Vectors                                0x08000000   Data           4  startup_stm32h723xx.o(RESET)
    __Vectors_End                            0x080002cc   Data           0  startup_stm32h723xx.o(RESET)
    __main                                   0x080002cd   Thumb Code     0  entry.o(.ARM.Collect$$$$00000000)
    _main_stk                                0x080002cd   Thumb Code     0  entry2.o(.ARM.Collect$$$$00000001)
    _main_scatterload                        0x080002d1   Thumb Code     0  entry5.o(.ARM.Collect$$$$00000004)
    __main_after_scatterload                 0x080002d5   Thumb Code     0  entry5.o(.ARM.Collect$$$$00000004)
    _main_clock                              0x080002d5   Thumb Code     0  entry7b.o(.ARM.Collect$$$$00000008)
    _main_cpp_init                           0x080002d5   Thumb Code     0  entry8b.o(.ARM.Collect$$$$0000000A)
    _main_init                               0x080002d5   Thumb Code     0  entry9a.o(.ARM.Collect$$$$0000000B)
    __rt_final_cpp                           0x080002dd   Thumb Code     0  entry10a.o(.ARM.Collect$$$$0000000D)
    __rt_final_exit                          0x080002dd   Thumb Code     0  entry11a.o(.ARM.Collect$$$$0000000F)
    Reset_Handler                            0x080002e1   Thumb Code     8  startup_stm32h723xx.o(.text)
    ADC3_IRQHandler                          0x080002fb   Thumb Code     0  startup_stm32h723xx.o(.text)
    ADC_IRQHandler                           0x080002fb   Thumb Code     0  startup_stm32h723xx.o(.text)
    BDMA_Channel0_IRQHandler                 0x080002fb   Thumb Code     0  startup_stm32h723xx.o(.text)
    BDMA_Channel1_IRQHandler                 0x080002fb   Thumb Code     0  startup_stm32h723xx.o(.text)
    BDMA_Channel2_IRQHandler                 0x080002fb   Thumb Code     0  startup_stm32h723xx.o(.text)
    BDMA_Channel3_IRQHandler                 0x080002fb   Thumb Code     0  startup_stm32h723xx.o(.text)
    BDMA_Channel4_IRQHandler                 0x080002fb   Thumb Code     0  startup_stm32h723xx.o(.text)
    BDMA_Channel5_IRQHandler                 0x080002fb   Thumb Code     0  startup_stm32h723xx.o(.text)
    BDMA_Channel6_IRQHandler                 0x080002fb   Thumb Code     0  startup_stm32h723xx.o(.text)
    BDMA_Channel7_IRQHandler                 0x080002fb   Thumb Code     0  startup_stm32h723xx.o(.text)
    CEC_IRQHandler                           0x080002fb   Thumb Code     0  startup_stm32h723xx.o(.text)
    COMP1_IRQHandler                         0x080002fb   Thumb Code     0  startup_stm32h723xx.o(.text)
    CORDIC_IRQHandler                        0x080002fb   Thumb Code     0  startup_stm32h723xx.o(.text)
    CRS_IRQHandler                           0x080002fb   Thumb Code     0  startup_stm32h723xx.o(.text)
    DFSDM1_FLT0_IRQHandler                   0x080002fb   Thumb Code     0  startup_stm32h723xx.o(.text)
    DFSDM1_FLT1_IRQHandler                   0x080002fb   Thumb Code     0  startup_stm32h723xx.o(.text)
    DFSDM1_FLT2_IRQHandler                   0x080002fb   Thumb Code     0  startup_stm32h723xx.o(.text)
    DFSDM1_FLT3_IRQHandler                   0x080002fb   Thumb Code     0  startup_stm32h723xx.o(.text)
    DMA1_Stream1_IRQHandler                  0x080002fb   Thumb Code     0  startup_stm32h723xx.o(.text)
    DMA1_Stream2_IRQHandler                  0x080002fb   Thumb Code     0  startup_stm32h723xx.o(.text)
    DMA1_Stream3_IRQHandler                  0x080002fb   Thumb Code     0  startup_stm32h723xx.o(.text)
    DMA1_Stream4_IRQHandler                  0x080002fb   Thumb Code     0  startup_stm32h723xx.o(.text)
    DMA1_Stream5_IRQHandler                  0x080002fb   Thumb Code     0  startup_stm32h723xx.o(.text)
    DMA1_Stream6_IRQHandler                  0x080002fb   Thumb Code     0  startup_stm32h723xx.o(.text)
    DMA1_Stream7_IRQHandler                  0x080002fb   Thumb Code     0  startup_stm32h723xx.o(.text)
    DMA2D_IRQHandler                         0x080002fb   Thumb Code     0  startup_stm32h723xx.o(.text)
    DMA2_Stream0_IRQHandler                  0x080002fb   Thumb Code     0  startup_stm32h723xx.o(.text)
    DMA2_Stream1_IRQHandler                  0x080002fb   Thumb Code     0  startup_stm32h723xx.o(.text)
    DMA2_Stream2_IRQHandler                  0x080002fb   Thumb Code     0  startup_stm32h723xx.o(.text)
    DMA2_Stream3_IRQHandler                  0x080002fb   Thumb Code     0  startup_stm32h723xx.o(.text)
    DMA2_Stream4_IRQHandler                  0x080002fb   Thumb Code     0  startup_stm32h723xx.o(.text)
    DMA2_Stream5_IRQHandler                  0x080002fb   Thumb Code     0  startup_stm32h723xx.o(.text)
    DMA2_Stream6_IRQHandler                  0x080002fb   Thumb Code     0  startup_stm32h723xx.o(.text)
    DMAMUX1_OVR_IRQHandler                   0x080002fb   Thumb Code     0  startup_stm32h723xx.o(.text)
    DMAMUX2_OVR_IRQHandler                   0x080002fb   Thumb Code     0  startup_stm32h723xx.o(.text)
    DTS_IRQHandler                           0x080002fb   Thumb Code     0  startup_stm32h723xx.o(.text)
    ECC_IRQHandler                           0x080002fb   Thumb Code     0  startup_stm32h723xx.o(.text)
    ETH_IRQHandler                           0x080002fb   Thumb Code     0  startup_stm32h723xx.o(.text)
    ETH_WKUP_IRQHandler                      0x080002fb   Thumb Code     0  startup_stm32h723xx.o(.text)
    EXTI0_IRQHandler                         0x080002fb   Thumb Code     0  startup_stm32h723xx.o(.text)
    EXTI15_10_IRQHandler                     0x080002fb   Thumb Code     0  startup_stm32h723xx.o(.text)
    EXTI1_IRQHandler                         0x080002fb   Thumb Code     0  startup_stm32h723xx.o(.text)
    EXTI2_IRQHandler                         0x080002fb   Thumb Code     0  startup_stm32h723xx.o(.text)
    EXTI3_IRQHandler                         0x080002fb   Thumb Code     0  startup_stm32h723xx.o(.text)
    EXTI4_IRQHandler                         0x080002fb   Thumb Code     0  startup_stm32h723xx.o(.text)
    EXTI9_5_IRQHandler                       0x080002fb   Thumb Code     0  startup_stm32h723xx.o(.text)
    FDCAN1_IT0_IRQHandler                    0x080002fb   Thumb Code     0  startup_stm32h723xx.o(.text)
    FDCAN1_IT1_IRQHandler                    0x080002fb   Thumb Code     0  startup_stm32h723xx.o(.text)
    FDCAN2_IT0_IRQHandler                    0x080002fb   Thumb Code     0  startup_stm32h723xx.o(.text)
    FDCAN2_IT1_IRQHandler                    0x080002fb   Thumb Code     0  startup_stm32h723xx.o(.text)
    FDCAN3_IT0_IRQHandler                    0x080002fb   Thumb Code     0  startup_stm32h723xx.o(.text)
    FDCAN3_IT1_IRQHandler                    0x080002fb   Thumb Code     0  startup_stm32h723xx.o(.text)
    FDCAN_CAL_IRQHandler                     0x080002fb   Thumb Code     0  startup_stm32h723xx.o(.text)
    FLASH_IRQHandler                         0x080002fb   Thumb Code     0  startup_stm32h723xx.o(.text)
    FMAC_IRQHandler                          0x080002fb   Thumb Code     0  startup_stm32h723xx.o(.text)
    FMC_IRQHandler                           0x080002fb   Thumb Code     0  startup_stm32h723xx.o(.text)
    FPU_IRQHandler                           0x080002fb   Thumb Code     0  startup_stm32h723xx.o(.text)
    HSEM1_IRQHandler                         0x080002fb   Thumb Code     0  startup_stm32h723xx.o(.text)
    I2C1_ER_IRQHandler                       0x080002fb   Thumb Code     0  startup_stm32h723xx.o(.text)
    I2C1_EV_IRQHandler                       0x080002fb   Thumb Code     0  startup_stm32h723xx.o(.text)
    I2C2_ER_IRQHandler                       0x080002fb   Thumb Code     0  startup_stm32h723xx.o(.text)
    I2C2_EV_IRQHandler                       0x080002fb   Thumb Code     0  startup_stm32h723xx.o(.text)
    I2C3_ER_IRQHandler                       0x080002fb   Thumb Code     0  startup_stm32h723xx.o(.text)
    I2C3_EV_IRQHandler                       0x080002fb   Thumb Code     0  startup_stm32h723xx.o(.text)
    I2C4_ER_IRQHandler                       0x080002fb   Thumb Code     0  startup_stm32h723xx.o(.text)
    I2C4_EV_IRQHandler                       0x080002fb   Thumb Code     0  startup_stm32h723xx.o(.text)
    I2C5_ER_IRQHandler                       0x080002fb   Thumb Code     0  startup_stm32h723xx.o(.text)
    I2C5_EV_IRQHandler                       0x080002fb   Thumb Code     0  startup_stm32h723xx.o(.text)
    LPTIM1_IRQHandler                        0x080002fb   Thumb Code     0  startup_stm32h723xx.o(.text)
    LPTIM2_IRQHandler                        0x080002fb   Thumb Code     0  startup_stm32h723xx.o(.text)
    LPTIM3_IRQHandler                        0x080002fb   Thumb Code     0  startup_stm32h723xx.o(.text)
    LPTIM4_IRQHandler                        0x080002fb   Thumb Code     0  startup_stm32h723xx.o(.text)
    LPTIM5_IRQHandler                        0x080002fb   Thumb Code     0  startup_stm32h723xx.o(.text)
    LPUART1_IRQHandler                       0x080002fb   Thumb Code     0  startup_stm32h723xx.o(.text)
    LTDC_ER_IRQHandler                       0x080002fb   Thumb Code     0  startup_stm32h723xx.o(.text)
    LTDC_IRQHandler                          0x080002fb   Thumb Code     0  startup_stm32h723xx.o(.text)
    MDIOS_IRQHandler                         0x080002fb   Thumb Code     0  startup_stm32h723xx.o(.text)
    MDIOS_WKUP_IRQHandler                    0x080002fb   Thumb Code     0  startup_stm32h723xx.o(.text)
    MDMA_IRQHandler                          0x080002fb   Thumb Code     0  startup_stm32h723xx.o(.text)
    OCTOSPI1_IRQHandler                      0x080002fb   Thumb Code     0  startup_stm32h723xx.o(.text)
    OCTOSPI2_IRQHandler                      0x080002fb   Thumb Code     0  startup_stm32h723xx.o(.text)
    OTG_HS_EP1_IN_IRQHandler                 0x080002fb   Thumb Code     0  startup_stm32h723xx.o(.text)
    OTG_HS_EP1_OUT_IRQHandler                0x080002fb   Thumb Code     0  startup_stm32h723xx.o(.text)
    OTG_HS_IRQHandler                        0x080002fb   Thumb Code     0  startup_stm32h723xx.o(.text)
    OTG_HS_WKUP_IRQHandler                   0x080002fb   Thumb Code     0  startup_stm32h723xx.o(.text)
    PVD_AVD_IRQHandler                       0x080002fb   Thumb Code     0  startup_stm32h723xx.o(.text)
    RCC_IRQHandler                           0x080002fb   Thumb Code     0  startup_stm32h723xx.o(.text)
    RNG_IRQHandler                           0x080002fb   Thumb Code     0  startup_stm32h723xx.o(.text)
    RTC_Alarm_IRQHandler                     0x080002fb   Thumb Code     0  startup_stm32h723xx.o(.text)
    RTC_WKUP_IRQHandler                      0x080002fb   Thumb Code     0  startup_stm32h723xx.o(.text)
    SAI1_IRQHandler                          0x080002fb   Thumb Code     0  startup_stm32h723xx.o(.text)
    SAI4_IRQHandler                          0x080002fb   Thumb Code     0  startup_stm32h723xx.o(.text)
    SDMMC1_IRQHandler                        0x080002fb   Thumb Code     0  startup_stm32h723xx.o(.text)
    SDMMC2_IRQHandler                        0x080002fb   Thumb Code     0  startup_stm32h723xx.o(.text)
    SPDIF_RX_IRQHandler                      0x080002fb   Thumb Code     0  startup_stm32h723xx.o(.text)
    SPI1_IRQHandler                          0x080002fb   Thumb Code     0  startup_stm32h723xx.o(.text)
    SPI2_IRQHandler                          0x080002fb   Thumb Code     0  startup_stm32h723xx.o(.text)
    SPI3_IRQHandler                          0x080002fb   Thumb Code     0  startup_stm32h723xx.o(.text)
    SPI4_IRQHandler                          0x080002fb   Thumb Code     0  startup_stm32h723xx.o(.text)
    SPI5_IRQHandler                          0x080002fb   Thumb Code     0  startup_stm32h723xx.o(.text)
    SPI6_IRQHandler                          0x080002fb   Thumb Code     0  startup_stm32h723xx.o(.text)
    SWPMI1_IRQHandler                        0x080002fb   Thumb Code     0  startup_stm32h723xx.o(.text)
    TAMP_STAMP_IRQHandler                    0x080002fb   Thumb Code     0  startup_stm32h723xx.o(.text)
    TIM15_IRQHandler                         0x080002fb   Thumb Code     0  startup_stm32h723xx.o(.text)
    TIM16_IRQHandler                         0x080002fb   Thumb Code     0  startup_stm32h723xx.o(.text)
    TIM17_IRQHandler                         0x080002fb   Thumb Code     0  startup_stm32h723xx.o(.text)
    TIM1_BRK_IRQHandler                      0x080002fb   Thumb Code     0  startup_stm32h723xx.o(.text)
    TIM1_CC_IRQHandler                       0x080002fb   Thumb Code     0  startup_stm32h723xx.o(.text)
    TIM1_TRG_COM_IRQHandler                  0x080002fb   Thumb Code     0  startup_stm32h723xx.o(.text)
    TIM1_UP_IRQHandler                       0x080002fb   Thumb Code     0  startup_stm32h723xx.o(.text)
    TIM23_IRQHandler                         0x080002fb   Thumb Code     0  startup_stm32h723xx.o(.text)
    TIM24_IRQHandler                         0x080002fb   Thumb Code     0  startup_stm32h723xx.o(.text)
    TIM2_IRQHandler                          0x080002fb   Thumb Code     0  startup_stm32h723xx.o(.text)
    TIM3_IRQHandler                          0x080002fb   Thumb Code     0  startup_stm32h723xx.o(.text)
    TIM4_IRQHandler                          0x080002fb   Thumb Code     0  startup_stm32h723xx.o(.text)
    TIM5_IRQHandler                          0x080002fb   Thumb Code     0  startup_stm32h723xx.o(.text)
    TIM6_DAC_IRQHandler                      0x080002fb   Thumb Code     0  startup_stm32h723xx.o(.text)
    TIM7_IRQHandler                          0x080002fb   Thumb Code     0  startup_stm32h723xx.o(.text)
    TIM8_BRK_TIM12_IRQHandler                0x080002fb   Thumb Code     0  startup_stm32h723xx.o(.text)
    TIM8_CC_IRQHandler                       0x080002fb   Thumb Code     0  startup_stm32h723xx.o(.text)
    TIM8_TRG_COM_TIM14_IRQHandler            0x080002fb   Thumb Code     0  startup_stm32h723xx.o(.text)
    TIM8_UP_TIM13_IRQHandler                 0x080002fb   Thumb Code     0  startup_stm32h723xx.o(.text)
    UART4_IRQHandler                         0x080002fb   Thumb Code     0  startup_stm32h723xx.o(.text)
    UART5_IRQHandler                         0x080002fb   Thumb Code     0  startup_stm32h723xx.o(.text)
    UART7_IRQHandler                         0x080002fb   Thumb Code     0  startup_stm32h723xx.o(.text)
    UART8_IRQHandler                         0x080002fb   Thumb Code     0  startup_stm32h723xx.o(.text)
    UART9_IRQHandler                         0x080002fb   Thumb Code     0  startup_stm32h723xx.o(.text)
    USART10_IRQHandler                       0x080002fb   Thumb Code     0  startup_stm32h723xx.o(.text)
    USART1_IRQHandler                        0x080002fb   Thumb Code     0  startup_stm32h723xx.o(.text)
    USART2_IRQHandler                        0x080002fb   Thumb Code     0  startup_stm32h723xx.o(.text)
    USART3_IRQHandler                        0x080002fb   Thumb Code     0  startup_stm32h723xx.o(.text)
    USART6_IRQHandler                        0x080002fb   Thumb Code     0  startup_stm32h723xx.o(.text)
    WAKEUP_PIN_IRQHandler                    0x080002fb   Thumb Code     0  startup_stm32h723xx.o(.text)
    WWDG_IRQHandler                          0x080002fb   Thumb Code     0  startup_stm32h723xx.o(.text)
    __aeabi_uldivmod                         0x08000305   Thumb Code    98  uldiv.o(.text)
    __aeabi_memset                           0x08000367   Thumb Code    14  memseta.o(.text)
    __aeabi_memset4                          0x08000367   Thumb Code     0  memseta.o(.text)
    __aeabi_memset8                          0x08000367   Thumb Code     0  memseta.o(.text)
    __aeabi_memclr                           0x08000375   Thumb Code     4  memseta.o(.text)
    __aeabi_memclr4                          0x08000375   Thumb Code     0  memseta.o(.text)
    __aeabi_memclr8                          0x08000375   Thumb Code     0  memseta.o(.text)
    _memset$wrapper                          0x08000379   Thumb Code    18  memseta.o(.text)
    __aeabi_uidiv                            0x0800038b   Thumb Code     0  uidiv.o(.text)
    __aeabi_uidivmod                         0x0800038b   Thumb Code    44  uidiv.o(.text)
    __aeabi_llsl                             0x080003b7   Thumb Code    30  llshl.o(.text)
    _ll_shift_l                              0x080003b7   Thumb Code     0  llshl.o(.text)
    __aeabi_llsr                             0x080003d5   Thumb Code    32  llushr.o(.text)
    _ll_ushift_r                             0x080003d5   Thumb Code     0  llushr.o(.text)
    __I$use$fp                               0x080003f5   Thumb Code     0  iusefp.o(.text)
    __aeabi_dadd                             0x080003f5   Thumb Code   322  dadd.o(.text)
    __aeabi_dsub                             0x08000537   Thumb Code     6  dadd.o(.text)
    __aeabi_drsub                            0x0800053d   Thumb Code     6  dadd.o(.text)
    __aeabi_dmul                             0x08000543   Thumb Code   228  dmul.o(.text)
    __aeabi_ddiv                             0x08000627   Thumb Code   222  ddiv.o(.text)
    __aeabi_d2ulz                            0x08000705   Thumb Code    48  dfixul.o(.text)
    __aeabi_cdrcmple                         0x08000735   Thumb Code    48  cdrcmple.o(.text)
    __scatterload                            0x08000765   Thumb Code    38  init.o(.text)
    __scatterload_rt2                        0x08000765   Thumb Code     0  init.o(.text)
    __aeabi_lasr                             0x08000795   Thumb Code    36  llsshr.o(.text)
    _ll_sshift_r                             0x08000795   Thumb Code     0  llsshr.o(.text)
    _double_round                            0x080007b9   Thumb Code    30  depilogue.o(.text)
    _double_epilogue                         0x080007d7   Thumb Code   156  depilogue.o(.text)
    BusFault_Handler                         0x08000879   Thumb Code     2  stm32h7xx_it.o(.text.BusFault_Handler)
    DCMI_OV2640_Init                         0x08000939   Thumb Code   364  dcmi_ov2640.o(.text.DCMI_OV2640_Init)
    DCMI_PSSI_IRQHandler                     0x08000ad9   Thumb Code    12  stm32h7xx_it.o(.text.DCMI_PSSI_IRQHandler)
    DMA1_Stream0_IRQHandler                  0x08000ae9   Thumb Code    12  stm32h7xx_it.o(.text.DMA1_Stream0_IRQHandler)
    DMA2_Stream7_IRQHandler                  0x08000af9   Thumb Code    12  stm32h7xx_it.o(.text.DMA2_Stream7_IRQHandler)
    DebugMon_Handler                         0x08001059   Thumb Code     2  stm32h7xx_it.o(.text.DebugMon_Handler)
    HAL_DCMI_ConfigCrop                      0x08001061   Thumb Code    66  stm32h7xx_hal_dcmi.o(.text.HAL_DCMI_ConfigCrop)
    HAL_DCMI_EnableCrop                      0x080010a9   Thumb Code    42  stm32h7xx_hal_dcmi.o(.text.HAL_DCMI_EnableCrop)
    HAL_DCMI_ErrorCallback                   0x080010d9   Thumb Code    24  dcmi_ov2640.o(.text.HAL_DCMI_ErrorCallback)
    HAL_DCMI_FrameEventCallback              0x08001109   Thumb Code    56  dcmi_ov2640.o(.text.HAL_DCMI_FrameEventCallback)
    HAL_DCMI_GetError                        0x08001141   Thumb Code     4  stm32h7xx_hal_dcmi.o(.text.HAL_DCMI_GetError)
    HAL_DCMI_IRQHandler                      0x08001149   Thumb Code   166  stm32h7xx_hal_dcmi.o(.text.HAL_DCMI_IRQHandler)
    HAL_DCMI_Init                            0x080011f1   Thumb Code   164  stm32h7xx_hal_dcmi.o(.text.HAL_DCMI_Init)
    HAL_DCMI_LineEventCallback               0x08001299   Thumb Code     2  stm32h7xx_hal_dcmi.o(.text.HAL_DCMI_LineEventCallback)
    HAL_DCMI_MspInit                         0x080012a1   Thumb Code   350  dcmi_ov2640.o(.text.HAL_DCMI_MspInit)
    HAL_DCMI_Start_DMA                       0x08001401   Thumb Code   292  stm32h7xx_hal_dcmi.o(.text.HAL_DCMI_Start_DMA)
    HAL_DCMI_Suspend                         0x08001529   Thumb Code   144  stm32h7xx_hal_dcmi.o(.text.HAL_DCMI_Suspend)
    HAL_DCMI_VsyncEventCallback              0x080015b9   Thumb Code     2  stm32h7xx_hal_dcmi.o(.text.HAL_DCMI_VsyncEventCallback)
    HAL_DMAEx_ChangeMemory                   0x080015c1   Thumb Code    16  stm32h7xx_hal_dma_ex.o(.text.HAL_DMAEx_ChangeMemory)
    HAL_DMAEx_MultiBufferStart_IT            0x080015d1   Thumb Code  1580  stm32h7xx_hal_dma_ex.o(.text.HAL_DMAEx_MultiBufferStart_IT)
    HAL_DMA_Abort                            0x08001c01   Thumb Code  1318  stm32h7xx_hal_dma.o(.text.HAL_DMA_Abort)
    HAL_DMA_Abort_IT                         0x08002129   Thumb Code   694  stm32h7xx_hal_dma.o(.text.HAL_DMA_Abort_IT)
    HAL_DMA_GetError                         0x080023e1   Thumb Code     4  stm32h7xx_hal_dma.o(.text.HAL_DMA_GetError)
    HAL_DMA_IRQHandler                       0x080023e9   Thumb Code  2072  stm32h7xx_hal_dma.o(.text.HAL_DMA_IRQHandler)
    HAL_DMA_Init                             0x08002c01   Thumb Code  1690  stm32h7xx_hal_dma.o(.text.HAL_DMA_Init)
    HAL_DMA_Start_IT                         0x080032a1   Thumb Code   938  stm32h7xx_hal_dma.o(.text.HAL_DMA_Start_IT)
    HAL_Delay                                0x08003651   Thumb Code    40  stm32h7xx_hal.o(.text.HAL_Delay)
    HAL_GPIO_Init                            0x08003679   Thumb Code   422  stm32h7xx_hal_gpio.o(.text.HAL_GPIO_Init)
    HAL_GPIO_ReadPin                         0x08003821   Thumb Code    10  stm32h7xx_hal_gpio.o(.text.HAL_GPIO_ReadPin)
    HAL_GPIO_WritePin                        0x08003831   Thumb Code    10  stm32h7xx_hal_gpio.o(.text.HAL_GPIO_WritePin)
    HAL_GetTick                              0x08003841   Thumb Code    12  stm32h7xx_hal.o(.text.HAL_GetTick)
    HAL_IncTick                              0x08003851   Thumb Code    26  stm32h7xx_hal.o(.text.HAL_IncTick)
    HAL_Init                                 0x08003871   Thumb Code   100  stm32h7xx_hal.o(.text.HAL_Init)
    HAL_InitTick                             0x080038d9   Thumb Code    80  stm32h7xx_hal.o(.text.HAL_InitTick)
    HAL_MPU_ConfigRegion                     0x08003929   Thumb Code    96  stm32h7xx_hal_cortex.o(.text.HAL_MPU_ConfigRegion)
    HAL_MPU_Disable                          0x08003989   Thumb Code    26  stm32h7xx_hal_cortex.o(.text.HAL_MPU_Disable)
    HAL_MPU_Enable                           0x080039a9   Thumb Code    32  stm32h7xx_hal_cortex.o(.text.HAL_MPU_Enable)
    HAL_MspInit                              0x080039c9   Thumb Code    32  stm32h7xx_hal_msp.o(.text.HAL_MspInit)
    HAL_NVIC_EnableIRQ                       0x080039e9   Thumb Code    34  stm32h7xx_hal_cortex.o(.text.HAL_NVIC_EnableIRQ)
    HAL_NVIC_SetPriority                     0x08003a11   Thumb Code    90  stm32h7xx_hal_cortex.o(.text.HAL_NVIC_SetPriority)
    HAL_NVIC_SetPriorityGrouping             0x08003a71   Thumb Code    32  stm32h7xx_hal_cortex.o(.text.HAL_NVIC_SetPriorityGrouping)
    HAL_PWREx_ConfigSupply                   0x08003a91   Thumb Code    76  stm32h7xx_hal_pwr_ex.o(.text.HAL_PWREx_ConfigSupply)
    HAL_RCCEx_GetD3PCLK1Freq                 0x08003ae1   Thumb Code    38  stm32h7xx_hal_rcc_ex.o(.text.HAL_RCCEx_GetD3PCLK1Freq)
    HAL_RCCEx_GetPLL2ClockFreq               0x08003b09   Thumb Code   280  stm32h7xx_hal_rcc_ex.o(.text.HAL_RCCEx_GetPLL2ClockFreq)
    HAL_RCCEx_GetPLL3ClockFreq               0x08003c31   Thumb Code   280  stm32h7xx_hal_rcc_ex.o(.text.HAL_RCCEx_GetPLL3ClockFreq)
    HAL_RCCEx_PeriphCLKConfig                0x08003d59   Thumb Code  2688  stm32h7xx_hal_rcc_ex.o(.text.HAL_RCCEx_PeriphCLKConfig)
    HAL_RCC_ClockConfig                      0x080047d9   Thumb Code   596  stm32h7xx_hal_rcc.o(.text.HAL_RCC_ClockConfig)
    HAL_RCC_GetHCLKFreq                      0x08004a31   Thumb Code    76  stm32h7xx_hal_rcc.o(.text.HAL_RCC_GetHCLKFreq)
    HAL_RCC_GetPCLK1Freq                     0x08004a81   Thumb Code    96  stm32h7xx_hal_rcc.o(.text.HAL_RCC_GetPCLK1Freq)
    HAL_RCC_GetPCLK2Freq                     0x08004ae1   Thumb Code    96  stm32h7xx_hal_rcc.o(.text.HAL_RCC_GetPCLK2Freq)
    HAL_RCC_GetSysClockFreq                  0x08004b41   Thumb Code   264  stm32h7xx_hal_rcc.o(.text.HAL_RCC_GetSysClockFreq)
    HAL_RCC_OscConfig                        0x08004c61   Thumb Code  1324  stm32h7xx_hal_rcc.o(.text.HAL_RCC_OscConfig)
    HAL_SPI_Init                             0x08005191   Thumb Code   444  stm32h7xx_hal_spi.o(.text.HAL_SPI_Init)
    HAL_SPI_MspInit                          0x08005351   Thumb Code   204  lcd_spi_154.o(.text.HAL_SPI_MspInit)
    HAL_SPI_Transmit                         0x08005421   Thumb Code   680  stm32h7xx_hal_spi.o(.text.HAL_SPI_Transmit)
    HAL_SYSTICK_Config                       0x080056c9   Thumb Code    46  stm32h7xx_hal_cortex.o(.text.HAL_SYSTICK_Config)
    HAL_UARTEx_DisableFifoMode               0x080056f9   Thumb Code    54  stm32h7xx_hal_uart_ex.o(.text.HAL_UARTEx_DisableFifoMode)
    HAL_UARTEx_SetRxFifoThreshold            0x08005731   Thumb Code   140  stm32h7xx_hal_uart_ex.o(.text.HAL_UARTEx_SetRxFifoThreshold)
    HAL_UARTEx_SetTxFifoThreshold            0x080057c1   Thumb Code   140  stm32h7xx_hal_uart_ex.o(.text.HAL_UARTEx_SetTxFifoThreshold)
    HAL_UART_AbortTransmit                   0x08005851   Thumb Code   322  stm32h7xx_hal_uart.o(.text.HAL_UART_AbortTransmit)
    HAL_UART_ErrorCallback                   0x08005999   Thumb Code     2  stm32h7xx_hal_uart.o(.text.HAL_UART_ErrorCallback)
    HAL_UART_Init                            0x080059a1   Thumb Code    98  stm32h7xx_hal_uart.o(.text.HAL_UART_Init)
    HAL_UART_MspInit                         0x08005a09   Thumb Code   194  usart.o(.text.HAL_UART_MspInit)
    HAL_UART_Transmit                        0x08005ad1   Thumb Code   202  stm32h7xx_hal_uart.o(.text.HAL_UART_Transmit)
    HAL_UART_Transmit_DMA                    0x08005ba1   Thumb Code   236  stm32h7xx_hal_uart.o(.text.HAL_UART_Transmit_DMA)
    HAL_UART_TxCpltCallback                  0x08005c91   Thumb Code    30  usart.o(.text.HAL_UART_TxCpltCallback)
    HAL_UART_TxHalfCpltCallback              0x08005cb1   Thumb Code     2  stm32h7xx_hal_uart.o(.text.HAL_UART_TxHalfCpltCallback)
    HardFault_Handler                        0x08005cb9   Thumb Code     2  stm32h7xx_it.o(.text.HardFault_Handler)
    LCD_SPI_Transmit                         0x08005cc1   Thumb Code   350  lcd_spi_154.o(.text.LCD_SPI_Transmit)
    LCD_SetAddress                           0x08005e21   Thumb Code   316  lcd_spi_154.o(.text.LCD_SetAddress)
    LED_Init                                 0x08005f61   Thumb Code    84  led.o(.text.LED_Init)
    MY_SPI_CloseTransfer                     0x08005fb9   Thumb Code   208  lcd_spi_154.o(.text.MY_SPI_CloseTransfer)
    MemManage_Handler                        0x08006089   Thumb Code     2  stm32h7xx_it.o(.text.MemManage_Handler)
    NMI_Handler                              0x08006091   Thumb Code     2  stm32h7xx_it.o(.text.NMI_Handler)
    OV2640_DCMI_Resume                       0x08006099   Thumb Code    26  dcmi_ov2640.o(.text.OV2640_DCMI_Resume)
    OV2640_DCMI_Suspend                      0x080060b9   Thumb Code    14  dcmi_ov2640.o(.text.OV2640_DCMI_Suspend)
    OV2640_DMA_Transmit_Continuous           0x080060c9   Thumb Code    48  dcmi_ov2640.o(.text.OV2640_DMA_Transmit_Continuous)
    OV2640_Reset                             0x080060f9   Thumb Code   424  dcmi_ov2640.o(.text.OV2640_Reset)
    PendSV_Handler                           0x080062a1   Thumb Code     2  stm32h7xx_it.o(.text.PendSV_Handler)
    SCCB_ACK                                 0x080064f9   Thumb Code  5296  sccb.o(.text.SCCB_ACK)
    SCCB_GPIO_Config                         0x080079a9   Thumb Code   136  sccb.o(.text.SCCB_GPIO_Config)
    SCCB_NoACK                               0x08007a31   Thumb Code  5284  sccb.o(.text.SCCB_NoACK)
    SCCB_ReadByte                            0x08008ed9   Thumb Code  2756  sccb.o(.text.SCCB_ReadByte)
    SCCB_ReadReg                             0x080099a1   Thumb Code    70  sccb.o(.text.SCCB_ReadReg)
    SCCB_Start                               0x080099e9   Thumb Code  3980  sccb.o(.text.SCCB_Start)
    SCCB_Stop                                0x0800a979   Thumb Code  5284  sccb.o(.text.SCCB_Stop)
    SCCB_WaitACK                             0x0800be21   Thumb Code  5298  sccb.o(.text.SCCB_WaitACK)
    SCCB_WriteByte                           0x0800d2d9   Thumb Code  2746  sccb.o(.text.SCCB_WriteByte)
    SCCB_WriteReg                            0x0800dd99   Thumb Code    42  sccb.o(.text.SCCB_WriteReg)
    SPI_LCD_Init                             0x0800de99   Thumb Code  2328  lcd_spi_154.o(.text.SPI_LCD_Init)
    SVC_Handler                              0x0800e7b1   Thumb Code     2  stm32h7xx_it.o(.text.SVC_Handler)
    SysTick_Handler                          0x0800e7b9   Thumb Code     4  stm32h7xx_it.o(.text.SysTick_Handler)
    SystemClock_Config                       0x0800e7c1   Thumb Code   240  main.o(.text.SystemClock_Config)
    SystemInit                               0x0800e8b1   Thumb Code   176  system_stm32h7xx.o(.text.SystemInit)
    UART_AdvFeatureConfig                    0x0800e961   Thumb Code   224  stm32h7xx_hal_uart.o(.text.UART_AdvFeatureConfig)
    UART_CheckIdleState                      0x0800ea41   Thumb Code   366  stm32h7xx_hal_uart.o(.text.UART_CheckIdleState)
    UART_SetConfig                           0x0800ee71   Thumb Code  1176  stm32h7xx_hal_uart.o(.text.UART_SetConfig)
    UART_WaitOnFlagUntilTimeout              0x0800f311   Thumb Code   746  stm32h7xx_hal_uart.o(.text.UART_WaitOnFlagUntilTimeout)
    USART1_DMA_Init                          0x0800f601   Thumb Code    70  usart.o(.text.USART1_DMA_Init)
    USART1_Init                              0x0800f649   Thumb Code    80  usart.o(.text.USART1_Init)
    UsageFault_Handler                       0x0800f699   Thumb Code     2  stm32h7xx_it.o(.text.UsageFault_Handler)
    fputc                                    0x0800f6a1   Thumb Code    30  usart.o(.text.fputc)
    main                                     0x0800f6c1   Thumb Code   808  main.o(.text.main)
    __0printf                                0x0800f9e9   Thumb Code    22  printfa.o(i.__0printf)
    __1printf                                0x0800f9e9   Thumb Code     0  printfa.o(i.__0printf)
    __2printf                                0x0800f9e9   Thumb Code     0  printfa.o(i.__0printf)
    __c89printf                              0x0800f9e9   Thumb Code     0  printfa.o(i.__0printf)
    printf                                   0x0800f9e9   Thumb Code     0  printfa.o(i.__0printf)
    __scatterload_copy                       0x0800fa09   Thumb Code    14  handlers.o(i.__scatterload_copy)
    __scatterload_null                       0x0800fa17   Thumb Code     2  handlers.o(i.__scatterload_null)
    __scatterload_zeroinit                   0x0800fa19   Thumb Code    14  handlers.o(i.__scatterload_zeroinit)
    ASCII_2412_Table                         0x080102e6   Data        4560  lcd_fonts.o(.rodata.ASCII_2412_Table)
    D1CorePrescTable                         0x080114b6   Data          16  system_stm32h7xx.o(.rodata.D1CorePrescTable)
    OV2640_SVGA_Config                       0x080114c6   Data         352  dcmi_ov2640.o(.rodata.OV2640_SVGA_Config)
    UARTPrescTable                           0x08011626   Data          24  stm32h7xx_hal_uart.o(.rodata.UARTPrescTable)
    Region$$Table$$Base                      0x08011650   Number         0  anon$$obj.o(Region$$Table)
    Region$$Table$$Limit                     0x08011670   Number         0  anon$$obj.o(Region$$Table)
    uwTickFreq                               0x20000000   Data           1  stm32h7xx_hal.o(.data..L_MergedGlobals)
    uwTickPrio                               0x20000004   Data           4  stm32h7xx_hal.o(.data..L_MergedGlobals)
    SystemCoreClock                          0x20000008   Data           4  system_stm32h7xx.o(.data..L_MergedGlobals)
    SystemD2Clock                            0x2000000c   Data           4  system_stm32h7xx.o(.data..L_MergedGlobals)
    ASCII_Font24                             0x20000010   Data          12  lcd_fonts.o(.data.ASCII_Font24)
    LCD                                      0x20000028   Data          16  lcd_spi_154.o(.bss..L_MergedGlobals)
    DCMI_FrameState                          0x20000038   Data           1  dcmi_ov2640.o(.bss..L_MergedGlobals)
    OV2640_FPS                               0x2000003a   Data           1  dcmi_ov2640.o(.bss..L_MergedGlobals)
    hdcmi                                    0x20000040   Data          80  dcmi_ov2640.o(.bss..L_MergedGlobals)
    DMA_Handle_dcmi                          0x20000090   Data         120  dcmi_ov2640.o(.bss.DMA_Handle_dcmi)
    USART1_TxDone                            0x20000108   Data           1  usart.o(.bss.USART1_TxDone)
    __stdout                                 0x2000010c   Data          84  usart.o(.bss.__stdout)
    hdma_usart1_tx                           0x20000160   Data         120  usart.o(.bss.hdma_usart1_tx)
    hspi6                                    0x200001d8   Data         136  lcd_spi_154.o(.bss.hspi6)
    huart1                                   0x20000260   Data         148  usart.o(.bss.huart1)
    uwTick                                   0x200002f4   Data           4  stm32h7xx_hal.o(.bss.uwTick)
    __initial_sp                             0x200006f8   Data           0  startup_stm32h723xx.o(STACK)



==============================================================================

Memory Map of the image

  Image Entry point : 0x080002cd

  Load Region LR_IROM1 (Base: 0x08000000, Size: 0x00011690, Max: 0x00100000, ABSOLUTE)

    Execution Region ER_IROM1 (Exec base: 0x08000000, Load base: 0x08000000, Size: 0x00011670, Max: 0x00100000, ABSOLUTE)

    Exec Addr    Load Addr    Size         Type   Attr      Idx    E Section Name        Object

    0x08000000   0x08000000   0x000002cc   Data   RO            3    RESET               startup_stm32h723xx.o
    0x080002cc   0x080002cc   0x00000000   Code   RO         1495  * .ARM.Collect$$$$00000000  mc_w.l(entry.o)
    0x080002cc   0x080002cc   0x00000004   Code   RO         1763    .ARM.Collect$$$$00000001  mc_w.l(entry2.o)
    0x080002d0   0x080002d0   0x00000004   Code   RO         1766    .ARM.Collect$$$$00000004  mc_w.l(entry5.o)
    0x080002d4   0x080002d4   0x00000000   Code   RO         1768    .ARM.Collect$$$$00000008  mc_w.l(entry7b.o)
    0x080002d4   0x080002d4   0x00000000   Code   RO         1770    .ARM.Collect$$$$0000000A  mc_w.l(entry8b.o)
    0x080002d4   0x080002d4   0x00000008   Code   RO         1771    .ARM.Collect$$$$0000000B  mc_w.l(entry9a.o)
    0x080002dc   0x080002dc   0x00000000   Code   RO         1773    .ARM.Collect$$$$0000000D  mc_w.l(entry10a.o)
    0x080002dc   0x080002dc   0x00000000   Code   RO         1775    .ARM.Collect$$$$0000000F  mc_w.l(entry11a.o)
    0x080002dc   0x080002dc   0x00000004   Code   RO         1764    .ARM.Collect$$$$00002712  mc_w.l(entry2.o)
    0x080002e0   0x080002e0   0x00000024   Code   RO            4    .text               startup_stm32h723xx.o
    0x08000304   0x08000304   0x00000062   Code   RO         1498    .text               mc_w.l(uldiv.o)
    0x08000366   0x08000366   0x00000024   Code   RO         1500    .text               mc_w.l(memseta.o)
    0x0800038a   0x0800038a   0x0000002c   Code   RO         1786    .text               mc_w.l(uidiv.o)
    0x080003b6   0x080003b6   0x0000001e   Code   RO         1788    .text               mc_w.l(llshl.o)
    0x080003d4   0x080003d4   0x00000020   Code   RO         1790    .text               mc_w.l(llushr.o)
    0x080003f4   0x080003f4   0x00000000   Code   RO         1792    .text               mc_w.l(iusefp.o)
    0x080003f4   0x080003f4   0x0000014e   Code   RO         1793    .text               mf_w.l(dadd.o)
    0x08000542   0x08000542   0x000000e4   Code   RO         1795    .text               mf_w.l(dmul.o)
    0x08000626   0x08000626   0x000000de   Code   RO         1797    .text               mf_w.l(ddiv.o)
    0x08000704   0x08000704   0x00000030   Code   RO         1799    .text               mf_w.l(dfixul.o)
    0x08000734   0x08000734   0x00000030   Code   RO         1801    .text               mf_w.l(cdrcmple.o)
    0x08000764   0x08000764   0x00000030   Code   RO         1803    .text               mc_w.l(init.o)
    0x08000794   0x08000794   0x00000024   Code   RO         1805    .text               mc_w.l(llsshr.o)
    0x080007b8   0x080007b8   0x000000ba   Code   RO         1807    .text               mf_w.l(depilogue.o)
    0x08000872   0x08000872   0x00000006   PAD
    0x08000878   0x08000878   0x00000002   Code   RO           36    .text.BusFault_Handler  stm32h7xx_it.o
    0x0800087a   0x0800087a   0x00000006   PAD
    0x08000880   0x08000880   0x0000001c   Code   RO          375    .text.DCMI_DMAError  stm32h7xx_hal_dcmi.o
    0x0800089c   0x0800089c   0x00000004   PAD
    0x080008a0   0x080008a0   0x00000096   Code   RO          373    .text.DCMI_DMAXferCplt  stm32h7xx_hal_dcmi.o
    0x08000936   0x08000936   0x00000002   PAD
    0x08000938   0x08000938   0x0000019c   Code   RO          261    .text.DCMI_OV2640_Init  dcmi_ov2640.o
    0x08000ad4   0x08000ad4   0x00000004   PAD
    0x08000ad8   0x08000ad8   0x0000000c   Code   RO           52    .text.DCMI_PSSI_IRQHandler  stm32h7xx_it.o
    0x08000ae4   0x08000ae4   0x00000004   PAD
    0x08000ae8   0x08000ae8   0x0000000c   Code   RO           48    .text.DMA1_Stream0_IRQHandler  stm32h7xx_it.o
    0x08000af4   0x08000af4   0x00000004   PAD
    0x08000af8   0x08000af8   0x0000000c   Code   RO           50    .text.DMA2_Stream7_IRQHandler  stm32h7xx_it.o
    0x08000b04   0x08000b04   0x00000004   PAD
    0x08000b08   0x08000b08   0x00000128   Code   RO          630    .text.DMA_CalcBaseAndBitshift  stm32h7xx_hal_dma.o
    0x08000c30   0x08000c30   0x0000011a   Code   RO          666    .text.DMA_MultiBufferSetConfig  stm32h7xx_hal_dma_ex.o
    0x08000d4a   0x08000d4a   0x00000006   PAD
    0x08000d50   0x08000d50   0x00000308   Code   RO          636    .text.DMA_SetConfig  stm32h7xx_hal_dma.o
    0x08001058   0x08001058   0x00000002   Code   RO           42    .text.DebugMon_Handler  stm32h7xx_it.o
    0x0800105a   0x0800105a   0x00000006   PAD
    0x08001060   0x08001060   0x00000042   Code   RO          393    .text.HAL_DCMI_ConfigCrop  stm32h7xx_hal_dcmi.o
    0x080010a2   0x080010a2   0x00000006   PAD
    0x080010a8   0x080010a8   0x0000002a   Code   RO          397    .text.HAL_DCMI_EnableCrop  stm32h7xx_hal_dcmi.o
    0x080010d2   0x080010d2   0x00000006   PAD
    0x080010d8   0x080010d8   0x0000002c   Code   RO          299    .text.HAL_DCMI_ErrorCallback  dcmi_ov2640.o
    0x08001104   0x08001104   0x00000004   PAD
    0x08001108   0x08001108   0x00000038   Code   RO          297    .text.HAL_DCMI_FrameEventCallback  dcmi_ov2640.o
    0x08001140   0x08001140   0x00000004   Code   RO          403    .text.HAL_DCMI_GetError  stm32h7xx_hal_dcmi.o
    0x08001144   0x08001144   0x00000004   PAD
    0x08001148   0x08001148   0x000000a6   Code   RO          383    .text.HAL_DCMI_IRQHandler  stm32h7xx_hal_dcmi.o
    0x080011ee   0x080011ee   0x00000002   PAD
    0x080011f0   0x080011f0   0x000000a4   Code   RO          363    .text.HAL_DCMI_Init  stm32h7xx_hal_dcmi.o
    0x08001294   0x08001294   0x00000004   PAD
    0x08001298   0x08001298   0x00000002   Code   RO          385    .text.HAL_DCMI_LineEventCallback  stm32h7xx_hal_dcmi.o
    0x0800129a   0x0800129a   0x00000006   PAD
    0x080012a0   0x080012a0   0x0000015e   Code   RO          253    .text.HAL_DCMI_MspInit  dcmi_ov2640.o
    0x080013fe   0x080013fe   0x00000002   PAD
    0x08001400   0x08001400   0x00000124   Code   RO          371    .text.HAL_DCMI_Start_DMA  stm32h7xx_hal_dcmi.o
    0x08001524   0x08001524   0x00000004   PAD
    0x08001528   0x08001528   0x00000090   Code   RO          379    .text.HAL_DCMI_Suspend  stm32h7xx_hal_dcmi.o
    0x080015b8   0x080015b8   0x00000002   Code   RO          387    .text.HAL_DCMI_VsyncEventCallback  stm32h7xx_hal_dcmi.o
    0x080015ba   0x080015ba   0x00000006   PAD
    0x080015c0   0x080015c0   0x00000010   Code   RO          670    .text.HAL_DMAEx_ChangeMemory  stm32h7xx_hal_dma_ex.o
    0x080015d0   0x080015d0   0x0000062c   Code   RO          668    .text.HAL_DMAEx_MultiBufferStart_IT  stm32h7xx_hal_dma_ex.o
    0x08001bfc   0x08001bfc   0x00000004   PAD
    0x08001c00   0x08001c00   0x00000526   Code   RO          640    .text.HAL_DMA_Abort  stm32h7xx_hal_dma.o
    0x08002126   0x08002126   0x00000002   PAD
    0x08002128   0x08002128   0x000002b6   Code   RO          642    .text.HAL_DMA_Abort_IT  stm32h7xx_hal_dma.o
    0x080023de   0x080023de   0x00000002   PAD
    0x080023e0   0x080023e0   0x00000004   Code   RO          654    .text.HAL_DMA_GetError  stm32h7xx_hal_dma.o
    0x080023e4   0x080023e4   0x00000004   PAD
    0x080023e8   0x080023e8   0x00000818   Code   RO          646    .text.HAL_DMA_IRQHandler  stm32h7xx_hal_dma.o
    0x08002c00   0x08002c00   0x0000069a   Code   RO          628    .text.HAL_DMA_Init  stm32h7xx_hal_dma.o
    0x0800329a   0x0800329a   0x00000006   PAD
    0x080032a0   0x080032a0   0x000003aa   Code   RO          638    .text.HAL_DMA_Start_IT  stm32h7xx_hal_dma.o
    0x0800364a   0x0800364a   0x00000006   PAD
    0x08003650   0x08003650   0x00000028   Code   RO          882    .text.HAL_Delay     stm32h7xx_hal.o
    0x08003678   0x08003678   0x000001a6   Code   RO          574    .text.HAL_GPIO_Init  stm32h7xx_hal_gpio.o
    0x0800381e   0x0800381e   0x00000002   PAD
    0x08003820   0x08003820   0x0000000a   Code   RO          578    .text.HAL_GPIO_ReadPin  stm32h7xx_hal_gpio.o
    0x0800382a   0x0800382a   0x00000006   PAD
    0x08003830   0x08003830   0x0000000a   Code   RO          580    .text.HAL_GPIO_WritePin  stm32h7xx_hal_gpio.o
    0x0800383a   0x0800383a   0x00000006   PAD
    0x08003840   0x08003840   0x0000000c   Code   RO          874    .text.HAL_GetTick   stm32h7xx_hal.o
    0x0800384c   0x0800384c   0x00000004   PAD
    0x08003850   0x08003850   0x0000001a   Code   RO          872    .text.HAL_IncTick   stm32h7xx_hal.o
    0x0800386a   0x0800386a   0x00000006   PAD
    0x08003870   0x08003870   0x00000064   Code   RO          862    .text.HAL_Init      stm32h7xx_hal.o
    0x080038d4   0x080038d4   0x00000004   PAD
    0x080038d8   0x080038d8   0x00000050   Code   RO          864    .text.HAL_InitTick  stm32h7xx_hal.o
    0x08003928   0x08003928   0x00000060   Code   RO          333    .text.HAL_MPU_ConfigRegion  stm32h7xx_hal_cortex.o
    0x08003988   0x08003988   0x0000001a   Code   RO          329    .text.HAL_MPU_Disable  stm32h7xx_hal_cortex.o
    0x080039a2   0x080039a2   0x00000006   PAD
    0x080039a8   0x080039a8   0x00000020   Code   RO          331    .text.HAL_MPU_Enable  stm32h7xx_hal_cortex.o
    0x080039c8   0x080039c8   0x00000020   Code   RO           61    .text.HAL_MspInit   stm32h7xx_hal_msp.o
    0x080039e8   0x080039e8   0x00000022   Code   RO          319    .text.HAL_NVIC_EnableIRQ  stm32h7xx_hal_cortex.o
    0x08003a0a   0x08003a0a   0x00000006   PAD
    0x08003a10   0x08003a10   0x0000005a   Code   RO          317    .text.HAL_NVIC_SetPriority  stm32h7xx_hal_cortex.o
    0x08003a6a   0x08003a6a   0x00000006   PAD
    0x08003a70   0x08003a70   0x00000020   Code   RO          315    .text.HAL_NVIC_SetPriorityGrouping  stm32h7xx_hal_cortex.o
    0x08003a90   0x08003a90   0x0000004c   Code   RO          778    .text.HAL_PWREx_ConfigSupply  stm32h7xx_hal_pwr_ex.o
    0x08003adc   0x08003adc   0x00000004   PAD
    0x08003ae0   0x08003ae0   0x00000026   Code   RO          465    .text.HAL_RCCEx_GetD3PCLK1Freq  stm32h7xx_hal_rcc_ex.o
    0x08003b06   0x08003b06   0x00000002   PAD
    0x08003b08   0x08003b08   0x00000128   Code   RO          461    .text.HAL_RCCEx_GetPLL2ClockFreq  stm32h7xx_hal_rcc_ex.o
    0x08003c30   0x08003c30   0x00000128   Code   RO          463    .text.HAL_RCCEx_GetPLL3ClockFreq  stm32h7xx_hal_rcc_ex.o
    0x08003d58   0x08003d58   0x00000a80   Code   RO          449    .text.HAL_RCCEx_PeriphCLKConfig  stm32h7xx_hal_rcc_ex.o
    0x080047d8   0x080047d8   0x00000254   Code   RO          417    .text.HAL_RCC_ClockConfig  stm32h7xx_hal_rcc.o
    0x08004a2c   0x08004a2c   0x00000004   PAD
    0x08004a30   0x08004a30   0x0000004c   Code   RO          427    .text.HAL_RCC_GetHCLKFreq  stm32h7xx_hal_rcc.o
    0x08004a7c   0x08004a7c   0x00000004   PAD
    0x08004a80   0x08004a80   0x00000060   Code   RO          429    .text.HAL_RCC_GetPCLK1Freq  stm32h7xx_hal_rcc.o
    0x08004ae0   0x08004ae0   0x00000060   Code   RO          431    .text.HAL_RCC_GetPCLK2Freq  stm32h7xx_hal_rcc.o
    0x08004b40   0x08004b40   0x0000011c   Code   RO          419    .text.HAL_RCC_GetSysClockFreq  stm32h7xx_hal_rcc.o
    0x08004c5c   0x08004c5c   0x00000004   PAD
    0x08004c60   0x08004c60   0x0000052c   Code   RO          415    .text.HAL_RCC_OscConfig  stm32h7xx_hal_rcc.o
    0x0800518c   0x0800518c   0x00000004   PAD
    0x08005190   0x08005190   0x000001bc   Code   RO         1178    .text.HAL_SPI_Init  stm32h7xx_hal_spi.o
    0x0800534c   0x0800534c   0x00000004   PAD
    0x08005350   0x08005350   0x000000cc   Code   RO          128    .text.HAL_SPI_MspInit  lcd_spi_154.o
    0x0800541c   0x0800541c   0x00000004   PAD
    0x08005420   0x08005420   0x000002a8   Code   RO         1186    .text.HAL_SPI_Transmit  stm32h7xx_hal_spi.o
    0x080056c8   0x080056c8   0x0000002e   Code   RO          327    .text.HAL_SYSTICK_Config  stm32h7xx_hal_cortex.o
    0x080056f6   0x080056f6   0x00000002   PAD
    0x080056f8   0x080056f8   0x00000036   Code   RO         1459    .text.HAL_UARTEx_DisableFifoMode  stm32h7xx_hal_uart_ex.o
    0x0800572e   0x0800572e   0x00000002   PAD
    0x08005730   0x08005730   0x0000008c   Code   RO         1463    .text.HAL_UARTEx_SetRxFifoThreshold  stm32h7xx_hal_uart_ex.o
    0x080057bc   0x080057bc   0x00000004   PAD
    0x080057c0   0x080057c0   0x0000008c   Code   RO         1461    .text.HAL_UARTEx_SetTxFifoThreshold  stm32h7xx_hal_uart_ex.o
    0x0800584c   0x0800584c   0x00000004   PAD
    0x08005850   0x08005850   0x00000142   Code   RO         1356    .text.HAL_UART_AbortTransmit  stm32h7xx_hal_uart.o
    0x08005992   0x08005992   0x00000006   PAD
    0x08005998   0x08005998   0x00000002   Code   RO         1384    .text.HAL_UART_ErrorCallback  stm32h7xx_hal_uart.o
    0x0800599a   0x0800599a   0x00000006   PAD
    0x080059a0   0x080059a0   0x00000062   Code   RO         1296    .text.HAL_UART_Init  stm32h7xx_hal_uart.o
    0x08005a02   0x08005a02   0x00000006   PAD
    0x08005a08   0x08005a08   0x000000c2   Code   RO           77    .text.HAL_UART_MspInit  usart.o
    0x08005aca   0x08005aca   0x00000006   PAD
    0x08005ad0   0x08005ad0   0x000000ca   Code   RO         1316    .text.HAL_UART_Transmit  stm32h7xx_hal_uart.o
    0x08005b9a   0x08005b9a   0x00000006   PAD
    0x08005ba0   0x08005ba0   0x000000ec   Code   RO         1336    .text.HAL_UART_Transmit_DMA  stm32h7xx_hal_uart.o
    0x08005c8c   0x08005c8c   0x00000004   PAD
    0x08005c90   0x08005c90   0x0000001e   Code   RO           83    .text.HAL_UART_TxCpltCallback  usart.o
    0x08005cae   0x08005cae   0x00000002   PAD
    0x08005cb0   0x08005cb0   0x00000002   Code   RO         1390    .text.HAL_UART_TxHalfCpltCallback  stm32h7xx_hal_uart.o
    0x08005cb2   0x08005cb2   0x00000006   PAD
    0x08005cb8   0x08005cb8   0x00000002   Code   RO           32    .text.HardFault_Handler  stm32h7xx_it.o
    0x08005cba   0x08005cba   0x00000006   PAD
    0x08005cc0   0x08005cc0   0x0000015e   Code   RO          156    .text.LCD_SPI_Transmit  lcd_spi_154.o
    0x08005e1e   0x08005e1e   0x00000002   PAD
    0x08005e20   0x08005e20   0x0000013c   Code   RO          154    .text.LCD_SetAddress  lcd_spi_154.o
    0x08005f5c   0x08005f5c   0x00000004   PAD
    0x08005f60   0x08005f60   0x00000054   Code   RO           69    .text.LED_Init      led.o
    0x08005fb4   0x08005fb4   0x00000004   PAD
    0x08005fb8   0x08005fb8   0x000000d0   Code   RO          200    .text.MY_SPI_CloseTransfer  lcd_spi_154.o
    0x08006088   0x08006088   0x00000002   Code   RO           34    .text.MemManage_Handler  stm32h7xx_it.o
    0x0800608a   0x0800608a   0x00000006   PAD
    0x08006090   0x08006090   0x00000002   Code   RO           30    .text.NMI_Handler   stm32h7xx_it.o
    0x08006092   0x08006092   0x00000006   PAD
    0x08006098   0x08006098   0x0000001a   Code   RO          279    .text.OV2640_DCMI_Resume  dcmi_ov2640.o
    0x080060b2   0x080060b2   0x00000006   PAD
    0x080060b8   0x080060b8   0x0000000e   Code   RO          277    .text.OV2640_DCMI_Suspend  dcmi_ov2640.o
    0x080060c6   0x080060c6   0x00000002   PAD
    0x080060c8   0x080060c8   0x00000030   Code   RO          273    .text.OV2640_DMA_Transmit_Continuous  dcmi_ov2640.o
    0x080060f8   0x080060f8   0x000001a8   Code   RO          263    .text.OV2640_Reset  dcmi_ov2640.o
    0x080062a0   0x080062a0   0x00000002   Code   RO           44    .text.PendSV_Handler  stm32h7xx_it.o
    0x080062a2   0x080062a2   0x00000006   PAD
    0x080062a8   0x080062a8   0x00000122   Code   RO          451    .text.RCCEx_PLL2_Config  stm32h7xx_hal_rcc_ex.o
    0x080063ca   0x080063ca   0x00000006   PAD
    0x080063d0   0x080063d0   0x00000122   Code   RO          453    .text.RCCEx_PLL3_Config  stm32h7xx_hal_rcc_ex.o
    0x080064f2   0x080064f2   0x00000006   PAD
    0x080064f8   0x080064f8   0x000014b0   Code   RO          221    .text.SCCB_ACK      sccb.o
    0x080079a8   0x080079a8   0x00000088   Code   RO          213    .text.SCCB_GPIO_Config  sccb.o
    0x08007a30   0x08007a30   0x000014a4   Code   RO          223    .text.SCCB_NoACK    sccb.o
    0x08008ed4   0x08008ed4   0x00000004   PAD
    0x08008ed8   0x08008ed8   0x00000ac4   Code   RO          229    .text.SCCB_ReadByte  sccb.o
    0x0800999c   0x0800999c   0x00000004   PAD
    0x080099a0   0x080099a0   0x00000046   Code   RO          235    .text.SCCB_ReadReg  sccb.o
    0x080099e6   0x080099e6   0x00000002   PAD
    0x080099e8   0x080099e8   0x00000f8c   Code   RO          217    .text.SCCB_Start    sccb.o
    0x0800a974   0x0800a974   0x00000004   PAD
    0x0800a978   0x0800a978   0x000014a4   Code   RO          219    .text.SCCB_Stop     sccb.o
    0x0800be1c   0x0800be1c   0x00000004   PAD
    0x0800be20   0x0800be20   0x000014b2   Code   RO          225    .text.SCCB_WaitACK  sccb.o
    0x0800d2d2   0x0800d2d2   0x00000006   PAD
    0x0800d2d8   0x0800d2d8   0x00000aba   Code   RO          227    .text.SCCB_WriteByte  sccb.o
    0x0800dd92   0x0800dd92   0x00000006   PAD
    0x0800dd98   0x0800dd98   0x0000002a   Code   RO          233    .text.SCCB_WriteReg  sccb.o
    0x0800ddc2   0x0800ddc2   0x00000006   PAD
    0x0800ddc8   0x0800ddc8   0x000000d0   Code   RO         1188    .text.SPI_CloseTransfer  stm32h7xx_hal_spi.o
    0x0800de98   0x0800de98   0x00000918   Code   RO          140    .text.SPI_LCD_Init  lcd_spi_154.o
    0x0800e7b0   0x0800e7b0   0x00000002   Code   RO           40    .text.SVC_Handler   stm32h7xx_it.o
    0x0800e7b2   0x0800e7b2   0x00000006   PAD
    0x0800e7b8   0x0800e7b8   0x00000004   Code   RO           46    .text.SysTick_Handler  stm32h7xx_it.o
    0x0800e7bc   0x0800e7bc   0x00000004   PAD
    0x0800e7c0   0x0800e7c0   0x000000f0   Code   RO           17    .text.SystemClock_Config  main.o
    0x0800e8b0   0x0800e8b0   0x000000b0   Code   RO         1482    .text.SystemInit    system_stm32h7xx.o
    0x0800e960   0x0800e960   0x000000e0   Code   RO         1302    .text.UART_AdvFeatureConfig  stm32h7xx_hal_uart.o
    0x0800ea40   0x0800ea40   0x0000016e   Code   RO         1304    .text.UART_CheckIdleState  stm32h7xx_hal_uart.o
    0x0800ebae   0x0800ebae   0x00000002   PAD
    0x0800ebb0   0x0800ebb0   0x000001f4   Code   RO         1342    .text.UART_DMAError  stm32h7xx_hal_uart.o
    0x0800eda4   0x0800eda4   0x00000004   PAD
    0x0800eda8   0x0800eda8   0x000000ba   Code   RO         1338    .text.UART_DMATransmitCplt  stm32h7xx_hal_uart.o
    0x0800ee62   0x0800ee62   0x00000006   PAD
    0x0800ee68   0x0800ee68   0x00000006   Code   RO         1340    .text.UART_DMATxHalfCplt  stm32h7xx_hal_uart.o
    0x0800ee6e   0x0800ee6e   0x00000002   PAD
    0x0800ee70   0x0800ee70   0x000004a0   Code   RO         1300    .text.UART_SetConfig  stm32h7xx_hal_uart.o
    0x0800f310   0x0800f310   0x000002ea   Code   RO         1318    .text.UART_WaitOnFlagUntilTimeout  stm32h7xx_hal_uart.o
    0x0800f5fa   0x0800f5fa   0x00000006   PAD
    0x0800f600   0x0800f600   0x00000046   Code   RO           81    .text.USART1_DMA_Init  usart.o
    0x0800f646   0x0800f646   0x00000002   PAD
    0x0800f648   0x0800f648   0x00000050   Code   RO           79    .text.USART1_Init   usart.o
    0x0800f698   0x0800f698   0x00000002   Code   RO           38    .text.UsageFault_Handler  stm32h7xx_it.o
    0x0800f69a   0x0800f69a   0x00000006   PAD
    0x0800f6a0   0x0800f6a0   0x0000001e   Code   RO           89    .text.fputc         usart.o
    0x0800f6be   0x0800f6be   0x00000002   PAD
    0x0800f6c0   0x0800f6c0   0x00000328   Code   RO           13    .text.main          main.o
    0x0800f9e8   0x0800f9e8   0x00000020   Code   RO         1735    i.__0printf         mc_w.l(printfa.o)
    0x0800fa08   0x0800fa08   0x0000000e   Code   RO         1811    i.__scatterload_copy  mc_w.l(handlers.o)
    0x0800fa16   0x0800fa16   0x00000002   Code   RO         1812    i.__scatterload_null  mc_w.l(handlers.o)
    0x0800fa18   0x0800fa18   0x0000000e   Code   RO         1813    i.__scatterload_zeroinit  mc_w.l(handlers.o)
    0x0800fa26   0x0800fa26   0x00000002   PAD
    0x0800fa28   0x0800fa28   0x00000184   Code   RO         1742    i._fp_digits        mc_w.l(printfa.o)
    0x0800fbac   0x0800fbac   0x000006dc   Code   RO         1743    i._printf_core      mc_w.l(printfa.o)
    0x08010288   0x08010288   0x00000024   Code   RO         1744    i._printf_post_padding  mc_w.l(printfa.o)
    0x080102ac   0x080102ac   0x0000002e   Code   RO         1745    i._printf_pre_padding  mc_w.l(printfa.o)
    0x080102da   0x080102da   0x00000006   Data   RO         1431    .rodata..Lswitch.table.UART_SetConfig.7  stm32h7xx_hal_uart.o
    0x080102e0   0x080102e0   0x00000006   Data   RO         1432    .rodata..Lswitch.table.UART_SetConfig.9  stm32h7xx_hal_uart.o
    0x080102e6   0x080102e6   0x000011d0   Data   RO          114    .rodata.ASCII_2412_Table  lcd_fonts.o
    0x080114b6   0x080114b6   0x00000010   Data   RO         1486    .rodata.D1CorePrescTable  system_stm32h7xx.o
    0x080114c6   0x080114c6   0x00000160   Data   RO          303    .rodata.OV2640_SVGA_Config  dcmi_ov2640.o
    0x08011626   0x08011626   0x00000018   Data   RO         1430    .rodata.UARTPrescTable  stm32h7xx_hal_uart.o
    0x0801163e   0x0801163e   0x00000010   Data   RO         1473    .rodata.cst8        stm32h7xx_hal_uart_ex.o
    0x0801164e   0x0801164e   0x00000002   PAD
    0x08011650   0x08011650   0x00000020   Data   RO         1810    Region$$Table       anon$$obj.o


    Execution Region RW_IRAM1 (Exec base: 0x20000000, Load base: 0x08011670, Size: 0x000006f8, Max: 0x00020000, ABSOLUTE)

    Exec Addr    Load Addr    Size         Type   Attr      Idx    E Section Name        Object

    0x20000000   0x08011670   0x00000008   Data   RW          971    .data..L_MergedGlobals  stm32h7xx_hal.o
    0x20000008   0x08011678   0x00000008   Data   RW         1487    .data..L_MergedGlobals  system_stm32h7xx.o
    0x20000010   0x08011680   0x0000000c   Data   RW          119    .data.ASCII_Font24  lcd_fonts.o
    0x2000001c   0x0801168c   0x00000004   PAD
    0x20000020        -       0x00000018   Zero   RW          204    .bss..L_MergedGlobals  lcd_spi_154.o
    0x20000038        -       0x00000058   Zero   RW          306    .bss..L_MergedGlobals  dcmi_ov2640.o
    0x20000090        -       0x00000078   Zero   RW          305    .bss.DMA_Handle_dcmi  dcmi_ov2640.o
    0x20000108        -       0x00000001   Zero   RW           91    .bss.USART1_TxDone  usart.o
    0x20000109   0x0801168c   0x00000003   PAD
    0x2000010c        -       0x00000054   Zero   RW           94    .bss.__stdout       usart.o
    0x20000160        -       0x00000078   Zero   RW           93    .bss.hdma_usart1_tx  usart.o
    0x200001d8        -       0x00000088   Zero   RW          202    .bss.hspi6          lcd_spi_154.o
    0x20000260        -       0x00000094   Zero   RW           92    .bss.huart1         usart.o
    0x200002f4        -       0x00000004   Zero   RW          970    .bss.uwTick         stm32h7xx_hal.o
    0x200002f8        -       0x00000400   Zero   RW            1    STACK               startup_stm32h723xx.o


==============================================================================

Image component sizes


      Code (inc. data)   RO Data    RW Data    ZI Data      Debug   Object Name

      1374         68        352          0        208      16811   dcmi_ov2640.o
         0          0       4560         12          0       1480   lcd_fonts.o
      3406          0          0          0        160      38583   lcd_spi_154.o
        84          0          0          0          0       2817   led.o
      1048          0          0          0          0      10472   main.o
     30892          0          0          0          0      37075   sccb.o
        36          8        716          0       1024        816   startup_stm32h723xx.o
       258          0          0          8          4      15973   stm32h7xx_hal.o
       356          0          0          0          0      12127   stm32h7xx_hal_cortex.o
      1060          0          0          0          0       9416   stm32h7xx_hal_dcmi.o
      7788         98          0          0          0      18188   stm32h7xx_hal_dma.o
      1878          0          0          0          0       8726   stm32h7xx_hal_dma_ex.o
       442          0          0          0          0       6966   stm32h7xx_hal_gpio.o
        32          0          0          0          0       2196   stm32h7xx_hal_msp.o
        76          0          0          0          0       9672   stm32h7xx_hal_pwr_ex.o
      2472         24          0          0          0      11642   stm32h7xx_hal_rcc.o
      3898        144          0          0          0      20019   stm32h7xx_hal_rcc_ex.o
      1332          0          0          0          0      24117   stm32h7xx_hal_spi.o
      4074        332         36          0          0      42915   stm32h7xx_hal_uart.o
       334          0         16          0          0      11567   stm32h7xx_hal_uart_ex.o
        56          0          0          0          0       4576   stm32h7xx_it.o
       176          0         16          8          0       5239   system_stm32h7xx.o
       404          0          0          0        353      10579   usart.o

    ----------------------------------------------------------------------
     61844        686       5730         28       1756     321972   Object Totals
         0          0         32          0          0          0   (incl. Generated)
       368         12          2          0          7          0   (incl. Padding)

    ----------------------------------------------------------------------

      Code (inc. data)   RO Data    RW Data    ZI Data      Debug   Library Member Name

         0          0          0          0          0          0   entry.o
         0          0          0          0          0          0   entry10a.o
         0          0          0          0          0          0   entry11a.o
         8          4          0          0          0          0   entry2.o
         4          0          0          0          0          0   entry5.o
         0          0          0          0          0          0   entry7b.o
         0          0          0          0          0          0   entry8b.o
         8          4          0          0          0          0   entry9a.o
        30          0          0          0          0          0   handlers.o
        48         10          0          0          0         68   init.o
         0          0          0          0          0          0   iusefp.o
        30          0          0          0          0         68   llshl.o
        36          0          0          0          0         68   llsshr.o
        32          0          0          0          0         68   llushr.o
        36          0          0          0          0        108   memseta.o
      2258         90          0          0          0        452   printfa.o
        44          0          0          0          0         80   uidiv.o
        98          0          0          0          0         92   uldiv.o
        48          0          0          0          0         68   cdrcmple.o
       334          0          0          0          0        148   dadd.o
       222          0          0          0          0        100   ddiv.o
       186          0          0          0          0        176   depilogue.o
        48          0          0          0          0         68   dfixul.o
       228          0          0          0          0         96   dmul.o

    ----------------------------------------------------------------------
      3706        108          0          0          0       1660   Library Totals
         8          0          0          0          0          0   (incl. Padding)

    ----------------------------------------------------------------------

      Code (inc. data)   RO Data    RW Data    ZI Data      Debug   Library Name

      2632        108          0          0          0       1004   mc_w.l
      1066          0          0          0          0        656   mf_w.l

    ----------------------------------------------------------------------
      3706        108          0          0          0       1660   Library Totals

    ----------------------------------------------------------------------

==============================================================================


      Code (inc. data)   RO Data    RW Data    ZI Data      Debug   

     65550        794       5730         28       1756     322604   Grand Totals
     65550        794       5730         28       1756     322604   ELF Image Totals
     65550        794       5730         28          0          0   ROM Totals

==============================================================================

    Total RO  Size (Code + RO Data)                71280 (  69.61kB)
    Total RW  Size (RW Data + ZI Data)              1784 (   1.74kB)
    Total ROM Size (Code + RO Data + RW Data)      71308 (  69.64kB)

==============================================================================

