Component: Arm Compiler for Embedded 6.24 Tool: armlink [5f371500]

==============================================================================

Section Cross References

    startup_stm32h723xx.o(RESET) refers to startup_stm32h723xx.o(STACK) for __initial_sp
    startup_stm32h723xx.o(RESET) refers to startup_stm32h723xx.o(.text) for Reset_Handler
    startup_stm32h723xx.o(RESET) refers to stm32h7xx_it.o(.text.NMI_Handler) for NMI_Handler
    startup_stm32h723xx.o(RESET) refers to stm32h7xx_it.o(.text.HardFault_Handler) for HardFault_Handler
    startup_stm32h723xx.o(RESET) refers to stm32h7xx_it.o(.text.MemManage_Handler) for MemManage_Handler
    startup_stm32h723xx.o(RESET) refers to stm32h7xx_it.o(.text.BusFault_Handler) for BusFault_Handler
    startup_stm32h723xx.o(RESET) refers to stm32h7xx_it.o(.text.UsageFault_Handler) for UsageFault_Handler
    startup_stm32h723xx.o(RESET) refers to stm32h7xx_it.o(.text.SVC_Handler) for SVC_Handler
    startup_stm32h723xx.o(RESET) refers to stm32h7xx_it.o(.text.DebugMon_Handler) for DebugMon_Handler
    startup_stm32h723xx.o(RESET) refers to stm32h7xx_it.o(.text.PendSV_Handler) for PendSV_Handler
    startup_stm32h723xx.o(RESET) refers to stm32h7xx_it.o(.text.SysTick_Handler) for SysTick_Handler
    startup_stm32h723xx.o(RESET) refers to stm32h7xx_it.o(.text.DMA1_Stream0_IRQHandler) for DMA1_Stream0_IRQHandler
    startup_stm32h723xx.o(RESET) refers to stm32h7xx_it.o(.text.DMA2_Stream7_IRQHandler) for DMA2_Stream7_IRQHandler
    startup_stm32h723xx.o(RESET) refers to stm32h7xx_it.o(.text.DCMI_PSSI_IRQHandler) for DCMI_PSSI_IRQHandler
    startup_stm32h723xx.o(.text) refers to system_stm32h7xx.o(.text.SystemInit) for SystemInit
    startup_stm32h723xx.o(.text) refers to entry.o(.ARM.Collect$$$$00000000) for __main
    main.o(.text.main) refers to stm32h7xx_hal_cortex.o(.text.HAL_MPU_Disable) for HAL_MPU_Disable
    main.o(.text.main) refers to stm32h7xx_hal_cortex.o(.text.HAL_MPU_ConfigRegion) for HAL_MPU_ConfigRegion
    main.o(.text.main) refers to stm32h7xx_hal_cortex.o(.text.HAL_MPU_Enable) for HAL_MPU_Enable
    main.o(.text.main) refers to stm32h7xx_hal.o(.text.HAL_Init) for HAL_Init
    main.o(.text.main) refers to main.o(.text.SystemClock_Config) for SystemClock_Config
    main.o(.text.main) refers to led.o(.text.LED_Init) for LED_Init
    main.o(.text.main) refers to usart.o(.text.USART1_Init) for USART1_Init
    main.o(.text.main) refers to lcd.o(.text.LCD_Init) for LCD_Init
    main.o(.text.main) refers to dcmi_ov2640.o(.text.DCMI_OV2640_Init) for DCMI_OV2640_Init
    main.o(.text.main) refers to dcmi_ov2640.o(.text.OV2640_DMA_Transmit_Continuous) for OV2640_DMA_Transmit_Continuous
    main.o(.text.main) refers to dcmi_ov2640.o(.bss..L_MergedGlobals) for DCMI_FrameState
    main.o(.text.main) refers to lcd.o(.text.LCD_DrawBuffer) for LCD_DrawBuffer
    main.o(.ARM.exidx.text.main) refers to main.o(.text.main) for [Anonymous Symbol]
    main.o(.text.MPU_Config) refers to stm32h7xx_hal_cortex.o(.text.HAL_MPU_Disable) for HAL_MPU_Disable
    main.o(.text.MPU_Config) refers to stm32h7xx_hal_cortex.o(.text.HAL_MPU_ConfigRegion) for HAL_MPU_ConfigRegion
    main.o(.text.MPU_Config) refers to stm32h7xx_hal_cortex.o(.text.HAL_MPU_Enable) for HAL_MPU_Enable
    main.o(.ARM.exidx.text.MPU_Config) refers to main.o(.text.MPU_Config) for [Anonymous Symbol]
    main.o(.text.SystemClock_Config) refers to memseta.o(.text) for __aeabi_memclr4
    main.o(.text.SystemClock_Config) refers to stm32h7xx_hal_pwr_ex.o(.text.HAL_PWREx_ConfigSupply) for HAL_PWREx_ConfigSupply
    main.o(.text.SystemClock_Config) refers to stm32h7xx_hal_rcc.o(.text.HAL_RCC_OscConfig) for HAL_RCC_OscConfig
    main.o(.text.SystemClock_Config) refers to stm32h7xx_hal_rcc.o(.text.HAL_RCC_ClockConfig) for HAL_RCC_ClockConfig
    main.o(.ARM.exidx.text.SystemClock_Config) refers to main.o(.text.SystemClock_Config) for [Anonymous Symbol]
    main.o(.ARM.exidx.text.Error_Handler) refers to main.o(.text.Error_Handler) for [Anonymous Symbol]
    stm32h7xx_it.o(.ARM.exidx.text.NMI_Handler) refers to stm32h7xx_it.o(.text.NMI_Handler) for [Anonymous Symbol]
    stm32h7xx_it.o(.ARM.exidx.text.HardFault_Handler) refers to stm32h7xx_it.o(.text.HardFault_Handler) for [Anonymous Symbol]
    stm32h7xx_it.o(.ARM.exidx.text.MemManage_Handler) refers to stm32h7xx_it.o(.text.MemManage_Handler) for [Anonymous Symbol]
    stm32h7xx_it.o(.ARM.exidx.text.BusFault_Handler) refers to stm32h7xx_it.o(.text.BusFault_Handler) for [Anonymous Symbol]
    stm32h7xx_it.o(.ARM.exidx.text.UsageFault_Handler) refers to stm32h7xx_it.o(.text.UsageFault_Handler) for [Anonymous Symbol]
    stm32h7xx_it.o(.ARM.exidx.text.SVC_Handler) refers to stm32h7xx_it.o(.text.SVC_Handler) for [Anonymous Symbol]
    stm32h7xx_it.o(.ARM.exidx.text.DebugMon_Handler) refers to stm32h7xx_it.o(.text.DebugMon_Handler) for [Anonymous Symbol]
[...]
    Removing stm32h7xx_hal_uart.o(.text.HAL_UART_AbortTransmitCpltCallback), (2 bytes).
    Removing stm32h7xx_hal_uart.o(.ARM.exidx.text.HAL_UART_AbortTransmitCpltCallback), (8 bytes).
    Removing stm32h7xx_hal_uart.o(.text.HAL_UART_AbortReceive_IT), (438 bytes).
    Removing stm32h7xx_hal_uart.o(.ARM.exidx.text.HAL_UART_AbortReceive_IT), (8 bytes).
    Removing stm32h7xx_hal_uart.o(.text.UART_DMARxOnlyAbortCallback), (34 bytes).
    Removing stm32h7xx_hal_uart.o(.ARM.exidx.text.UART_DMARxOnlyAbortCallback), (8 bytes).
    Removing stm32h7xx_hal_uart.o(.text.HAL_UART_AbortReceiveCpltCallback), (2 bytes).
    Removing stm32h7xx_hal_uart.o(.ARM.exidx.text.HAL_UART_AbortReceiveCpltCallback), (8 bytes).
    Removing stm32h7xx_hal_uart.o(.text.HAL_UART_IRQHandler), (1650 bytes).
    Removing stm32h7xx_hal_uart.o(.ARM.exidx.text.HAL_UART_IRQHandler), (8 bytes).
    Removing stm32h7xx_hal_uart.o(.text.UART_DMAAbortOnError), (16 bytes).
    Removing stm32h7xx_hal_uart.o(.ARM.exidx.text.UART_DMAAbortOnError), (8 bytes).
    Removing stm32h7xx_hal_uart.o(.text.HAL_UART_ErrorCallback), (2 bytes).
    Removing stm32h7xx_hal_uart.o(.ARM.exidx.text.HAL_UART_ErrorCallback), (8 bytes).
    Removing stm32h7xx_hal_uart.o(.text.HAL_UARTEx_RxEventCallback), (2 bytes).
    Removing stm32h7xx_hal_uart.o(.ARM.exidx.text.HAL_UARTEx_RxEventCallback), (8 bytes).
    Removing stm32h7xx_hal_uart.o(.text.HAL_UART_TxCpltCallback), (2 bytes).
    Removing stm32h7xx_hal_uart.o(.ARM.exidx.text.HAL_UART_TxCpltCallback), (8 bytes).
    Removing stm32h7xx_hal_uart.o(.text.HAL_UART_TxHalfCpltCallback), (2 bytes).
    Removing stm32h7xx_hal_uart.o(.ARM.exidx.text.HAL_UART_TxHalfCpltCallback), (8 bytes).
    Removing stm32h7xx_hal_uart.o(.text.HAL_UART_RxCpltCallback), (2 bytes).
    Removing stm32h7xx_hal_uart.o(.ARM.exidx.text.HAL_UART_RxCpltCallback), (8 bytes).
    Removing stm32h7xx_hal_uart.o(.text.HAL_UART_RxHalfCpltCallback), (2 bytes).
    Removing stm32h7xx_hal_uart.o(.ARM.exidx.text.HAL_UART_RxHalfCpltCallback), (8 bytes).
    Removing stm32h7xx_hal_uart.o(.text.HAL_UART_ReceiverTimeout_Config), (28 bytes).
    Removing stm32h7xx_hal_uart.o(.ARM.exidx.text.HAL_UART_ReceiverTimeout_Config), (8 bytes).
    Removing stm32h7xx_hal_uart.o(.text.HAL_UART_EnableReceiverTimeout), (70 bytes).
    Removing stm32h7xx_hal_uart.o(.ARM.exidx.text.HAL_UART_EnableReceiverTimeout), (8 bytes).
    Removing stm32h7xx_hal_uart.o(.text.HAL_UART_DisableReceiverTimeout), (70 bytes).
    Removing stm32h7xx_hal_uart.o(.ARM.exidx.text.HAL_UART_DisableReceiverTimeout), (8 bytes).
    Removing stm32h7xx_hal_uart.o(.text.HAL_MultiProcessor_EnableMuteMode), (114 bytes).
    Removing stm32h7xx_hal_uart.o(.ARM.exidx.text.HAL_MultiProcessor_EnableMuteMode), (8 bytes).
    Removing stm32h7xx_hal_uart.o(.text.HAL_MultiProcessor_DisableMuteMode), (114 bytes).
    Removing stm32h7xx_hal_uart.o(.ARM.exidx.text.HAL_MultiProcessor_DisableMuteMode), (8 bytes).
    Removing stm32h7xx_hal_uart.o(.text.HAL_MultiProcessor_EnterMuteMode), (12 bytes).
    Removing stm32h7xx_hal_uart.o(.ARM.exidx.text.HAL_MultiProcessor_EnterMuteMode), (8 bytes).
    Removing stm32h7xx_hal_uart.o(.text.HAL_HalfDuplex_EnableTransmitter), (200 bytes).
    Removing stm32h7xx_hal_uart.o(.ARM.exidx.text.HAL_HalfDuplex_EnableTransmitter), (8 bytes).
    Removing stm32h7xx_hal_uart.o(.text.HAL_HalfDuplex_EnableReceiver), (200 bytes).
    Removing stm32h7xx_hal_uart.o(.ARM.exidx.text.HAL_HalfDuplex_EnableReceiver), (8 bytes).
    Removing stm32h7xx_hal_uart.o(.text.HAL_LIN_SendBreak), (44 bytes).
    Removing stm32h7xx_hal_uart.o(.ARM.exidx.text.HAL_LIN_SendBreak), (8 bytes).
    Removing stm32h7xx_hal_uart.o(.text.HAL_UART_GetState), (12 bytes).
    Removing stm32h7xx_hal_uart.o(.ARM.exidx.text.HAL_UART_GetState), (8 bytes).
    Removing stm32h7xx_hal_uart.o(.text.HAL_UART_GetError), (6 bytes).
    Removing stm32h7xx_hal_uart.o(.ARM.exidx.text.HAL_UART_GetError), (8 bytes).
    Removing stm32h7xx_hal_uart.o(.text.UART_RxISR_16BIT_FIFOEN), (816 bytes).
    Removing stm32h7xx_hal_uart.o(.ARM.exidx.text.UART_RxISR_16BIT_FIFOEN), (8 bytes).
    Removing stm32h7xx_hal_uart.o(.text.UART_RxISR_8BIT_FIFOEN), (820 bytes).
    Removing stm32h7xx_hal_uart.o(.ARM.exidx.text.UART_RxISR_8BIT_FIFOEN), (8 bytes).
    Removing stm32h7xx_hal_uart.o(.text.UART_RxISR_16BIT), (452 bytes).
    Removing stm32h7xx_hal_uart.o(.ARM.exidx.text.UART_RxISR_16BIT), (8 bytes).
    Removing stm32h7xx_hal_uart.o(.text.UART_RxISR_8BIT), (456 bytes).
    Removing stm32h7xx_hal_uart.o(.ARM.exidx.text.UART_RxISR_8BIT), (8 bytes).
    Removing stm32h7xx_hal_uart.o(.text.UART_DMAReceiveCplt), (376 bytes).
    Removing stm32h7xx_hal_uart.o(.ARM.exidx.text.UART_DMAReceiveCplt), (8 bytes).
    Removing stm32h7xx_hal_uart.o(.text.UART_DMARxHalfCplt), (28 bytes).
    Removing stm32h7xx_hal_uart.o(.ARM.exidx.text.UART_DMARxHalfCplt), (8 bytes).
    Removing stm32h7xx_hal_uart_ex.o(.text), (0 bytes).
    Removing stm32h7xx_hal_uart_ex.o(.text.HAL_RS485Ex_Init), (130 bytes).
    Removing stm32h7xx_hal_uart_ex.o(.ARM.exidx.text.HAL_RS485Ex_Init), (8 bytes).
    Removing stm32h7xx_hal_uart_ex.o(.text.HAL_UARTEx_WakeupCallback), (2 bytes).
    Removing stm32h7xx_hal_uart_ex.o(.ARM.exidx.text.HAL_UARTEx_WakeupCallback), (8 bytes).
    Removing stm32h7xx_hal_uart_ex.o(.text.HAL_UARTEx_RxFifoFullCallback), (2 bytes).
    Removing stm32h7xx_hal_uart_ex.o(.ARM.exidx.text.HAL_UARTEx_RxFifoFullCallback), (8 bytes).
    Removing stm32h7xx_hal_uart_ex.o(.text.HAL_UARTEx_TxFifoEmptyCallback), (2 bytes).
    Removing stm32h7xx_hal_uart_ex.o(.ARM.exidx.text.HAL_UARTEx_TxFifoEmptyCallback), (8 bytes).
    Removing stm32h7xx_hal_uart_ex.o(.text.HAL_MultiProcessorEx_AddressLength_Set), (44 bytes).
    Removing stm32h7xx_hal_uart_ex.o(.ARM.exidx.text.HAL_MultiProcessorEx_AddressLength_Set), (8 bytes).
    Removing stm32h7xx_hal_uart_ex.o(.text.HAL_UARTEx_StopModeWakeUpSourceConfig), (144 bytes).
    Removing stm32h7xx_hal_uart_ex.o(.ARM.exidx.text.HAL_UARTEx_StopModeWakeUpSourceConfig), (8 bytes).
    Removing stm32h7xx_hal_uart_ex.o(.text.HAL_UARTEx_EnableStopMode), (108 bytes).
    Removing stm32h7xx_hal_uart_ex.o(.ARM.exidx.text.HAL_UARTEx_EnableStopMode), (8 bytes).
    Removing stm32h7xx_hal_uart_ex.o(.text.HAL_UARTEx_DisableStopMode), (108 bytes).
    Removing stm32h7xx_hal_uart_ex.o(.ARM.exidx.text.HAL_UARTEx_DisableStopMode), (8 bytes).
    Removing stm32h7xx_hal_uart_ex.o(.text.HAL_UARTEx_EnableFifoMode), (122 bytes).
    Removing stm32h7xx_hal_uart_ex.o(.ARM.exidx.text.HAL_UARTEx_EnableFifoMode), (8 bytes).
    Removing stm32h7xx_hal_uart_ex.o(.ARM.exidx.text.HAL_UARTEx_DisableFifoMode), (8 bytes).
    Removing stm32h7xx_hal_uart_ex.o(.ARM.exidx.text.HAL_UARTEx_SetTxFifoThreshold), (8 bytes).
    Removing stm32h7xx_hal_uart_ex.o(.ARM.exidx.text.HAL_UARTEx_SetRxFifoThreshold), (8 bytes).
    Removing stm32h7xx_hal_uart_ex.o(.text.HAL_UARTEx_ReceiveToIdle), (448 bytes).
    Removing stm32h7xx_hal_uart_ex.o(.ARM.exidx.text.HAL_UARTEx_ReceiveToIdle), (8 bytes).
    Removing stm32h7xx_hal_uart_ex.o(.text.HAL_UARTEx_ReceiveToIdle_IT), (152 bytes).
    Removing stm32h7xx_hal_uart_ex.o(.ARM.exidx.text.HAL_UARTEx_ReceiveToIdle_IT), (8 bytes).
    Removing stm32h7xx_hal_uart_ex.o(.text.HAL_UARTEx_ReceiveToIdle_DMA), (152 bytes).
    Removing stm32h7xx_hal_uart_ex.o(.ARM.exidx.text.HAL_UARTEx_ReceiveToIdle_DMA), (8 bytes).
    Removing stm32h7xx_hal_uart_ex.o(.text.HAL_UARTEx_GetRxEventType), (4 bytes).
    Removing stm32h7xx_hal_uart_ex.o(.ARM.exidx.text.HAL_UARTEx_GetRxEventType), (8 bytes).
    Removing system_stm32h7xx.o(.text), (0 bytes).
    Removing system_stm32h7xx.o(.ARM.exidx.text.SystemInit), (8 bytes).
    Removing system_stm32h7xx.o(.text.SystemCoreClockUpdate), (304 bytes).
    Removing system_stm32h7xx.o(.ARM.exidx.text.SystemCoreClockUpdate), (8 bytes).
    Removing lcd.o(.text), (0 bytes).
    Removing lcd.o(.text.LCD_WR_DATA), (74 bytes).
    Removing lcd.o(.ARM.exidx.text.LCD_WR_DATA), (8 bytes).
    Removing lcd.o(.text.LCD_WriteReg), (128 bytes).
    Removing lcd.o(.ARM.exidx.text.LCD_WriteReg), (8 bytes).
    Removing lcd.o(.text.LCD_WriteRAM_Prepare), (82 bytes).
    Removing lcd.o(.ARM.exidx.text.LCD_WriteRAM_Prepare), (8 bytes).
    Removing lcd.o(.text.Lcd_WriteData_16Bit), (74 bytes).
    Removing lcd.o(.ARM.exidx.text.Lcd_WriteData_16Bit), (8 bytes).
    Removing lcd.o(.text.LCD_DrawPoint), (94 bytes).
    Removing lcd.o(.ARM.exidx.text.LCD_DrawPoint), (8 bytes).
    Removing lcd.o(.text.LCD_SetCursor), (8 bytes).
    Removing lcd.o(.ARM.exidx.text.LCD_SetCursor), (8 bytes).
    Removing lcd.o(.ARM.exidx.text.LCD_Clear), (8 bytes).
    Removing lcd.o(.ARM.exidx.text.LCD_SetWindows), (8 bytes).
    Removing lcd.o(.text.LCD_Fill), (100 bytes).
    Removing lcd.o(.ARM.exidx.text.LCD_Fill), (8 bytes).
    Removing lcd.o(.ARM.exidx.text.LCD_DrawBuffer), (8 bytes).
    Removing lcd.o(.text.LCD_DrawLine), (370 bytes).
    Removing lcd.o(.ARM.exidx.text.LCD_DrawLine), (8 bytes).
    Removing lcd.o(.text.LCD_DrawRectangle), (60 bytes).
    Removing lcd.o(.ARM.exidx.text.LCD_DrawRectangle), (8 bytes).
    Removing lcd.o(.ARM.exidx.text.LCD_direction), (8 bytes).
    Removing lcd.o(.ARM.exidx.text.LCD_Init), (8 bytes).
    Removing lcd.o(.bss.POINT_COLOR), (2 bytes).
    Removing lcd.o(.data.BACK_COLOR), (2 bytes).
    Removing lcd_spi.o(.text), (0 bytes).
    Removing lcd_spi.o(.ARM.exidx.text.LCD_SPI_Init), (8 bytes).
    Removing dadd.o(.text), (334 bytes).
    Removing dmul.o(.text), (228 bytes).
    Removing ddiv.o(.text), (222 bytes).
    Removing dfixul.o(.text), (48 bytes).
    Removing cdrcmple.o(.text), (48 bytes).
    Removing depilogue.o(.text), (186 bytes).

1103 unused section(s) (total 72817 bytes) removed from the image.

==============================================================================

Image Symbol Table

    Local Symbols

    Symbol Name                              Value     Ov Type        Size  Object(Section)

    ../clib/division.s                       0x00000000   Number         0  aeabi_sdiv.o ABSOLUTE
    ../clib/microlib/division.c              0x00000000   Number         0  uldiv.o ABSOLUTE
    ../clib/microlib/division.c              0x00000000   Number         0  uidiv.o ABSOLUTE
    ../clib/microlib/init/entry.s            0x00000000   Number         0  entry.o ABSOLUTE
    ../clib/microlib/init/entry.s            0x00000000   Number         0  entry2.o ABSOLUTE
    ../clib/microlib/init/entry.s            0x00000000   Number         0  entry5.o ABSOLUTE
    ../clib/microlib/init/entry.s            0x00000000   Number         0  entry7a.o ABSOLUTE
    ../clib/microlib/init/entry.s            0x00000000   Number         0  entry7b.o ABSOLUTE
    ../clib/microlib/init/entry.s            0x00000000   Number         0  entry8a.o ABSOLUTE
    ../clib/microlib/init/entry.s            0x00000000   Number         0  entry8b.o ABSOLUTE
    ../clib/microlib/init/entry.s            0x00000000   Number         0  entry9a.o ABSOLUTE
    ../clib/microlib/init/entry.s            0x00000000   Number         0  entry9b.o ABSOLUTE
    ../clib/microlib/init/entry.s            0x00000000   Number         0  entry10a.o ABSOLUTE
    ../clib/microlib/init/entry.s            0x00000000   Number         0  entry10b.o ABSOLUTE
    ../clib/microlib/init/entry.s            0x00000000   Number         0  entry11a.o ABSOLUTE
    ../clib/microlib/init/entry.s            0x00000000   Number         0  entry11b.o ABSOLUTE
    ../clib/microlib/longlong.c              0x00000000   Number         0  llshl.o ABSOLUTE
    ../clib/microlib/longlong.c              0x00000000   Number         0  llushr.o ABSOLUTE
    ../clib/microlib/longlong.c              0x00000000   Number         0  llsshr.o ABSOLUTE
    ../clib/microlib/printf/printf.c         0x00000000   Number         0  printfb.o ABSOLUTE
    ../clib/microlib/printf/printf.c         0x00000000   Number         0  printf0.o ABSOLUTE
    ../clib/microlib/printf/printf.c         0x00000000   Number         0  printf1.o ABSOLUTE
    ../clib/microlib/printf/printf.c         0x00000000   Number         0  printf2.o ABSOLUTE
    ../clib/microlib/printf/printf.c         0x00000000   Number         0  printf3.o ABSOLUTE
    ../clib/microlib/printf/printf.c         0x00000000   Number         0  printf4.o ABSOLUTE
    ../clib/microlib/printf/printf.c         0x00000000   Number         0  printf5.o ABSOLUTE
    ../clib/microlib/printf/printf.c         0x00000000   Number         0  printf6.o ABSOLUTE
    ../clib/microlib/printf/printf.c         0x00000000   Number         0  printf7.o ABSOLUTE
    ../clib/microlib/printf/printf.c         0x00000000   Number         0  printf8.o ABSOLUTE
    ../clib/microlib/printf/printf.c         0x00000000   Number         0  printfa.o ABSOLUTE
    ../clib/microlib/printf/stubs.s          0x00000000   Number         0  printfstubs.o ABSOLUTE
    ../clib/microlib/string/memset.c         0x00000000   Number         0  memseta.o ABSOLUTE
    ../clib/microlib/stubs.s                 0x00000000   Number         0  useno.o ABSOLUTE
    ../clib/microlib/stubs.s                 0x00000000   Number         0  iusefp.o ABSOLUTE
    ../fplib/microlib/fpadd.c                0x00000000   Number         0  dadd.o ABSOLUTE
    ../fplib/microlib/fpdiv.c                0x00000000   Number         0  ddiv.o ABSOLUTE
    ../fplib/microlib/fpepilogue.c           0x00000000   Number         0  depilogue.o ABSOLUTE
    ../fplib/microlib/fpfix.c                0x00000000   Number         0  dfixul.o ABSOLUTE
    ../fplib/microlib/fpmul.c                0x00000000   Number         0  dmul.o ABSOLUTE
    cdrcmple.s                               0x00000000   Number         0  cdrcmple.o ABSOLUTE
    dc.s                                     0x00000000   Number         0  dc.o ABSOLUTE
    dcmi_ov2640.c                            0x00000000   Number         0  dcmi_ov2640.o ABSOLUTE
    handlers.s                               0x00000000   Number         0  handlers.o ABSOLUTE
    init.s                                   0x00000000   Number         0  init.o ABSOLUTE
    lcd.c                                    0x00000000   Number         0  lcd.o ABSOLUTE
    lcd_spi.c                                0x00000000   Number         0  lcd_spi.o ABSOLUTE
    led.c                                    0x00000000   Number         0  led.o ABSOLUTE
    main.c                                   0x00000000   Number         0  main.o ABSOLUTE
    sccb.c                                   0x00000000   Number         0  sccb.o ABSOLUTE
    startup_stm32h723xx.s                    0x00000000   Number         0  startup_stm32h723xx.o ABSOLUTE
    stm32h7xx_hal.c                          0x00000000   Number         0  stm32h7xx_hal.o ABSOLUTE
    stm32h7xx_hal_cortex.c                   0x00000000   Number         0  stm32h7xx_hal_cortex.o ABSOLUTE
    stm32h7xx_hal_dcmi.c                     0x00000000   Number         0  stm32h7xx_hal_dcmi.o ABSOLUTE
    stm32h7xx_hal_dma.c                      0x00000000   Number         0  stm32h7xx_hal_dma.o ABSOLUTE
    stm32h7xx_hal_dma_ex.c                   0x00000000   Number         0  stm32h7xx_hal_dma_ex.o ABSOLUTE
    stm32h7xx_hal_exti.c                     0x00000000   Number         0  stm32h7xx_hal_exti.o ABSOLUTE
    stm32h7xx_hal_flash.c                    0x00000000   Number         0  stm32h7xx_hal_flash.o ABSOLUTE
    stm32h7xx_hal_flash_ex.c                 0x00000000   Number         0  stm32h7xx_hal_flash_ex.o ABSOLUTE
    stm32h7xx_hal_gpio.c                     0x00000000   Number         0  stm32h7xx_hal_gpio.o ABSOLUTE
    stm32h7xx_hal_hsem.c                     0x00000000   Number         0  stm32h7xx_hal_hsem.o ABSOLUTE
    stm32h7xx_hal_i2c.c                      0x00000000   Number         0  stm32h7xx_hal_i2c.o ABSOLUTE
    stm32h7xx_hal_i2c_ex.c                   0x00000000   Number         0  stm32h7xx_hal_i2c_ex.o ABSOLUTE
    stm32h7xx_hal_mdma.c                     0x00000000   Number         0  stm32h7xx_hal_mdma.o ABSOLUTE
    stm32h7xx_hal_msp.c                      0x00000000   Number         0  stm32h7xx_hal_msp.o ABSOLUTE
    stm32h7xx_hal_pwr.c                      0x00000000   Number         0  stm32h7xx_hal_pwr.o ABSOLUTE
    stm32h7xx_hal_pwr_ex.c                   0x00000000   Number         0  stm32h7xx_hal_pwr_ex.o ABSOLUTE
    stm32h7xx_hal_rcc.c                      0x00000000   Number         0  stm32h7xx_hal_rcc.o ABSOLUTE
    stm32h7xx_hal_rcc_ex.c                   0x00000000   Number         0  stm32h7xx_hal_rcc_ex.o ABSOLUTE
    stm32h7xx_hal_spi.c                      0x00000000   Number         0  stm32h7xx_hal_spi.o ABSOLUTE
    stm32h7xx_hal_spi_ex.c                   0x00000000   Number         0  stm32h7xx_hal_spi_ex.o ABSOLUTE
    stm32h7xx_hal_tim.c                      0x00000000   Number         0  stm32h7xx_hal_tim.o ABSOLUTE
    stm32h7xx_hal_tim_ex.c                   0x00000000   Number         0  stm32h7xx_hal_tim_ex.o ABSOLUTE
    stm32h7xx_hal_uart.c                     0x00000000   Number         0  stm32h7xx_hal_uart.o ABSOLUTE
    stm32h7xx_hal_uart_ex.c                  0x00000000   Number         0  stm32h7xx_hal_uart_ex.o ABSOLUTE
    stm32h7xx_it.c                           0x00000000   Number         0  stm32h7xx_it.o ABSOLUTE
    system_stm32h7xx.c                       0x00000000   Number         0  system_stm32h7xx.o ABSOLUTE
    usart.c                                  0x00000000   Number         0  usart.o ABSOLUTE
    RESET                                    0x08000000   Section      716  startup_stm32h723xx.o(RESET)
    .ARM.Collect$$$$00000000                 0x080002cc   Section        0  entry.o(.ARM.Collect$$$$00000000)
    .ARM.Collect$$$$00000001                 0x080002cc   Section        4  entry2.o(.ARM.Collect$$$$00000001)
    .ARM.Collect$$$$00000004                 0x080002d0   Section        4  entry5.o(.ARM.Collect$$$$00000004)
    .ARM.Collect$$$$00000008                 0x080002d4   Section        0  entry7b.o(.ARM.Collect$$$$00000008)
    .ARM.Collect$$$$0000000A                 0x080002d4   Section        0  entry8b.o(.ARM.Collect$$$$0000000A)
    .ARM.Collect$$$$0000000B                 0x080002d4   Section        8  entry9a.o(.ARM.Collect$$$$0000000B)
    __lit__00000000                          0x080002dc   Data           4  entry2.o(.ARM.Collect$$$$00002712)
    .ARM.Collect$$$$0000000D                 0x080002dc   Section        0  entry10a.o(.ARM.Collect$$$$0000000D)
    .ARM.Collect$$$$0000000F                 0x080002dc   Section        0  entry11a.o(.ARM.Collect$$$$0000000F)
    .ARM.Collect$$$$00002712                 0x080002dc   Section        4  entry2.o(.ARM.Collect$$$$00002712)
    $v0                                      0x080002e0   Number         0  startup_stm32h723xx.o(.text)
    .text                                    0x080002e0   Section       36  startup_stm32h723xx.o(.text)
    .text                                    0x08000304   Section        0  uldiv.o(.text)
    .text                                    0x08000366   Section        0  memseta.o(.text)
    .text                                    0x0800038a   Section        0  llshl.o(.text)
    .text                                    0x080003a8   Section        0  llushr.o(.text)
    .text                                    0x080003c8   Section       48  init.o(.text)
    [Anonymous Symbol]                       0x080003f8   Section        0  stm32h7xx_it.o(.text.BusFault_Handler)
    DCMI_DMAError                            0x08000401   Thumb Code    28  stm32h7xx_hal_dcmi.o(.text.DCMI_DMAError)
    [Anonymous Symbol]                       0x08000400   Section        0  stm32h7xx_hal_dcmi.o(.text.DCMI_DMAError)
    DCMI_DMAXferCplt                         0x08000421   Thumb Code   150  stm32h7xx_hal_dcmi.o(.text.DCMI_DMAXferCplt)
    [Anonymous Symbol]                       0x08000420   Section        0  stm32h7xx_hal_dcmi.o(.text.DCMI_DMAXferCplt)
    [Anonymous Symbol]                       0x080004b8   Section        0  dcmi_ov2640.o(.text.DCMI_OV2640_Init)
    [Anonymous Symbol]                       0x08000658   Section        0  stm32h7xx_it.o(.text.DCMI_PSSI_IRQHandler)
    [Anonymous Symbol]                       0x08000668   Section        0  stm32h7xx_it.o(.text.DMA1_Stream0_IRQHandler)
    [Anonymous Symbol]                       0x08000678   Section        0  stm32h7xx_it.o(.text.DMA2_Stream7_IRQHandler)
    DMA_CalcBaseAndBitshift                  0x08000689   Thumb Code   288  stm32h7xx_hal_dma.o(.text.DMA_CalcBaseAndBitshift)
    [Anonymous Symbol]                       0x08000688   Section        0  stm32h7xx_hal_dma.o(.text.DMA_CalcBaseAndBitshift)
    DMA_CalcBaseAndBitshift.flagBitshiftOffset 0x080007a8   Number         0  stm32h7xx_hal_dma.o(.text.DMA_CalcBaseAndBitshift)
    DMA_MultiBufferSetConfig                 0x080007b1   Thumb Code   282  stm32h7xx_hal_dma_ex.o(.text.DMA_MultiBufferSetConfig)
    [Anonymous Symbol]                       0x080007b0   Section        0  stm32h7xx_hal_dma_ex.o(.text.DMA_MultiBufferSetConfig)
    DMA_SetConfig                            0x080008d1   Thumb Code   776  stm32h7xx_hal_dma.o(.text.DMA_SetConfig)
    [Anonymous Symbol]                       0x080008d0   Section        0  stm32h7xx_hal_dma.o(.text.DMA_SetConfig)
    [Anonymous Symbol]                       0x08000bd8   Section        0  stm32h7xx_it.o(.text.DebugMon_Handler)
    [Anonymous Symbol]                       0x08000be0   Section        0  stm32h7xx_hal_dcmi.o(.text.HAL_DCMI_ConfigCrop)
    [Anonymous Symbol]                       0x08000c28   Section        0  stm32h7xx_hal_dcmi.o(.text.HAL_DCMI_EnableCrop)
    [Anonymous Symbol]                       0x08000c58   Section        0  dcmi_ov2640.o(.text.HAL_DCMI_ErrorCallback)
    [Anonymous Symbol]                       0x08000c90   Section        0  dcmi_ov2640.o(.text.HAL_DCMI_FrameEventCallback)
    [Anonymous Symbol]                       0x08000cc8   Section        0  stm32h7xx_hal_dcmi.o(.text.HAL_DCMI_GetError)
    [Anonymous Symbol]                       0x08000cd0   Section        0  stm32h7xx_hal_dcmi.o(.text.HAL_DCMI_IRQHandler)
    [Anonymous Symbol]                       0x08000d78   Section        0  stm32h7xx_hal_dcmi.o(.text.HAL_DCMI_Init)
    [Anonymous Symbol]                       0x08000e20   Section        0  stm32h7xx_hal_dcmi.o(.text.HAL_DCMI_LineEventCallback)
    [Anonymous Symbol]                       0x08000e28   Section        0  dcmi_ov2640.o(.text.HAL_DCMI_MspInit)
    [Anonymous Symbol]                       0x08000f88   Section        0  stm32h7xx_hal_dcmi.o(.text.HAL_DCMI_Start_DMA)
    [Anonymous Symbol]                       0x080010b0   Section        0  stm32h7xx_hal_dcmi.o(.text.HAL_DCMI_VsyncEventCallback)
    [Anonymous Symbol]                       0x080010b8   Section        0  stm32h7xx_hal_dma_ex.o(.text.HAL_DMAEx_ChangeMemory)
    [Anonymous Symbol]                       0x080010c8   Section        0  stm32h7xx_hal_dma_ex.o(.text.HAL_DMAEx_MultiBufferStart_IT)
    [Anonymous Symbol]                       0x080016f8   Section        0  stm32h7xx_hal_dma.o(.text.HAL_DMA_Abort_IT)
    [Anonymous Symbol]                       0x080019b0   Section        0  stm32h7xx_hal_dma.o(.text.HAL_DMA_IRQHandler)
    [Anonymous Symbol]                       0x080021c8   Section        0  stm32h7xx_hal_dma.o(.text.HAL_DMA_Init)
    [Anonymous Symbol]                       0x08002868   Section        0  stm32h7xx_hal_dma.o(.text.HAL_DMA_Start_IT)
    [Anonymous Symbol]                       0x08002c18   Section        0  stm32h7xx_hal.o(.text.HAL_Delay)
    [Anonymous Symbol]                       0x08002c40   Section        0  stm32h7xx_hal_gpio.o(.text.HAL_GPIO_Init)
    [Anonymous Symbol]                       0x08002de8   Section        0  stm32h7xx_hal_gpio.o(.text.HAL_GPIO_ReadPin)
    [Anonymous Symbol]                       0x08002df8   Section        0  stm32h7xx_hal_gpio.o(.text.HAL_GPIO_WritePin)
    [Anonymous Symbol]                       0x08002e08   Section        0  stm32h7xx_hal.o(.text.HAL_GetTick)
    [Anonymous Symbol]                       0x08002e18   Section        0  stm32h7xx_hal.o(.text.HAL_IncTick)
    [Anonymous Symbol]                       0x08002e38   Section        0  stm32h7xx_hal.o(.text.HAL_Init)
    [Anonymous Symbol]                       0x08002ea0   Section        0  stm32h7xx_hal.o(.text.HAL_InitTick)
    [Anonymous Symbol]                       0x08002ef0   Section        0  stm32h7xx_hal_cortex.o(.text.HAL_MPU_ConfigRegion)
    [Anonymous Symbol]                       0x08002f50   Section        0  stm32h7xx_hal_cortex.o(.text.HAL_MPU_Disable)
    [Anonymous Symbol]                       0x08002f70   Section        0  stm32h7xx_hal_cortex.o(.text.HAL_MPU_Enable)
    [Anonymous Symbol]                       0x08002f90   Section        0  stm32h7xx_hal_msp.o(.text.HAL_MspInit)
    [Anonymous Symbol]                       0x08002fb0   Section        0  stm32h7xx_hal_cortex.o(.text.HAL_NVIC_EnableIRQ)
    [Anonymous Symbol]                       0x08002fd8   Section        0  stm32h7xx_hal_cortex.o(.text.HAL_NVIC_SetPriority)
    [Anonymous Symbol]                       0x08003038   Section        0  stm32h7xx_hal_cortex.o(.text.HAL_NVIC_SetPriorityGrouping)
    [Anonymous Symbol]                       0x08003058   Section        0  stm32h7xx_hal_pwr_ex.o(.text.HAL_PWREx_ConfigSupply)
    [Anonymous Symbol]                       0x080030a8   Section        0  stm32h7xx_hal_rcc_ex.o(.text.HAL_RCCEx_GetD3PCLK1Freq)
    [Anonymous Symbol]                       0x080030d0   Section        0  stm32h7xx_hal_rcc_ex.o(.text.HAL_RCCEx_GetPLL2ClockFreq)
    [Anonymous Symbol]                       0x080031f8   Section        0  stm32h7xx_hal_rcc_ex.o(.text.HAL_RCCEx_GetPLL3ClockFreq)
    [Anonymous Symbol]                       0x08003320   Section        0  stm32h7xx_hal_rcc.o(.text.HAL_RCC_ClockConfig)
    [Anonymous Symbol]                       0x08003578   Section        0  stm32h7xx_hal_rcc.o(.text.HAL_RCC_GetHCLKFreq)
    [Anonymous Symbol]                       0x080035c8   Section        0  stm32h7xx_hal_rcc.o(.text.HAL_RCC_GetPCLK1Freq)
    [Anonymous Symbol]                       0x08003628   Section        0  stm32h7xx_hal_rcc.o(.text.HAL_RCC_GetPCLK2Freq)
    [Anonymous Symbol]                       0x08003688   Section        0  stm32h7xx_hal_rcc.o(.text.HAL_RCC_GetSysClockFreq)
    [Anonymous Symbol]                       0x080037a8   Section        0  stm32h7xx_hal_rcc.o(.text.HAL_RCC_OscConfig)
    [Anonymous Symbol]                       0x08003cd8   Section        0  stm32h7xx_hal_spi.o(.text.HAL_SPI_Init)
    [Anonymous Symbol]                       0x08003e98   Section        0  stm32h7xx_hal_spi.o(.text.HAL_SPI_MspInit)
    [Anonymous Symbol]                       0x08003ea0   Section        0  stm32h7xx_hal_spi.o(.text.HAL_SPI_Transmit)
    [Anonymous Symbol]                       0x08004148   Section        0  stm32h7xx_hal_cortex.o(.text.HAL_SYSTICK_Config)
    [Anonymous Symbol]                       0x08004178   Section        0  stm32h7xx_hal_uart_ex.o(.text.HAL_UARTEx_DisableFifoMode)
    [Anonymous Symbol]                       0x080041b0   Section        0  stm32h7xx_hal_uart_ex.o(.text.HAL_UARTEx_SetRxFifoThreshold)
    [Anonymous Symbol]                       0x08004240   Section        0  stm32h7xx_hal_uart_ex.o(.text.HAL_UARTEx_SetTxFifoThreshold)
    [Anonymous Symbol]                       0x080042d0   Section        0  stm32h7xx_hal_uart.o(.text.HAL_UART_Init)
    [Anonymous Symbol]                       0x08004338   Section        0  usart.o(.text.HAL_UART_MspInit)
    [Anonymous Symbol]                       0x08004400   Section        0  stm32h7xx_hal_uart.o(.text.HAL_UART_Transmit)
    [Anonymous Symbol]                       0x080044d0   Section        0  stm32h7xx_it.o(.text.HardFault_Handler)
    [Anonymous Symbol]                       0x080044d8   Section        0  lcd.o(.text.LCD_Clear)
    [Anonymous Symbol]                       0x08004550   Section        0  lcd.o(.text.LCD_DrawBuffer)
    [Anonymous Symbol]                       0x080047d8   Section        0  lcd.o(.text.LCD_Init)
    [Anonymous Symbol]                       0x08005a60   Section        0  lcd_spi.o(.text.LCD_SPI_Init)
    [Anonymous Symbol]                       0x08005b18   Section        0  lcd.o(.text.LCD_SetWindows)
    [Anonymous Symbol]                       0x08005d80   Section        0  lcd.o(.text.LCD_direction)
    [Anonymous Symbol]                       0x08005f68   Section        0  led.o(.text.LED_Init)
    [Anonymous Symbol]                       0x08005fc0   Section        0  stm32h7xx_it.o(.text.MemManage_Handler)
    [Anonymous Symbol]                       0x08005fc8   Section        0  stm32h7xx_it.o(.text.NMI_Handler)
    [Anonymous Symbol]                       0x08005fd0   Section        0  dcmi_ov2640.o(.text.OV2640_DMA_Transmit_Continuous)
    [Anonymous Symbol]                       0x08006000   Section        0  dcmi_ov2640.o(.text.OV2640_Reset)
    [Anonymous Symbol]                       0x080061a8   Section        0  stm32h7xx_it.o(.text.PendSV_Handler)
    [Anonymous Symbol]                       0x080061b0   Section        0  sccb.o(.text.SCCB_ACK)
    [Anonymous Symbol]                       0x08007660   Section        0  sccb.o(.text.SCCB_GPIO_Config)
    [Anonymous Symbol]                       0x080076e8   Section        0  sccb.o(.text.SCCB_NoACK)
    [Anonymous Symbol]                       0x08008b90   Section        0  sccb.o(.text.SCCB_ReadByte)
    [Anonymous Symbol]                       0x08009658   Section        0  sccb.o(.text.SCCB_ReadReg)
    [Anonymous Symbol]                       0x080096a0   Section        0  sccb.o(.text.SCCB_Start)
    [Anonymous Symbol]                       0x0800a630   Section        0  sccb.o(.text.SCCB_Stop)
    [Anonymous Symbol]                       0x0800bad8   Section        0  sccb.o(.text.SCCB_WaitACK)
    [Anonymous Symbol]                       0x0800cf90   Section        0  sccb.o(.text.SCCB_WriteByte)
    [Anonymous Symbol]                       0x0800da50   Section        0  sccb.o(.text.SCCB_WriteReg)
    SPI_CloseTransfer                        0x0800da81   Thumb Code   208  stm32h7xx_hal_spi.o(.text.SPI_CloseTransfer)
    [Anonymous Symbol]                       0x0800da80   Section        0  stm32h7xx_hal_spi.o(.text.SPI_CloseTransfer)
    [Anonymous Symbol]                       0x0800db50   Section        0  stm32h7xx_it.o(.text.SVC_Handler)
    [Anonymous Symbol]                       0x0800db58   Section        0  stm32h7xx_it.o(.text.SysTick_Handler)
    [Anonymous Symbol]                       0x0800db60   Section        0  main.o(.text.SystemClock_Config)
    [Anonymous Symbol]                       0x0800dc28   Section        0  system_stm32h7xx.o(.text.SystemInit)
    [Anonymous Symbol]                       0x0800dcd8   Section        0  stm32h7xx_hal_uart.o(.text.UART_AdvFeatureConfig)
    [Anonymous Symbol]                       0x0800ddb8   Section        0  stm32h7xx_hal_uart.o(.text.UART_CheckIdleState)
    [Anonymous Symbol]                       0x0800df28   Section        0  stm32h7xx_hal_uart.o(.text.UART_SetConfig)
    [Anonymous Symbol]                       0x0800e3c8   Section        0  stm32h7xx_hal_uart.o(.text.UART_WaitOnFlagUntilTimeout)
    [Anonymous Symbol]                       0x0800e6b8   Section        0  usart.o(.text.USART1_Init)
    [Anonymous Symbol]                       0x0800e708   Section        0  stm32h7xx_it.o(.text.UsageFault_Handler)
    [Anonymous Symbol]                       0x0800e710   Section        0  usart.o(.text.fputc)
    [Anonymous Symbol]                       0x0800e730   Section        0  main.o(.text.main)
    i.__0printf$5                            0x0800e9f0   Section        0  printf5.o(i.__0printf$5)
    i.__scatterload_copy                     0x0800ea10   Section       14  handlers.o(i.__scatterload_copy)
    i.__scatterload_null                     0x0800ea1e   Section        2  handlers.o(i.__scatterload_null)
    i.__scatterload_zeroinit                 0x0800ea20   Section       14  handlers.o(i.__scatterload_zeroinit)
    _printf_core                             0x0800ea31   Thumb Code   658  printf5.o(i._printf_core)
    i._printf_core                           0x0800ea30   Section        0  printf5.o(i._printf_core)
    .Lswitch.table.UART_SetConfig.7          0x0800ecf0   Data           6  stm32h7xx_hal_uart.o(.rodata..Lswitch.table.UART_SetConfig.7)
    .Lswitch.table.UART_SetConfig.9          0x0800ecf6   Data           6  stm32h7xx_hal_uart.o(.rodata..Lswitch.table.UART_SetConfig.9)
    UARTEx_SetNbDataToProcess.numerator      0x0800ee84   Data           8  stm32h7xx_hal_uart_ex.o(.rodata.cst8)
    [Anonymous Symbol]                       0x0800ee84   Section        0  stm32h7xx_hal_uart_ex.o(.rodata.cst8)
    UARTEx_SetNbDataToProcess.denominator    0x0800ee8c   Data           8  stm32h7xx_hal_uart_ex.o(.rodata.cst8)
    .L_MergedGlobals                         0x20000000   Data           8  stm32h7xx_hal.o(.data..L_MergedGlobals)
    [Anonymous Symbol]                       0x20000000   Section        0  stm32h7xx_hal.o(.data..L_MergedGlobals)
    .L_MergedGlobals                         0x20000008   Data           8  system_stm32h7xx.o(.data..L_MergedGlobals)
    [Anonymous Symbol]                       0x20000008   Section        0  system_stm32h7xx.o(.data..L_MergedGlobals)
    .L_MergedGlobals                         0x20000010   Data          88  dcmi_ov2640.o(.bss..L_MergedGlobals)
    [Anonymous Symbol]                       0x20000010   Section        0  dcmi_ov2640.o(.bss..L_MergedGlobals)
    HAL_DCMI_FrameEventCallback.DCMI_Frame_Count 0x20000011   Data           1  dcmi_ov2640.o(.bss..L_MergedGlobals)
    HAL_DCMI_FrameEventCallback.DCMI_Tick    0x20000014   Data           4  dcmi_ov2640.o(.bss..L_MergedGlobals)
    STACK                                    0x200002e0   Section     1024  startup_stm32h723xx.o(STACK)

    Global Symbols

    Symbol Name                              Value     Ov Type        Size  Object(Section)

    BuildAttributes$$THM_ISAv4$E$P$D$K$B$S$7EM$VFPv5_D16$PE$PLD8$A:L22UL41UL21$X:L11$S22US41US21$IEEE1$IW$~IW$USESV6$~STKCKD$USESV7$~SHL$OTIME$ROPI$EBA8$MICROLIB$REQ8$PRES8$EABIv2 0x00000000   Number         0  anon$$obj.o ABSOLUTE
    __use_no_errno                           0x00000000   Number         0  useno.o ABSOLUTE
    __use_no_exception_handling              0x00000000   Number         0  useno.o ABSOLUTE
    __use_no_fp                              0x00000000   Number         0  useno.o ABSOLUTE
    __use_no_heap                            0x00000000   Number         0  useno.o ABSOLUTE
    __use_no_heap_region                     0x00000000   Number         0  useno.o ABSOLUTE
    __use_no_semihosting                     0x00000000   Number         0  useno.o ABSOLUTE
    __use_no_semihosting_swi                 0x00000000   Number         0  useno.o ABSOLUTE
    __use_no_signal_handling                 0x00000000   Number         0  useno.o ABSOLUTE
    _printf_a                                0x00000000   Number         0  printfstubs.o ABSOLUTE
    _printf_c                                0x00000000   Number         0  printfstubs.o ABSOLUTE
    _printf_charcount                        0x00000000   Number         0  printfstubs.o ABSOLUTE
    _printf_d                                0x00000000   Number         0  printfstubs.o ABSOLUTE
    _printf_e                                0x00000000   Number         0  printfstubs.o ABSOLUTE
    _printf_f                                0x00000000   Number         0  printfstubs.o ABSOLUTE
    _printf_flags                            0x00000000   Number         0  printfstubs.o ABSOLUTE
    _printf_fp_dec                           0x00000000   Number         0  printfstubs.o ABSOLUTE
    _printf_fp_hex                           0x00000000   Number         0  printfstubs.o ABSOLUTE
    _printf_g                                0x00000000   Number         0  printfstubs.o ABSOLUTE
    _printf_i                                0x00000000   Number         0  printfstubs.o ABSOLUTE
    _printf_int_dec                          0x00000000   Number         0  printfstubs.o ABSOLUTE
    _printf_l                                0x00000000   Number         0  printfstubs.o ABSOLUTE
    _printf_lc                               0x00000000   Number         0  printfstubs.o ABSOLUTE
    _printf_ll                               0x00000000   Number         0  printfstubs.o ABSOLUTE
    _printf_lld                              0x00000000   Number         0  printfstubs.o ABSOLUTE
    _printf_lli                              0x00000000   Number         0  printfstubs.o ABSOLUTE
    _printf_llo                              0x00000000   Number         0  printfstubs.o ABSOLUTE
    _printf_llu                              0x00000000   Number         0  printfstubs.o ABSOLUTE
    _printf_llx                              0x00000000   Number         0  printfstubs.o ABSOLUTE
    _printf_longlong_dec                     0x00000000   Number         0  printfstubs.o ABSOLUTE
    _printf_longlong_hex                     0x00000000   Number         0  printfstubs.o ABSOLUTE
    _printf_longlong_oct                     0x00000000   Number         0  printfstubs.o ABSOLUTE
    _printf_ls                               0x00000000   Number         0  printfstubs.o ABSOLUTE
    _printf_mbtowc                           0x00000000   Number         0  printfstubs.o ABSOLUTE
    _printf_n                                0x00000000   Number         0  printfstubs.o ABSOLUTE
    _printf_o                                0x00000000   Number         0  printfstubs.o ABSOLUTE
    _printf_p                                0x00000000   Number         0  printfstubs.o ABSOLUTE
    _printf_percent                          0x00000000   Number         0  printfstubs.o ABSOLUTE
    _printf_pre_padding                      0x00000000   Number         0  printfstubs.o ABSOLUTE
    _printf_return_value                     0x00000000   Number         0  printfstubs.o ABSOLUTE
    _printf_s                                0x00000000   Number         0  printfstubs.o ABSOLUTE
    _printf_sizespec                         0x00000000   Number         0  printfstubs.o ABSOLUTE
    _printf_str                              0x00000000   Number         0  printfstubs.o ABSOLUTE
    _printf_truncate_signed                  0x00000000   Number         0  printfstubs.o ABSOLUTE
    _printf_truncate_unsigned                0x00000000   Number         0  printfstubs.o ABSOLUTE
    _printf_u                                0x00000000   Number         0  printfstubs.o ABSOLUTE
    _printf_wc                               0x00000000   Number         0  printfstubs.o ABSOLUTE
    _printf_wctomb                           0x00000000   Number         0  printfstubs.o ABSOLUTE
    _printf_widthprec                        0x00000000   Number         0  printfstubs.o ABSOLUTE
    _printf_x                                0x00000000   Number         0  printfstubs.o ABSOLUTE
    __cpp_initialize__aeabi_                  - Undefined Weak Reference
    __cxa_finalize                            - Undefined Weak Reference
    __decompress                              - Undefined Weak Reference
    _clock_init                               - Undefined Weak Reference
    _microlib_exit                            - Undefined Weak Reference
    __Vectors_Size                           0x000002cc   Number         0  startup_stm32h723xx.o ABSOLUTE
    __Vectors                                0x08000000   Data           4  startup_stm32h723xx.o(RESET)
    __Vectors_End                            0x080002cc   Data           0  startup_stm32h723xx.o(RESET)
    __main                                   0x080002cd   Thumb Code     0  entry.o(.ARM.Collect$$$$00000000)
    _main_stk                                0x080002cd   Thumb Code     0  entry2.o(.ARM.Collect$$$$00000001)
    _main_scatterload                        0x080002d1   Thumb Code     0  entry5.o(.ARM.Collect$$$$00000004)
    __main_after_scatterload                 0x080002d5   Thumb Code     0  entry5.o(.ARM.Collect$$$$00000004)
    _main_clock                              0x080002d5   Thumb Code     0  entry7b.o(.ARM.Collect$$$$00000008)
    _main_cpp_init                           0x080002d5   Thumb Code     0  entry8b.o(.ARM.Collect$$$$0000000A)
    _main_init                               0x080002d5   Thumb Code     0  entry9a.o(.ARM.Collect$$$$0000000B)
    __rt_final_cpp                           0x080002dd   Thumb Code     0  entry10a.o(.ARM.Collect$$$$0000000D)
    __rt_final_exit                          0x080002dd   Thumb Code     0  entry11a.o(.ARM.Collect$$$$0000000F)
    Reset_Handler                            0x080002e1   Thumb Code     8  startup_stm32h723xx.o(.text)
    ADC3_IRQHandler                          0x080002fb   Thumb Code     0  startup_stm32h723xx.o(.text)
    ADC_IRQHandler                           0x080002fb   Thumb Code     0  startup_stm32h723xx.o(.text)
    BDMA_Channel0_IRQHandler                 0x080002fb   Thumb Code     0  startup_stm32h723xx.o(.text)
    BDMA_Channel1_IRQHandler                 0x080002fb   Thumb Code     0  startup_stm32h723xx.o(.text)
    BDMA_Channel2_IRQHandler                 0x080002fb   Thumb Code     0  startup_stm32h723xx.o(.text)
    BDMA_Channel3_IRQHandler                 0x080002fb   Thumb Code     0  startup_stm32h723xx.o(.text)
    BDMA_Channel4_IRQHandler                 0x080002fb   Thumb Code     0  startup_stm32h723xx.o(.text)
    BDMA_Channel5_IRQHandler                 0x080002fb   Thumb Code     0  startup_stm32h723xx.o(.text)
    BDMA_Channel6_IRQHandler                 0x080002fb   Thumb Code     0  startup_stm32h723xx.o(.text)
    BDMA_Channel7_IRQHandler                 0x080002fb   Thumb Code     0  startup_stm32h723xx.o(.text)
    CEC_IRQHandler                           0x080002fb   Thumb Code     0  startup_stm32h723xx.o(.text)
    COMP1_IRQHandler                         0x080002fb   Thumb Code     0  startup_stm32h723xx.o(.text)
    CORDIC_IRQHandler                        0x080002fb   Thumb Code     0  startup_stm32h723xx.o(.text)
    CRS_IRQHandler                           0x080002fb   Thumb Code     0  startup_stm32h723xx.o(.text)
    DFSDM1_FLT0_IRQHandler                   0x080002fb   Thumb Code     0  startup_stm32h723xx.o(.text)
    DFSDM1_FLT1_IRQHandler                   0x080002fb   Thumb Code     0  startup_stm32h723xx.o(.text)
    DFSDM1_FLT2_IRQHandler                   0x080002fb   Thumb Code     0  startup_stm32h723xx.o(.text)
    DFSDM1_FLT3_IRQHandler                   0x080002fb   Thumb Code     0  startup_stm32h723xx.o(.text)
    DMA1_Stream1_IRQHandler                  0x080002fb   Thumb Code     0  startup_stm32h723xx.o(.text)
    DMA1_Stream2_IRQHandler                  0x080002fb   Thumb Code     0  startup_stm32h723xx.o(.text)
    DMA1_Stream3_IRQHandler                  0x080002fb   Thumb Code     0  startup_stm32h723xx.o(.text)
    DMA1_Stream4_IRQHandler                  0x080002fb   Thumb Code     0  startup_stm32h723xx.o(.text)
    DMA1_Stream5_IRQHandler                  0x080002fb   Thumb Code     0  startup_stm32h723xx.o(.text)
    DMA1_Stream6_IRQHandler                  0x080002fb   Thumb Code     0  startup_stm32h723xx.o(.text)
    DMA1_Stream7_IRQHandler                  0x080002fb   Thumb Code     0  startup_stm32h723xx.o(.text)
    DMA2D_IRQHandler                         0x080002fb   Thumb Code     0  startup_stm32h723xx.o(.text)
    DMA2_Stream0_IRQHandler                  0x080002fb   Thumb Code     0  startup_stm32h723xx.o(.text)
    DMA2_Stream1_IRQHandler                  0x080002fb   Thumb Code     0  startup_stm32h723xx.o(.text)
    DMA2_Stream2_IRQHandler                  0x080002fb   Thumb Code     0  startup_stm32h723xx.o(.text)
    DMA2_Stream3_IRQHandler                  0x080002fb   Thumb Code     0  startup_stm32h723xx.o(.text)
    DMA2_Stream4_IRQHandler                  0x080002fb   Thumb Code     0  startup_stm32h723xx.o(.text)
    DMA2_Stream5_IRQHandler                  0x080002fb   Thumb Code     0  startup_stm32h723xx.o(.text)
    DMA2_Stream6_IRQHandler                  0x080002fb   Thumb Code     0  startup_stm32h723xx.o(.text)
    DMAMUX1_OVR_IRQHandler                   0x080002fb   Thumb Code     0  startup_stm32h723xx.o(.text)
    DMAMUX2_OVR_IRQHandler                   0x080002fb   Thumb Code     0  startup_stm32h723xx.o(.text)
    DTS_IRQHandler                           0x080002fb   Thumb Code     0  startup_stm32h723xx.o(.text)
    ECC_IRQHandler                           0x080002fb   Thumb Code     0  startup_stm32h723xx.o(.text)
    ETH_IRQHandler                           0x080002fb   Thumb Code     0  startup_stm32h723xx.o(.text)
    ETH_WKUP_IRQHandler                      0x080002fb   Thumb Code     0  startup_stm32h723xx.o(.text)
    EXTI0_IRQHandler                         0x080002fb   Thumb Code     0  startup_stm32h723xx.o(.text)
    EXTI15_10_IRQHandler                     0x080002fb   Thumb Code     0  startup_stm32h723xx.o(.text)
    EXTI1_IRQHandler                         0x080002fb   Thumb Code     0  startup_stm32h723xx.o(.text)
    EXTI2_IRQHandler                         0x080002fb   Thumb Code     0  startup_stm32h723xx.o(.text)
    EXTI3_IRQHandler                         0x080002fb   Thumb Code     0  startup_stm32h723xx.o(.text)
    EXTI4_IRQHandler                         0x080002fb   Thumb Code     0  startup_stm32h723xx.o(.text)
    EXTI9_5_IRQHandler                       0x080002fb   Thumb Code     0  startup_stm32h723xx.o(.text)
    FDCAN1_IT0_IRQHandler                    0x080002fb   Thumb Code     0  startup_stm32h723xx.o(.text)
    FDCAN1_IT1_IRQHandler                    0x080002fb   Thumb Code     0  startup_stm32h723xx.o(.text)
    FDCAN2_IT0_IRQHandler                    0x080002fb   Thumb Code     0  startup_stm32h723xx.o(.text)
    FDCAN2_IT1_IRQHandler                    0x080002fb   Thumb Code     0  startup_stm32h723xx.o(.text)
    FDCAN3_IT0_IRQHandler                    0x080002fb   Thumb Code     0  startup_stm32h723xx.o(.text)
    FDCAN3_IT1_IRQHandler                    0x080002fb   Thumb Code     0  startup_stm32h723xx.o(.text)
    FDCAN_CAL_IRQHandler                     0x080002fb   Thumb Code     0  startup_stm32h723xx.o(.text)
    FLASH_IRQHandler                         0x080002fb   Thumb Code     0  startup_stm32h723xx.o(.text)
    FMAC_IRQHandler                          0x080002fb   Thumb Code     0  startup_stm32h723xx.o(.text)
    FMC_IRQHandler                           0x080002fb   Thumb Code     0  startup_stm32h723xx.o(.text)
    FPU_IRQHandler                           0x080002fb   Thumb Code     0  startup_stm32h723xx.o(.text)
    HSEM1_IRQHandler                         0x080002fb   Thumb Code     0  startup_stm32h723xx.o(.text)
    I2C1_ER_IRQHandler                       0x080002fb   Thumb Code     0  startup_stm32h723xx.o(.text)
    I2C1_EV_IRQHandler                       0x080002fb   Thumb Code     0  startup_stm32h723xx.o(.text)
    I2C2_ER_IRQHandler                       0x080002fb   Thumb Code     0  startup_stm32h723xx.o(.text)
    I2C2_EV_IRQHandler                       0x080002fb   Thumb Code     0  startup_stm32h723xx.o(.text)
    I2C3_ER_IRQHandler                       0x080002fb   Thumb Code     0  startup_stm32h723xx.o(.text)
    I2C3_EV_IRQHandler                       0x080002fb   Thumb Code     0  startup_stm32h723xx.o(.text)
    I2C4_ER_IRQHandler                       0x080002fb   Thumb Code     0  startup_stm32h723xx.o(.text)
    I2C4_EV_IRQHandler                       0x080002fb   Thumb Code     0  startup_stm32h723xx.o(.text)
    I2C5_ER_IRQHandler                       0x080002fb   Thumb Code     0  startup_stm32h723xx.o(.text)
    I2C5_EV_IRQHandler                       0x080002fb   Thumb Code     0  startup_stm32h723xx.o(.text)
    LPTIM1_IRQHandler                        0x080002fb   Thumb Code     0  startup_stm32h723xx.o(.text)
    LPTIM2_IRQHandler                        0x080002fb   Thumb Code     0  startup_stm32h723xx.o(.text)
    LPTIM3_IRQHandler                        0x080002fb   Thumb Code     0  startup_stm32h723xx.o(.text)
    LPTIM4_IRQHandler                        0x080002fb   Thumb Code     0  startup_stm32h723xx.o(.text)
    LPTIM5_IRQHandler                        0x080002fb   Thumb Code     0  startup_stm32h723xx.o(.text)
    LPUART1_IRQHandler                       0x080002fb   Thumb Code     0  startup_stm32h723xx.o(.text)
    LTDC_ER_IRQHandler                       0x080002fb   Thumb Code     0  startup_stm32h723xx.o(.text)
    LTDC_IRQHandler                          0x080002fb   Thumb Code     0  startup_stm32h723xx.o(.text)
    MDIOS_IRQHandler                         0x080002fb   Thumb Code     0  startup_stm32h723xx.o(.text)
    MDIOS_WKUP_IRQHandler                    0x080002fb   Thumb Code     0  startup_stm32h723xx.o(.text)
    MDMA_IRQHandler                          0x080002fb   Thumb Code     0  startup_stm32h723xx.o(.text)
    OCTOSPI1_IRQHandler                      0x080002fb   Thumb Code     0  startup_stm32h723xx.o(.text)
    OCTOSPI2_IRQHandler                      0x080002fb   Thumb Code     0  startup_stm32h723xx.o(.text)
    OTG_HS_EP1_IN_IRQHandler                 0x080002fb   Thumb Code     0  startup_stm32h723xx.o(.text)
    OTG_HS_EP1_OUT_IRQHandler                0x080002fb   Thumb Code     0  startup_stm32h723xx.o(.text)
    OTG_HS_IRQHandler                        0x080002fb   Thumb Code     0  startup_stm32h723xx.o(.text)
    OTG_HS_WKUP_IRQHandler                   0x080002fb   Thumb Code     0  startup_stm32h723xx.o(.text)
    PVD_AVD_IRQHandler                       0x080002fb   Thumb Code     0  startup_stm32h723xx.o(.text)
    RCC_IRQHandler                           0x080002fb   Thumb Code     0  startup_stm32h723xx.o(.text)
    RNG_IRQHandler                           0x080002fb   Thumb Code     0  startup_stm32h723xx.o(.text)
    RTC_Alarm_IRQHandler                     0x080002fb   Thumb Code     0  startup_stm32h723xx.o(.text)
    RTC_WKUP_IRQHandler                      0x080002fb   Thumb Code     0  startup_stm32h723xx.o(.text)
    SAI1_IRQHandler                          0x080002fb   Thumb Code     0  startup_stm32h723xx.o(.text)
    SAI4_IRQHandler                          0x080002fb   Thumb Code     0  startup_stm32h723xx.o(.text)
    SDMMC1_IRQHandler                        0x080002fb   Thumb Code     0  startup_stm32h723xx.o(.text)
    SDMMC2_IRQHandler                        0x080002fb   Thumb Code     0  startup_stm32h723xx.o(.text)
    SPDIF_RX_IRQHandler                      0x080002fb   Thumb Code     0  startup_stm32h723xx.o(.text)
    SPI1_IRQHandler                          0x080002fb   Thumb Code     0  startup_stm32h723xx.o(.text)
    SPI2_IRQHandler                          0x080002fb   Thumb Code     0  startup_stm32h723xx.o(.text)
    SPI3_IRQHandler                          0x080002fb   Thumb Code     0  startup_stm32h723xx.o(.text)
    SPI4_IRQHandler                          0x080002fb   Thumb Code     0  startup_stm32h723xx.o(.text)
    SPI5_IRQHandler                          0x080002fb   Thumb Code     0  startup_stm32h723xx.o(.text)
    SPI6_IRQHandler                          0x080002fb   Thumb Code     0  startup_stm32h723xx.o(.text)
    SWPMI1_IRQHandler                        0x080002fb   Thumb Code     0  startup_stm32h723xx.o(.text)
    TAMP_STAMP_IRQHandler                    0x080002fb   Thumb Code     0  startup_stm32h723xx.o(.text)
    TIM15_IRQHandler                         0x080002fb   Thumb Code     0  startup_stm32h723xx.o(.text)
    TIM16_IRQHandler                         0x080002fb   Thumb Code     0  startup_stm32h723xx.o(.text)
    TIM17_IRQHandler                         0x080002fb   Thumb Code     0  startup_stm32h723xx.o(.text)
    TIM1_BRK_IRQHandler                      0x080002fb   Thumb Code     0  startup_stm32h723xx.o(.text)
    TIM1_CC_IRQHandler                       0x080002fb   Thumb Code     0  startup_stm32h723xx.o(.text)
    TIM1_TRG_COM_IRQHandler                  0x080002fb   Thumb Code     0  startup_stm32h723xx.o(.text)
    TIM1_UP_IRQHandler                       0x080002fb   Thumb Code     0  startup_stm32h723xx.o(.text)
    TIM23_IRQHandler                         0x080002fb   Thumb Code     0  startup_stm32h723xx.o(.text)
    TIM24_IRQHandler                         0x080002fb   Thumb Code     0  startup_stm32h723xx.o(.text)
    TIM2_IRQHandler                          0x080002fb   Thumb Code     0  startup_stm32h723xx.o(.text)
    TIM3_IRQHandler                          0x080002fb   Thumb Code     0  startup_stm32h723xx.o(.text)
    TIM4_IRQHandler                          0x080002fb   Thumb Code     0  startup_stm32h723xx.o(.text)
    TIM5_IRQHandler                          0x080002fb   Thumb Code     0  startup_stm32h723xx.o(.text)
    TIM6_DAC_IRQHandler                      0x080002fb   Thumb Code     0  startup_stm32h723xx.o(.text)
    TIM7_IRQHandler                          0x080002fb   Thumb Code     0  startup_stm32h723xx.o(.text)
    TIM8_BRK_TIM12_IRQHandler                0x080002fb   Thumb Code     0  startup_stm32h723xx.o(.text)
    TIM8_CC_IRQHandler                       0x080002fb   Thumb Code     0  startup_stm32h723xx.o(.text)
    TIM8_TRG_COM_TIM14_IRQHandler            0x080002fb   Thumb Code     0  startup_stm32h723xx.o(.text)
    TIM8_UP_TIM13_IRQHandler                 0x080002fb   Thumb Code     0  startup_stm32h723xx.o(.text)
    UART4_IRQHandler                         0x080002fb   Thumb Code     0  startup_stm32h723xx.o(.text)
    UART5_IRQHandler                         0x080002fb   Thumb Code     0  startup_stm32h723xx.o(.text)
    UART7_IRQHandler                         0x080002fb   Thumb Code     0  startup_stm32h723xx.o(.text)
    UART8_IRQHandler                         0x080002fb   Thumb Code     0  startup_stm32h723xx.o(.text)
    UART9_IRQHandler                         0x080002fb   Thumb Code     0  startup_stm32h723xx.o(.text)
    USART10_IRQHandler                       0x080002fb   Thumb Code     0  startup_stm32h723xx.o(.text)
    USART1_IRQHandler                        0x080002fb   Thumb Code     0  startup_stm32h723xx.o(.text)
    USART2_IRQHandler                        0x080002fb   Thumb Code     0  startup_stm32h723xx.o(.text)
    USART3_IRQHandler                        0x080002fb   Thumb Code     0  startup_stm32h723xx.o(.text)
    USART6_IRQHandler                        0x080002fb   Thumb Code     0  startup_stm32h723xx.o(.text)
    WAKEUP_PIN_IRQHandler                    0x080002fb   Thumb Code     0  startup_stm32h723xx.o(.text)
    WWDG_IRQHandler                          0x080002fb   Thumb Code     0  startup_stm32h723xx.o(.text)
    __aeabi_uldivmod                         0x08000305   Thumb Code    98  uldiv.o(.text)
    __aeabi_memset                           0x08000367   Thumb Code    14  memseta.o(.text)
    __aeabi_memset4                          0x08000367   Thumb Code     0  memseta.o(.text)
    __aeabi_memset8                          0x08000367   Thumb Code     0  memseta.o(.text)
    __aeabi_memclr                           0x08000375   Thumb Code     4  memseta.o(.text)
    __aeabi_memclr4                          0x08000375   Thumb Code     0  memseta.o(.text)
    __aeabi_memclr8                          0x08000375   Thumb Code     0  memseta.o(.text)
    _memset$wrapper                          0x08000379   Thumb Code    18  memseta.o(.text)
    __aeabi_llsl                             0x0800038b   Thumb Code    30  llshl.o(.text)
    _ll_shift_l                              0x0800038b   Thumb Code     0  llshl.o(.text)
    __aeabi_llsr                             0x080003a9   Thumb Code    32  llushr.o(.text)
    _ll_ushift_r                             0x080003a9   Thumb Code     0  llushr.o(.text)
    __scatterload                            0x080003c9   Thumb Code    38  init.o(.text)
    __scatterload_rt2                        0x080003c9   Thumb Code     0  init.o(.text)
    BusFault_Handler                         0x080003f9   Thumb Code     2  stm32h7xx_it.o(.text.BusFault_Handler)
    DCMI_OV2640_Init                         0x080004b9   Thumb Code   364  dcmi_ov2640.o(.text.DCMI_OV2640_Init)
    DCMI_PSSI_IRQHandler                     0x08000659   Thumb Code    12  stm32h7xx_it.o(.text.DCMI_PSSI_IRQHandler)
    DMA1_Stream0_IRQHandler                  0x08000669   Thumb Code    12  stm32h7xx_it.o(.text.DMA1_Stream0_IRQHandler)
    DMA2_Stream7_IRQHandler                  0x08000679   Thumb Code    12  stm32h7xx_it.o(.text.DMA2_Stream7_IRQHandler)
    DebugMon_Handler                         0x08000bd9   Thumb Code     2  stm32h7xx_it.o(.text.DebugMon_Handler)
    HAL_DCMI_ConfigCrop                      0x08000be1   Thumb Code    66  stm32h7xx_hal_dcmi.o(.text.HAL_DCMI_ConfigCrop)
    HAL_DCMI_EnableCrop                      0x08000c29   Thumb Code    42  stm32h7xx_hal_dcmi.o(.text.HAL_DCMI_EnableCrop)
    HAL_DCMI_ErrorCallback                   0x08000c59   Thumb Code    24  dcmi_ov2640.o(.text.HAL_DCMI_ErrorCallback)
    HAL_DCMI_FrameEventCallback              0x08000c91   Thumb Code    56  dcmi_ov2640.o(.text.HAL_DCMI_FrameEventCallback)
    HAL_DCMI_GetError                        0x08000cc9   Thumb Code     4  stm32h7xx_hal_dcmi.o(.text.HAL_DCMI_GetError)
    HAL_DCMI_IRQHandler                      0x08000cd1   Thumb Code   166  stm32h7xx_hal_dcmi.o(.text.HAL_DCMI_IRQHandler)
    HAL_DCMI_Init                            0x08000d79   Thumb Code   164  stm32h7xx_hal_dcmi.o(.text.HAL_DCMI_Init)
    HAL_DCMI_LineEventCallback               0x08000e21   Thumb Code     2  stm32h7xx_hal_dcmi.o(.text.HAL_DCMI_LineEventCallback)
    HAL_DCMI_MspInit                         0x08000e29   Thumb Code   350  dcmi_ov2640.o(.text.HAL_DCMI_MspInit)
    HAL_DCMI_Start_DMA                       0x08000f89   Thumb Code   292  stm32h7xx_hal_dcmi.o(.text.HAL_DCMI_Start_DMA)
    HAL_DCMI_VsyncEventCallback              0x080010b1   Thumb Code     2  stm32h7xx_hal_dcmi.o(.text.HAL_DCMI_VsyncEventCallback)
    HAL_DMAEx_ChangeMemory                   0x080010b9   Thumb Code    16  stm32h7xx_hal_dma_ex.o(.text.HAL_DMAEx_ChangeMemory)
    HAL_DMAEx_MultiBufferStart_IT            0x080010c9   Thumb Code  1580  stm32h7xx_hal_dma_ex.o(.text.HAL_DMAEx_MultiBufferStart_IT)
    HAL_DMA_Abort_IT                         0x080016f9   Thumb Code   694  stm32h7xx_hal_dma.o(.text.HAL_DMA_Abort_IT)
    HAL_DMA_IRQHandler                       0x080019b1   Thumb Code  2072  stm32h7xx_hal_dma.o(.text.HAL_DMA_IRQHandler)
    HAL_DMA_Init                             0x080021c9   Thumb Code  1690  stm32h7xx_hal_dma.o(.text.HAL_DMA_Init)
    HAL_DMA_Start_IT                         0x08002869   Thumb Code   938  stm32h7xx_hal_dma.o(.text.HAL_DMA_Start_IT)
    HAL_Delay                                0x08002c19   Thumb Code    40  stm32h7xx_hal.o(.text.HAL_Delay)
    HAL_GPIO_Init                            0x08002c41   Thumb Code   422  stm32h7xx_hal_gpio.o(.text.HAL_GPIO_Init)
    HAL_GPIO_ReadPin                         0x08002de9   Thumb Code    10  stm32h7xx_hal_gpio.o(.text.HAL_GPIO_ReadPin)
    HAL_GPIO_WritePin                        0x08002df9   Thumb Code    10  stm32h7xx_hal_gpio.o(.text.HAL_GPIO_WritePin)
    HAL_GetTick                              0x08002e09   Thumb Code    12  stm32h7xx_hal.o(.text.HAL_GetTick)
    HAL_IncTick                              0x08002e19   Thumb Code    26  stm32h7xx_hal.o(.text.HAL_IncTick)
    HAL_Init                                 0x08002e39   Thumb Code   100  stm32h7xx_hal.o(.text.HAL_Init)
    HAL_InitTick                             0x08002ea1   Thumb Code    80  stm32h7xx_hal.o(.text.HAL_InitTick)
    HAL_MPU_ConfigRegion                     0x08002ef1   Thumb Code    96  stm32h7xx_hal_cortex.o(.text.HAL_MPU_ConfigRegion)
    HAL_MPU_Disable                          0x08002f51   Thumb Code    26  stm32h7xx_hal_cortex.o(.text.HAL_MPU_Disable)
    HAL_MPU_Enable                           0x08002f71   Thumb Code    32  stm32h7xx_hal_cortex.o(.text.HAL_MPU_Enable)
    HAL_MspInit                              0x08002f91   Thumb Code    32  stm32h7xx_hal_msp.o(.text.HAL_MspInit)
    HAL_NVIC_EnableIRQ                       0x08002fb1   Thumb Code    34  stm32h7xx_hal_cortex.o(.text.HAL_NVIC_EnableIRQ)
    HAL_NVIC_SetPriority                     0x08002fd9   Thumb Code    90  stm32h7xx_hal_cortex.o(.text.HAL_NVIC_SetPriority)
    HAL_NVIC_SetPriorityGrouping             0x08003039   Thumb Code    32  stm32h7xx_hal_cortex.o(.text.HAL_NVIC_SetPriorityGrouping)
    HAL_PWREx_ConfigSupply                   0x08003059   Thumb Code    76  stm32h7xx_hal_pwr_ex.o(.text.HAL_PWREx_ConfigSupply)
    HAL_RCCEx_GetD3PCLK1Freq                 0x080030a9   Thumb Code    38  stm32h7xx_hal_rcc_ex.o(.text.HAL_RCCEx_GetD3PCLK1Freq)
    HAL_RCCEx_GetPLL2ClockFreq               0x080030d1   Thumb Code   280  stm32h7xx_hal_rcc_ex.o(.text.HAL_RCCEx_GetPLL2ClockFreq)
    HAL_RCCEx_GetPLL3ClockFreq               0x080031f9   Thumb Code   280  stm32h7xx_hal_rcc_ex.o(.text.HAL_RCCEx_GetPLL3ClockFreq)
    HAL_RCC_ClockConfig                      0x08003321   Thumb Code   596  stm32h7xx_hal_rcc.o(.text.HAL_RCC_ClockConfig)
    HAL_RCC_GetHCLKFreq                      0x08003579   Thumb Code    76  stm32h7xx_hal_rcc.o(.text.HAL_RCC_GetHCLKFreq)
    HAL_RCC_GetPCLK1Freq                     0x080035c9   Thumb Code    96  stm32h7xx_hal_rcc.o(.text.HAL_RCC_GetPCLK1Freq)
    HAL_RCC_GetPCLK2Freq                     0x08003629   Thumb Code    96  stm32h7xx_hal_rcc.o(.text.HAL_RCC_GetPCLK2Freq)
    HAL_RCC_GetSysClockFreq                  0x08003689   Thumb Code   264  stm32h7xx_hal_rcc.o(.text.HAL_RCC_GetSysClockFreq)
    HAL_RCC_OscConfig                        0x080037a9   Thumb Code  1324  stm32h7xx_hal_rcc.o(.text.HAL_RCC_OscConfig)
    HAL_SPI_Init                             0x08003cd9   Thumb Code   444  stm32h7xx_hal_spi.o(.text.HAL_SPI_Init)
    HAL_SPI_MspInit                          0x08003e99   Thumb Code     2  stm32h7xx_hal_spi.o(.text.HAL_SPI_MspInit)
    HAL_SPI_Transmit                         0x08003ea1   Thumb Code   680  stm32h7xx_hal_spi.o(.text.HAL_SPI_Transmit)
    HAL_SYSTICK_Config                       0x08004149   Thumb Code    46  stm32h7xx_hal_cortex.o(.text.HAL_SYSTICK_Config)
    HAL_UARTEx_DisableFifoMode               0x08004179   Thumb Code    54  stm32h7xx_hal_uart_ex.o(.text.HAL_UARTEx_DisableFifoMode)
    HAL_UARTEx_SetRxFifoThreshold            0x080041b1   Thumb Code   140  stm32h7xx_hal_uart_ex.o(.text.HAL_UARTEx_SetRxFifoThreshold)
    HAL_UARTEx_SetTxFifoThreshold            0x08004241   Thumb Code   140  stm32h7xx_hal_uart_ex.o(.text.HAL_UARTEx_SetTxFifoThreshold)
    HAL_UART_Init                            0x080042d1   Thumb Code    98  stm32h7xx_hal_uart.o(.text.HAL_UART_Init)
    HAL_UART_MspInit                         0x08004339   Thumb Code   194  usart.o(.text.HAL_UART_MspInit)
    HAL_UART_Transmit                        0x08004401   Thumb Code   202  stm32h7xx_hal_uart.o(.text.HAL_UART_Transmit)
    HardFault_Handler                        0x080044d1   Thumb Code     2  stm32h7xx_it.o(.text.HardFault_Handler)
    LCD_Clear                                0x080044d9   Thumb Code   116  lcd.o(.text.LCD_Clear)
    LCD_DrawBuffer                           0x08004551   Thumb Code   644  lcd.o(.text.LCD_DrawBuffer)
    LCD_Init                                 0x080047d9   Thumb Code  4740  lcd.o(.text.LCD_Init)
    LCD_SPI_Init                             0x08005a61   Thumb Code   180  lcd_spi.o(.text.LCD_SPI_Init)
    LCD_SetWindows                           0x08005b19   Thumb Code   614  lcd.o(.text.LCD_SetWindows)
    LCD_direction                            0x08005d81   Thumb Code   482  lcd.o(.text.LCD_direction)
    LED_Init                                 0x08005f69   Thumb Code    84  led.o(.text.LED_Init)
    MemManage_Handler                        0x08005fc1   Thumb Code     2  stm32h7xx_it.o(.text.MemManage_Handler)
    NMI_Handler                              0x08005fc9   Thumb Code     2  stm32h7xx_it.o(.text.NMI_Handler)
    OV2640_DMA_Transmit_Continuous           0x08005fd1   Thumb Code    48  dcmi_ov2640.o(.text.OV2640_DMA_Transmit_Continuous)
    OV2640_Reset                             0x08006001   Thumb Code   424  dcmi_ov2640.o(.text.OV2640_Reset)
    PendSV_Handler                           0x080061a9   Thumb Code     2  stm32h7xx_it.o(.text.PendSV_Handler)
    SCCB_ACK                                 0x080061b1   Thumb Code  5296  sccb.o(.text.SCCB_ACK)
    SCCB_GPIO_Config                         0x08007661   Thumb Code   136  sccb.o(.text.SCCB_GPIO_Config)
    SCCB_NoACK                               0x080076e9   Thumb Code  5284  sccb.o(.text.SCCB_NoACK)
    SCCB_ReadByte                            0x08008b91   Thumb Code  2756  sccb.o(.text.SCCB_ReadByte)
    SCCB_ReadReg                             0x08009659   Thumb Code    70  sccb.o(.text.SCCB_ReadReg)
    SCCB_Start                               0x080096a1   Thumb Code  3980  sccb.o(.text.SCCB_Start)
    SCCB_Stop                                0x0800a631   Thumb Code  5284  sccb.o(.text.SCCB_Stop)
    SCCB_WaitACK                             0x0800bad9   Thumb Code  5298  sccb.o(.text.SCCB_WaitACK)
    SCCB_WriteByte                           0x0800cf91   Thumb Code  2746  sccb.o(.text.SCCB_WriteByte)
    SCCB_WriteReg                            0x0800da51   Thumb Code    42  sccb.o(.text.SCCB_WriteReg)
    SVC_Handler                              0x0800db51   Thumb Code     2  stm32h7xx_it.o(.text.SVC_Handler)
    SysTick_Handler                          0x0800db59   Thumb Code     4  stm32h7xx_it.o(.text.SysTick_Handler)
    SystemClock_Config                       0x0800db61   Thumb Code   200  main.o(.text.SystemClock_Config)
    SystemInit                               0x0800dc29   Thumb Code   176  system_stm32h7xx.o(.text.SystemInit)
    UART_AdvFeatureConfig                    0x0800dcd9   Thumb Code   224  stm32h7xx_hal_uart.o(.text.UART_AdvFeatureConfig)
    UART_CheckIdleState                      0x0800ddb9   Thumb Code   366  stm32h7xx_hal_uart.o(.text.UART_CheckIdleState)
    UART_SetConfig                           0x0800df29   Thumb Code  1176  stm32h7xx_hal_uart.o(.text.UART_SetConfig)
    UART_WaitOnFlagUntilTimeout              0x0800e3c9   Thumb Code   746  stm32h7xx_hal_uart.o(.text.UART_WaitOnFlagUntilTimeout)
    USART1_Init                              0x0800e6b9   Thumb Code    80  usart.o(.text.USART1_Init)
    UsageFault_Handler                       0x0800e709   Thumb Code     2  stm32h7xx_it.o(.text.UsageFault_Handler)
    fputc                                    0x0800e711   Thumb Code    30  usart.o(.text.fputc)
    main                                     0x0800e731   Thumb Code   704  main.o(.text.main)
    __0printf$5                              0x0800e9f1   Thumb Code    22  printf5.o(i.__0printf$5)
    __1printf$5                              0x0800e9f1   Thumb Code     0  printf5.o(i.__0printf$5)
    __2printf                                0x0800e9f1   Thumb Code     0  printf5.o(i.__0printf$5)
    __scatterload_copy                       0x0800ea11   Thumb Code    14  handlers.o(i.__scatterload_copy)
    __scatterload_null                       0x0800ea1f   Thumb Code     2  handlers.o(i.__scatterload_null)
    __scatterload_zeroinit                   0x0800ea21   Thumb Code    14  handlers.o(i.__scatterload_zeroinit)
    D1CorePrescTable                         0x0800ecfc   Data          16  system_stm32h7xx.o(.rodata.D1CorePrescTable)
    OV2640_SVGA_Config                       0x0800ed0c   Data         352  dcmi_ov2640.o(.rodata.OV2640_SVGA_Config)
    UARTPrescTable                           0x0800ee6c   Data          24  stm32h7xx_hal_uart.o(.rodata.UARTPrescTable)
    Region$$Table$$Base                      0x0800ee94   Number         0  anon$$obj.o(Region$$Table)
    Region$$Table$$Limit                     0x0800eeb4   Number         0  anon$$obj.o(Region$$Table)
    uwTickFreq                               0x20000000   Data           1  stm32h7xx_hal.o(.data..L_MergedGlobals)
    uwTickPrio                               0x20000004   Data           4  stm32h7xx_hal.o(.data..L_MergedGlobals)
    SystemCoreClock                          0x20000008   Data           4  system_stm32h7xx.o(.data..L_MergedGlobals)
    SystemD2Clock                            0x2000000c   Data           4  system_stm32h7xx.o(.data..L_MergedGlobals)
    DCMI_FrameState                          0x20000010   Data           1  dcmi_ov2640.o(.bss..L_MergedGlobals)
    OV2640_FPS                               0x20000012   Data           1  dcmi_ov2640.o(.bss..L_MergedGlobals)
    hdcmi                                    0x20000018   Data          80  dcmi_ov2640.o(.bss..L_MergedGlobals)
    DMA_Handle_dcmi                          0x20000068   Data         120  dcmi_ov2640.o(.bss.DMA_Handle_dcmi)
    __stdout                                 0x200000e0   Data          84  usart.o(.bss.__stdout)
    hdma_usart1_tx                           0x20000134   Data         120  usart.o(.bss.hdma_usart1_tx)
    hlcd_spi                                 0x200001ac   Data         136  lcd_spi.o(.bss.hlcd_spi)
    huart1                                   0x20000234   Data         148  usart.o(.bss.huart1)
    lcddev                                   0x200002c8   Data          14  lcd.o(.bss.lcddev)
    uwTick                                   0x200002d8   Data           4  stm32h7xx_hal.o(.bss.uwTick)
    __initial_sp                             0x200006e0   Data           0  startup_stm32h723xx.o(STACK)



==============================================================================

Memory Map of the image

  Image Entry point : 0x080002cd

  Load Region LR_IROM1 (Base: 0x08000000, Size: 0x0000eec8, Max: 0x00100000, ABSOLUTE)

    Execution Region ER_IROM1 (Exec base: 0x08000000, Load base: 0x08000000, Size: 0x0000eeb4, Max: 0x00100000, ABSOLUTE)

    Exec Addr    Load Addr    Size         Type   Attr      Idx    E Section Name        Object

    0x08000000   0x08000000   0x000002cc   Data   RO            3    RESET               startup_stm32h723xx.o
    0x080002cc   0x080002cc   0x00000000   Code   RO         1432  * .ARM.Collect$$$$00000000  mc_w.l(entry.o)
    0x080002cc   0x080002cc   0x00000004   Code   RO         1700    .ARM.Collect$$$$00000001  mc_w.l(entry2.o)
    0x080002d0   0x080002d0   0x00000004   Code   RO         1703    .ARM.Collect$$$$00000004  mc_w.l(entry5.o)
    0x080002d4   0x080002d4   0x00000000   Code   RO         1705    .ARM.Collect$$$$00000008  mc_w.l(entry7b.o)
    0x080002d4   0x080002d4   0x00000000   Code   RO         1707    .ARM.Collect$$$$0000000A  mc_w.l(entry8b.o)
    0x080002d4   0x080002d4   0x00000008   Code   RO         1708    .ARM.Collect$$$$0000000B  mc_w.l(entry9a.o)
    0x080002dc   0x080002dc   0x00000000   Code   RO         1710    .ARM.Collect$$$$0000000D  mc_w.l(entry10a.o)
    0x080002dc   0x080002dc   0x00000000   Code   RO         1712    .ARM.Collect$$$$0000000F  mc_w.l(entry11a.o)
    0x080002dc   0x080002dc   0x00000004   Code   RO         1701    .ARM.Collect$$$$00002712  mc_w.l(entry2.o)
    0x080002e0   0x080002e0   0x00000024   Code   RO            4    .text               startup_stm32h723xx.o
    0x08000304   0x08000304   0x00000062   Code   RO         1435    .text               mc_w.l(uldiv.o)
    0x08000366   0x08000366   0x00000024   Code   RO         1437    .text               mc_w.l(memseta.o)
    0x0800038a   0x0800038a   0x0000001e   Code   RO         1725    .text               mc_w.l(llshl.o)
    0x080003a8   0x080003a8   0x00000020   Code   RO         1727    .text               mc_w.l(llushr.o)
    0x080003c8   0x080003c8   0x00000030   Code   RO         1740    .text               mc_w.l(init.o)
    0x080003f8   0x080003f8   0x00000002   Code   RO           34    .text.BusFault_Handler  stm32h7xx_it.o
    0x080003fa   0x080003fa   0x00000006   PAD
    0x08000400   0x08000400   0x0000001c   Code   RO          263    .text.DCMI_DMAError  stm32h7xx_hal_dcmi.o
    0x0800041c   0x0800041c   0x00000004   PAD
    0x08000420   0x08000420   0x00000096   Code   RO          261    .text.DCMI_DMAXferCplt  stm32h7xx_hal_dcmi.o
    0x080004b6   0x080004b6   0x00000002   PAD
    0x080004b8   0x080004b8   0x0000019c   Code   RO          149    .text.DCMI_OV2640_Init  dcmi_ov2640.o
    0x08000654   0x08000654   0x00000004   PAD
    0x08000658   0x08000658   0x0000000c   Code   RO           50    .text.DCMI_PSSI_IRQHandler  stm32h7xx_it.o
    0x08000664   0x08000664   0x00000004   PAD
    0x08000668   0x08000668   0x0000000c   Code   RO           46    .text.DMA1_Stream0_IRQHandler  stm32h7xx_it.o
    0x08000674   0x08000674   0x00000004   PAD
    0x08000678   0x08000678   0x0000000c   Code   RO           48    .text.DMA2_Stream7_IRQHandler  stm32h7xx_it.o
    0x08000684   0x08000684   0x00000004   PAD
    0x08000688   0x08000688   0x00000128   Code   RO          518    .text.DMA_CalcBaseAndBitshift  stm32h7xx_hal_dma.o
    0x080007b0   0x080007b0   0x0000011a   Code   RO          554    .text.DMA_MultiBufferSetConfig  stm32h7xx_hal_dma_ex.o
    0x080008ca   0x080008ca   0x00000006   PAD
    0x080008d0   0x080008d0   0x00000308   Code   RO          524    .text.DMA_SetConfig  stm32h7xx_hal_dma.o
    0x08000bd8   0x08000bd8   0x00000002   Code   RO           40    .text.DebugMon_Handler  stm32h7xx_it.o
    0x08000bda   0x08000bda   0x00000006   PAD
    0x08000be0   0x08000be0   0x00000042   Code   RO          281    .text.HAL_DCMI_ConfigCrop  stm32h7xx_hal_dcmi.o
    0x08000c22   0x08000c22   0x00000006   PAD
    0x08000c28   0x08000c28   0x0000002a   Code   RO          285    .text.HAL_DCMI_EnableCrop  stm32h7xx_hal_dcmi.o
    0x08000c52   0x08000c52   0x00000006   PAD
    0x08000c58   0x08000c58   0x00000038   Code   RO          187    .text.HAL_DCMI_ErrorCallback  dcmi_ov2640.o
    0x08000c90   0x08000c90   0x00000038   Code   RO          185    .text.HAL_DCMI_FrameEventCallback  dcmi_ov2640.o
    0x08000cc8   0x08000cc8   0x00000004   Code   RO          291    .text.HAL_DCMI_GetError  stm32h7xx_hal_dcmi.o
    0x08000ccc   0x08000ccc   0x00000004   PAD
    0x08000cd0   0x08000cd0   0x000000a6   Code   RO          271    .text.HAL_DCMI_IRQHandler  stm32h7xx_hal_dcmi.o
    0x08000d76   0x08000d76   0x00000002   PAD
    0x08000d78   0x08000d78   0x000000a4   Code   RO          251    .text.HAL_DCMI_Init  stm32h7xx_hal_dcmi.o
    0x08000e1c   0x08000e1c   0x00000004   PAD
    0x08000e20   0x08000e20   0x00000002   Code   RO          273    .text.HAL_DCMI_LineEventCallback  stm32h7xx_hal_dcmi.o
    0x08000e22   0x08000e22   0x00000006   PAD
    0x08000e28   0x08000e28   0x0000015e   Code   RO          141    .text.HAL_DCMI_MspInit  dcmi_ov2640.o
    0x08000f86   0x08000f86   0x00000002   PAD
    0x08000f88   0x08000f88   0x00000124   Code   RO          259    .text.HAL_DCMI_Start_DMA  stm32h7xx_hal_dcmi.o
    0x080010ac   0x080010ac   0x00000004   PAD
    0x080010b0   0x080010b0   0x00000002   Code   RO          275    .text.HAL_DCMI_VsyncEventCallback  stm32h7xx_hal_dcmi.o
    0x080010b2   0x080010b2   0x00000006   PAD
    0x080010b8   0x080010b8   0x00000010   Code   RO          558    .text.HAL_DMAEx_ChangeMemory  stm32h7xx_hal_dma_ex.o
    0x080010c8   0x080010c8   0x0000062c   Code   RO          556    .text.HAL_DMAEx_MultiBufferStart_IT  stm32h7xx_hal_dma_ex.o
    0x080016f4   0x080016f4   0x00000004   PAD
    0x080016f8   0x080016f8   0x000002b6   Code   RO          530    .text.HAL_DMA_Abort_IT  stm32h7xx_hal_dma.o
    0x080019ae   0x080019ae   0x00000002   PAD
    0x080019b0   0x080019b0   0x00000818   Code   RO          534    .text.HAL_DMA_IRQHandler  stm32h7xx_hal_dma.o
    0x080021c8   0x080021c8   0x0000069a   Code   RO          516    .text.HAL_DMA_Init  stm32h7xx_hal_dma.o
    0x08002862   0x08002862   0x00000006   PAD
    0x08002868   0x08002868   0x000003aa   Code   RO          526    .text.HAL_DMA_Start_IT  stm32h7xx_hal_dma.o
    0x08002c12   0x08002c12   0x00000006   PAD
    0x08002c18   0x08002c18   0x00000028   Code   RO          770    .text.HAL_Delay     stm32h7xx_hal.o
    0x08002c40   0x08002c40   0x000001a6   Code   RO          462    .text.HAL_GPIO_Init  stm32h7xx_hal_gpio.o
    0x08002de6   0x08002de6   0x00000002   PAD
    0x08002de8   0x08002de8   0x0000000a   Code   RO          466    .text.HAL_GPIO_ReadPin  stm32h7xx_hal_gpio.o
    0x08002df2   0x08002df2   0x00000006   PAD
    0x08002df8   0x08002df8   0x0000000a   Code   RO          468    .text.HAL_GPIO_WritePin  stm32h7xx_hal_gpio.o
    0x08002e02   0x08002e02   0x00000006   PAD
    0x08002e08   0x08002e08   0x0000000c   Code   RO          762    .text.HAL_GetTick   stm32h7xx_hal.o
    0x08002e14   0x08002e14   0x00000004   PAD
    0x08002e18   0x08002e18   0x0000001a   Code   RO          760    .text.HAL_IncTick   stm32h7xx_hal.o
    0x08002e32   0x08002e32   0x00000006   PAD
    0x08002e38   0x08002e38   0x00000064   Code   RO          750    .text.HAL_Init      stm32h7xx_hal.o
    0x08002e9c   0x08002e9c   0x00000004   PAD
    0x08002ea0   0x08002ea0   0x00000050   Code   RO          752    .text.HAL_InitTick  stm32h7xx_hal.o
    0x08002ef0   0x08002ef0   0x00000060   Code   RO          221    .text.HAL_MPU_ConfigRegion  stm32h7xx_hal_cortex.o
    0x08002f50   0x08002f50   0x0000001a   Code   RO          217    .text.HAL_MPU_Disable  stm32h7xx_hal_cortex.o
    0x08002f6a   0x08002f6a   0x00000006   PAD
    0x08002f70   0x08002f70   0x00000020   Code   RO          219    .text.HAL_MPU_Enable  stm32h7xx_hal_cortex.o
    0x08002f90   0x08002f90   0x00000020   Code   RO           59    .text.HAL_MspInit   stm32h7xx_hal_msp.o
    0x08002fb0   0x08002fb0   0x00000022   Code   RO          207    .text.HAL_NVIC_EnableIRQ  stm32h7xx_hal_cortex.o
    0x08002fd2   0x08002fd2   0x00000006   PAD
    0x08002fd8   0x08002fd8   0x0000005a   Code   RO          205    .text.HAL_NVIC_SetPriority  stm32h7xx_hal_cortex.o
    0x08003032   0x08003032   0x00000006   PAD
    0x08003038   0x08003038   0x00000020   Code   RO          203    .text.HAL_NVIC_SetPriorityGrouping  stm32h7xx_hal_cortex.o
    0x08003058   0x08003058   0x0000004c   Code   RO          666    .text.HAL_PWREx_ConfigSupply  stm32h7xx_hal_pwr_ex.o
    0x080030a4   0x080030a4   0x00000004   PAD
    0x080030a8   0x080030a8   0x00000026   Code   RO          353    .text.HAL_RCCEx_GetD3PCLK1Freq  stm32h7xx_hal_rcc_ex.o
    0x080030ce   0x080030ce   0x00000002   PAD
    0x080030d0   0x080030d0   0x00000128   Code   RO          349    .text.HAL_RCCEx_GetPLL2ClockFreq  stm32h7xx_hal_rcc_ex.o
    0x080031f8   0x080031f8   0x00000128   Code   RO          351    .text.HAL_RCCEx_GetPLL3ClockFreq  stm32h7xx_hal_rcc_ex.o
    0x08003320   0x08003320   0x00000254   Code   RO          305    .text.HAL_RCC_ClockConfig  stm32h7xx_hal_rcc.o
    0x08003574   0x08003574   0x00000004   PAD
    0x08003578   0x08003578   0x0000004c   Code   RO          315    .text.HAL_RCC_GetHCLKFreq  stm32h7xx_hal_rcc.o
    0x080035c4   0x080035c4   0x00000004   PAD
    0x080035c8   0x080035c8   0x00000060   Code   RO          317    .text.HAL_RCC_GetPCLK1Freq  stm32h7xx_hal_rcc.o
    0x08003628   0x08003628   0x00000060   Code   RO          319    .text.HAL_RCC_GetPCLK2Freq  stm32h7xx_hal_rcc.o
    0x08003688   0x08003688   0x0000011c   Code   RO          307    .text.HAL_RCC_GetSysClockFreq  stm32h7xx_hal_rcc.o
    0x080037a4   0x080037a4   0x00000004   PAD
    0x080037a8   0x080037a8   0x0000052c   Code   RO          303    .text.HAL_RCC_OscConfig  stm32h7xx_hal_rcc.o
    0x08003cd4   0x08003cd4   0x00000004   PAD
    0x08003cd8   0x08003cd8   0x000001bc   Code   RO         1066    .text.HAL_SPI_Init  stm32h7xx_hal_spi.o
    0x08003e94   0x08003e94   0x00000004   PAD
    0x08003e98   0x08003e98   0x00000002   Code   RO         1068    .text.HAL_SPI_MspInit  stm32h7xx_hal_spi.o
    0x08003e9a   0x08003e9a   0x00000006   PAD
    0x08003ea0   0x08003ea0   0x000002a8   Code   RO         1074    .text.HAL_SPI_Transmit  stm32h7xx_hal_spi.o
    0x08004148   0x08004148   0x0000002e   Code   RO          215    .text.HAL_SYSTICK_Config  stm32h7xx_hal_cortex.o
    0x08004176   0x08004176   0x00000002   PAD
    0x08004178   0x08004178   0x00000036   Code   RO         1347    .text.HAL_UARTEx_DisableFifoMode  stm32h7xx_hal_uart_ex.o
    0x080041ae   0x080041ae   0x00000002   PAD
    0x080041b0   0x080041b0   0x0000008c   Code   RO         1351    .text.HAL_UARTEx_SetRxFifoThreshold  stm32h7xx_hal_uart_ex.o
    0x0800423c   0x0800423c   0x00000004   PAD
    0x08004240   0x08004240   0x0000008c   Code   RO         1349    .text.HAL_UARTEx_SetTxFifoThreshold  stm32h7xx_hal_uart_ex.o
    0x080042cc   0x080042cc   0x00000004   PAD
    0x080042d0   0x080042d0   0x00000062   Code   RO         1184    .text.HAL_UART_Init  stm32h7xx_hal_uart.o
    0x08004332   0x08004332   0x00000006   PAD
    0x08004338   0x08004338   0x000000c2   Code   RO           75    .text.HAL_UART_MspInit  usart.o
    0x080043fa   0x080043fa   0x00000006   PAD
    0x08004400   0x08004400   0x000000ca   Code   RO         1204    .text.HAL_UART_Transmit  stm32h7xx_hal_uart.o
    0x080044ca   0x080044ca   0x00000006   PAD
    0x080044d0   0x080044d0   0x00000002   Code   RO           30    .text.HardFault_Handler  stm32h7xx_it.o
    0x080044d2   0x080044d2   0x00000006   PAD
    0x080044d8   0x080044d8   0x00000074   Code   RO         1396    .text.LCD_Clear     lcd.o
    0x0800454c   0x0800454c   0x00000004   PAD
    0x08004550   0x08004550   0x00000284   Code   RO         1402    .text.LCD_DrawBuffer  lcd.o
    0x080047d4   0x080047d4   0x00000004   PAD
    0x080047d8   0x080047d8   0x00001284   Code   RO         1410    .text.LCD_Init      lcd.o
    0x08005a5c   0x08005a5c   0x00000004   PAD
    0x08005a60   0x08005a60   0x000000b4   Code   RO         1423    .text.LCD_SPI_Init  lcd_spi.o
    0x08005b14   0x08005b14   0x00000004   PAD
    0x08005b18   0x08005b18   0x00000266   Code   RO         1398    .text.LCD_SetWindows  lcd.o
    0x08005d7e   0x08005d7e   0x00000002   PAD
    0x08005d80   0x08005d80   0x000001e2   Code   RO         1408    .text.LCD_direction  lcd.o
    0x08005f62   0x08005f62   0x00000006   PAD
    0x08005f68   0x08005f68   0x00000054   Code   RO           67    .text.LED_Init      led.o
    0x08005fbc   0x08005fbc   0x00000004   PAD
    0x08005fc0   0x08005fc0   0x00000002   Code   RO           32    .text.MemManage_Handler  stm32h7xx_it.o
    0x08005fc2   0x08005fc2   0x00000006   PAD
    0x08005fc8   0x08005fc8   0x00000002   Code   RO           28    .text.NMI_Handler   stm32h7xx_it.o
    0x08005fca   0x08005fca   0x00000006   PAD
    0x08005fd0   0x08005fd0   0x00000030   Code   RO          161    .text.OV2640_DMA_Transmit_Continuous  dcmi_ov2640.o
    0x08006000   0x08006000   0x000001a8   Code   RO          151    .text.OV2640_Reset  dcmi_ov2640.o
    0x080061a8   0x080061a8   0x00000002   Code   RO           42    .text.PendSV_Handler  stm32h7xx_it.o
    0x080061aa   0x080061aa   0x00000006   PAD
    0x080061b0   0x080061b0   0x000014b0   Code   RO          109    .text.SCCB_ACK      sccb.o
    0x08007660   0x08007660   0x00000088   Code   RO          101    .text.SCCB_GPIO_Config  sccb.o
    0x080076e8   0x080076e8   0x000014a4   Code   RO          111    .text.SCCB_NoACK    sccb.o
    0x08008b8c   0x08008b8c   0x00000004   PAD
    0x08008b90   0x08008b90   0x00000ac4   Code   RO          117    .text.SCCB_ReadByte  sccb.o
    0x08009654   0x08009654   0x00000004   PAD
    0x08009658   0x08009658   0x00000046   Code   RO          123    .text.SCCB_ReadReg  sccb.o
    0x0800969e   0x0800969e   0x00000002   PAD
    0x080096a0   0x080096a0   0x00000f8c   Code   RO          105    .text.SCCB_Start    sccb.o
    0x0800a62c   0x0800a62c   0x00000004   PAD
    0x0800a630   0x0800a630   0x000014a4   Code   RO          107    .text.SCCB_Stop     sccb.o
    0x0800bad4   0x0800bad4   0x00000004   PAD
    0x0800bad8   0x0800bad8   0x000014b2   Code   RO          113    .text.SCCB_WaitACK  sccb.o
    0x0800cf8a   0x0800cf8a   0x00000006   PAD
    0x0800cf90   0x0800cf90   0x00000aba   Code   RO          115    .text.SCCB_WriteByte  sccb.o
    0x0800da4a   0x0800da4a   0x00000006   PAD
    0x0800da50   0x0800da50   0x0000002a   Code   RO          121    .text.SCCB_WriteReg  sccb.o
    0x0800da7a   0x0800da7a   0x00000006   PAD
    0x0800da80   0x0800da80   0x000000d0   Code   RO         1076    .text.SPI_CloseTransfer  stm32h7xx_hal_spi.o
    0x0800db50   0x0800db50   0x00000002   Code   RO           38    .text.SVC_Handler   stm32h7xx_it.o
    0x0800db52   0x0800db52   0x00000006   PAD
    0x0800db58   0x0800db58   0x00000004   Code   RO           44    .text.SysTick_Handler  stm32h7xx_it.o
    0x0800db5c   0x0800db5c   0x00000004   PAD
    0x0800db60   0x0800db60   0x000000c8   Code   RO           15    .text.SystemClock_Config  main.o
    0x0800dc28   0x0800dc28   0x000000b0   Code   RO         1370    .text.SystemInit    system_stm32h7xx.o
    0x0800dcd8   0x0800dcd8   0x000000e0   Code   RO         1190    .text.UART_AdvFeatureConfig  stm32h7xx_hal_uart.o
    0x0800ddb8   0x0800ddb8   0x0000016e   Code   RO         1192    .text.UART_CheckIdleState  stm32h7xx_hal_uart.o
    0x0800df26   0x0800df26   0x00000002   PAD
    0x0800df28   0x0800df28   0x000004a0   Code   RO         1188    .text.UART_SetConfig  stm32h7xx_hal_uart.o
    0x0800e3c8   0x0800e3c8   0x000002ea   Code   RO         1206    .text.UART_WaitOnFlagUntilTimeout  stm32h7xx_hal_uart.o
    0x0800e6b2   0x0800e6b2   0x00000006   PAD
    0x0800e6b8   0x0800e6b8   0x00000050   Code   RO           77    .text.USART1_Init   usart.o
    0x0800e708   0x0800e708   0x00000002   Code   RO           36    .text.UsageFault_Handler  stm32h7xx_it.o
    0x0800e70a   0x0800e70a   0x00000006   PAD
    0x0800e710   0x0800e710   0x0000001e   Code   RO           87    .text.fputc         usart.o
    0x0800e72e   0x0800e72e   0x00000002   PAD
    0x0800e730   0x0800e730   0x000002c0   Code   RO           11    .text.main          main.o
    0x0800e9f0   0x0800e9f0   0x00000020   Code   RO         1572    i.__0printf$5       mc_w.l(printf5.o)
    0x0800ea10   0x0800ea10   0x0000000e   Code   RO         1748    i.__scatterload_copy  mc_w.l(handlers.o)
    0x0800ea1e   0x0800ea1e   0x00000002   Code   RO         1749    i.__scatterload_null  mc_w.l(handlers.o)
    0x0800ea20   0x0800ea20   0x0000000e   Code   RO         1750    i.__scatterload_zeroinit  mc_w.l(handlers.o)
    0x0800ea2e   0x0800ea2e   0x00000002   PAD
    0x0800ea30   0x0800ea30   0x000002c0   Code   RO         1579    i._printf_core      mc_w.l(printf5.o)
    0x0800ecf0   0x0800ecf0   0x00000006   Data   RO         1319    .rodata..Lswitch.table.UART_SetConfig.7  stm32h7xx_hal_uart.o
    0x0800ecf6   0x0800ecf6   0x00000006   Data   RO         1320    .rodata..Lswitch.table.UART_SetConfig.9  stm32h7xx_hal_uart.o
    0x0800ecfc   0x0800ecfc   0x00000010   Data   RO         1374    .rodata.D1CorePrescTable  system_stm32h7xx.o
    0x0800ed0c   0x0800ed0c   0x00000160   Data   RO          191    .rodata.OV2640_SVGA_Config  dcmi_ov2640.o
    0x0800ee6c   0x0800ee6c   0x00000018   Data   RO         1318    .rodata.UARTPrescTable  stm32h7xx_hal_uart.o
    0x0800ee84   0x0800ee84   0x00000010   Data   RO         1361    .rodata.cst8        stm32h7xx_hal_uart_ex.o
    0x0800ee94   0x0800ee94   0x00000020   Data   RO         1747    Region$$Table       anon$$obj.o


    Execution Region RW_IRAM1 (Exec base: 0x20000000, Load base: 0x0800eeb8, Size: 0x000006e0, Max: 0x00020000, ABSOLUTE)

    Exec Addr    Load Addr    Size         Type   Attr      Idx    E Section Name        Object

    0x20000000   0x0800eeb8   0x00000008   Data   RW          859    .data..L_MergedGlobals  stm32h7xx_hal.o
    0x20000008   0x0800eec0   0x00000008   Data   RW         1375    .data..L_MergedGlobals  system_stm32h7xx.o
    0x20000010        -       0x00000058   Zero   RW          194    .bss..L_MergedGlobals  dcmi_ov2640.o
    0x20000068        -       0x00000078   Zero   RW          193    .bss.DMA_Handle_dcmi  dcmi_ov2640.o
    0x200000e0        -       0x00000054   Zero   RW           92    .bss.__stdout       usart.o
    0x20000134        -       0x00000078   Zero   RW           91    .bss.hdma_usart1_tx  usart.o
    0x200001ac        -       0x00000088   Zero   RW         1425    .bss.hlcd_spi       lcd_spi.o
    0x20000234        -       0x00000094   Zero   RW           90    .bss.huart1         usart.o
    0x200002c8        -       0x0000000e   Zero   RW         1414    .bss.lcddev         lcd.o
    0x200002d6   0x0800eec8   0x00000002   PAD
    0x200002d8        -       0x00000004   Zero   RW          858    .bss.uwTick         stm32h7xx_hal.o
    0x200002dc   0x0800eec8   0x00000004   PAD
    0x200002e0        -       0x00000400   Zero   RW            1    STACK               startup_stm32h723xx.o


==============================================================================

Image component sizes


      Code (inc. data)   RO Data    RW Data    ZI Data      Debug   Object Name

      1346         80        352          0        208      16814   dcmi_ov2640.o
      6596          4          0          0         14      21289   lcd.o
       180          0          0          0        136       6282   lcd_spi.o
        84          0          0          0          0       2817   led.o
       904          0          0          0          0       6820   main.o
     30892          0          0          0          0      37075   sccb.o
        36          8        716          0       1024        816   startup_stm32h723xx.o
       258          0          0          8          4      15973   stm32h7xx_hal.o
       356          0          0          0          0      12127   stm32h7xx_hal_cortex.o
       916          0          0          0          0       9416   stm32h7xx_hal_dcmi.o
      6466         98          0          0          0      18188   stm32h7xx_hal_dma.o
      1878          0          0          0          0       8726   stm32h7xx_hal_dma_ex.o
       442          0          0          0          0       6966   stm32h7xx_hal_gpio.o
        32          0          0          0          0       2196   stm32h7xx_hal_msp.o
        76          0          0          0          0       9672   stm32h7xx_hal_pwr_ex.o
      2472         24          0          0          0      11642   stm32h7xx_hal_rcc.o
       630         40          0          0          0      20019   stm32h7xx_hal_rcc_ex.o
      1334          0          0          0          0      24117   stm32h7xx_hal_spi.o
      2820        332         36          0          0      42915   stm32h7xx_hal_uart.o
       334          0         16          0          0      11567   stm32h7xx_hal_uart_ex.o
        56          0          0          0          0       4576   stm32h7xx_it.o
       176          0         16          8          0       5239   system_stm32h7xx.o
       304          0          0          0        352      10579   usart.o

    ----------------------------------------------------------------------
     58908        594       1168         16       1744     305831   Object Totals
         0          0         32          0          0          0   (incl. Generated)
       320          8          0          0          6          0   (incl. Padding)

    ----------------------------------------------------------------------

      Code (inc. data)   RO Data    RW Data    ZI Data      Debug   Library Member Name

         0          0          0          0          0          0   entry.o
         0          0          0          0          0          0   entry10a.o
         0          0          0          0          0          0   entry11a.o
         8          4          0          0          0          0   entry2.o
         4          0          0          0          0          0   entry5.o
         0          0          0          0          0          0   entry7b.o
         0          0          0          0          0          0   entry8b.o
         8          4          0          0          0          0   entry9a.o
        30          0          0          0          0          0   handlers.o
        48         10          0          0          0         68   init.o
        30          0          0          0          0         68   llshl.o
        32          0          0          0          0         68   llushr.o
        36          0          0          0          0        108   memseta.o
       736         56          0          0          0        184   printf5.o
        98          0          0          0          0         92   uldiv.o

    ----------------------------------------------------------------------
      1032         74          0          0          0        588   Library Totals
         2          0          0          0          0          0   (incl. Padding)

    ----------------------------------------------------------------------

      Code (inc. data)   RO Data    RW Data    ZI Data      Debug   Library Name

      1030         74          0          0          0        588   mc_w.l

    ----------------------------------------------------------------------
      1032         74          0          0          0        588   Library Totals

    ----------------------------------------------------------------------

==============================================================================


      Code (inc. data)   RO Data    RW Data    ZI Data      Debug   

     59940        668       1168         16       1744     305995   Grand Totals
     59940        668       1168         16       1744     305995   ELF Image Totals
     59940        668       1168         16          0          0   ROM Totals

==============================================================================

    Total RO  Size (Code + RO Data)                61108 (  59.68kB)
    Total RW  Size (RW Data + ZI Data)              1760 (   1.72kB)
    Total ROM Size (Code + RO Data + RW Data)      61124 (  59.69kB)

==============================================================================

