<html>
<body>
<pre>
<h1>µVision Build Log</h1>
<h2>Tool Versions:</h2>
IDE-Version: ¦ÌVision V5.43.1.0
Copyright (C) 2025 ARM Ltd and ARM Germany GmbH. All rights reserved.
License Information: 1 321502568@qq.com, 1, LIC=SDA0P-MLD7Y-125LE-55A9U-YMS3K-XJ9BY
 
Tool Versions:
Toolchain:       MDK-ARM Plus  Version: 5.43.0.0
Toolchain Path:  D:\Keil5\ARM\ARMCC\Bin
C Compiler:      Armcc.exe V5.05 update 1 (build 106)
Assembler:       Armasm.exe V5.05 update 1 (build 106)
Linker/Locator:  ArmLink.exe V5.05 update 1 (build 106)
Library Manager: ArmAr.exe V5.05 update 1 (build 106)
Hex Converter:   FromElf.exe V5.05 update 1 (build 106)
CPU DLL:         SARMCM3.DLL V5.43.0.0
Dialog DLL:      DCM.DLL V1.17.5.0
Target DLL:      STLink\ST-LINKIII-KEIL_SWO.dll V3.3.1.0
Dialog DLL:      TCM.DLL V1.56.6.0
 
<h2>Project:</h2>
E:\Desktop\AIÑ§Ï°×´Ì¬¼à²âÒÇ·ÖÎö\MDK-ARM\STM32H723.uvprojx
Project File Date:  06/20/2026

<h2>Output:</h2>
*** Using Compiler 'V5.05 update 1 (build 106)', folder: 'D:\Keil5\ARM\ARMCC\Bin'
*** Note: Rebuilding project, since 'Options->Output->Create Batch File' is selected.
Rebuild target 'STM32H723'
compiling main.c...
compiling stm32h7xx_it.c...
compiling stm32h7xx_hal_msp.c...
compiling freertos.c...
..\Task\AITask.h(38): warning:  #1-D: last line of file ends without a newline
  #endif /* __AITASK_H */
..\Task\SlaveRxTask.h(91): warning:  #1-D: last line of file ends without a newline
  #endif /* __SLAVE_RX_TASK_H */
..\Task\FusionTask.h(113): warning:  #1-D: last line of file ends without a newline
  #endif /* __FUSION_TASK_H */
..\Core\Src\freertos.c: 3 warnings, 0 errors
compiling led.c...
compiling usart.c...
compiling sccb.c...
compiling dcmi_ov2640.c...
compiling stm32h7xx_hal_cortex.c...
compiling stm32h7xx_hal_dcmi.c...
compiling stm32h7xx_hal_rcc.c...
compiling stm32h7xx_hal_rcc_ex.c...
compiling stm32h7xx_hal_flash.c...
compiling stm32h7xx_hal_flash_ex.c...
compiling stm32h7xx_hal_gpio.c...
compiling stm32h7xx_hal_hsem.c...
compiling stm32h7xx_hal_dma.c...
compiling stm32h7xx_hal_dma_ex.c...
compiling stm32h7xx_hal_mdma.c...
compiling stm32h7xx_hal_pwr.c...
compiling stm32h7xx_hal_pwr_ex.c...
compiling stm32h7xx_hal.c...
compiling stm32h7xx_hal_i2c.c...
compiling stm32h7xx_hal_i2c_ex.c...
compiling stm32h7xx_hal_exti.c...
compiling stm32h7xx_hal_spi.c...
compiling stm32h7xx_hal_spi_ex.c...
compiling stm32h7xx_hal_tim.c...
compiling stm32h7xx_hal_tim_ex.c...
compiling stm32h7xx_hal_uart.c...
compiling stm32h7xx_hal_uart_ex.c...
compiling lcd.c...
compiling lcd_spi.c...
compiling touch.c...
..\LCD\touch.c(277): warning:  #223-D: function "printf" declared implicitly
      printf("[TP] Calib FAIL: p1=(%u,%u) p2=(%u,%u) p3=(%u,%u) p4=(%u,%u) fac=%u\r\n",
..\LCD\touch.c(421): warning:  #223-D: function "printf" declared implicitly
      printf("[TP] === Calibration start ===\r\n");
..\LCD\touch.c: 2 warnings, 0 errors
compiling croutine.c...
compiling event_groups.c...
compiling list.c...
compiling queue.c...
compiling stream_buffer.c...
compiling tasks.c...
compiling timers.c...
compiling port.c...
compiling heap_4.c...
compiling cmsis_os2.c...
compiling TIM.c...
compiling Camera.c...
..\Task\AITask.h(38): warning:  #1-D: last line of file ends without a newline
  #endif /* __AITASK_H */
..\Task\Camera.c: 1 warning, 0 errors
compiling WeatherTask.c...
compiling SensorTask.c...
..\Sensor\BH1750.h(81): warning:  #1-D: last line of file ends without a newline
  #endif
..\Task\SensorTask.c: 1 warning, 0 errors
compiling display_mode.c...
compiling AITask.c...
..\Task\AITask.h(38): warning:  #1-D: last line of file ends without a newline
  #endif /* __AITASK_H */
..\Task\AITask.c(211): warning:  #1-D: last line of file ends without a newline
  }
..\Task\AITask.c: 2 warnings, 0 errors
compiling SlaveRxTask.c...
..\Task\SlaveRxTask.h(91): warning:  #1-D: last line of file ends without a newline
  #endif /* __SLAVE_RX_TASK_H */
..\Task\SlaveRxTask.c(80): warning:  #870-D: invalid multibyte character sequence
          printf("[ä»Žæœº] JSON è§£æžé”™è¯¯ä½ç½®: %s\r\n", err ? err : "(ç©?");
..\Task\SlaveRxTask.c(122): warning:  #870-D: invalid multibyte character sequence
      printf("\r\n========== ä»Žæœºå¸?#%lu ==========\r\n",
..\Task\SlaveRxTask.c(126): warning:  #870-D: invalid multibyte character sequence
          printf("  æ—¶é—´æˆ?  : 0x%08lX%08lX æ¯«ç§’\r\n",
..\Task\SlaveRxTask.c(129): warning:  #870-D: invalid multibyte character sequence
          printf("  æ—¶é—´æˆ?  : %lu æ¯«ç§’\r\n", (unsigned long)ts_lo);
..\Task\SlaveRxTask.c(131): warning:  #870-D: invalid multibyte character sequence
      printf("  çŠ¶æ€?    : %s\r\n", d->state[0] ? d->state : "(ç©?");
..\Task\SlaveRxTask.c(131): warning:  #870-D: invalid multibyte character sequence
      printf("  çŠ¶æ€?    : %s\r\n", d->state[0] ? d->state : "(ç©?");
..\Task\SlaveRxTask.c(133): warning:  #870-D: invalid multibyte character sequence
      printf("  åŽ‹åŠ›å€?  : %8.3f\r\n", (double)d->pressure);
..\Task\SlaveRxTask.c(215): warning:  #1-D: last line of file ends without a newline
  }
..\Task\SlaveRxTask.c: 9 warnings, 0 errors
compiling Display.c...
..\Task\Display.c(413): warning:  #1-D: last line of file ends without a newline
  }
..\Task\Display.c: 1 warning, 0 errors
compiling TouchTask.c...
compiling FusionTask.c...
..\Task\FusionTask.h(113): warning:  #1-D: last line of file ends without a newline
  #endif /* __FUSION_TASK_H */
..\Task\AITask.h(38): warning:  #1-D: last line of file ends without a newline
  #endif /* __AITASK_H */
..\Task\SlaveRxTask.h(91): warning:  #1-D: last line of file ends without a newline
  #endif /* __SLAVE_RX_TASK_H */
..\Task\FusionTask.c(427): warning:  #1-D: last line of file ends without a newline
  }
..\Task\FusionTask.c: 4 warnings, 0 errors
compiling UART_ESP01.c...
compiling I2C.c...
compiling UART_ESP32.c...
compiling cJSON.c...
compiling ai_task.c...
compiling ai_preprocess.c...
compiling network.c...
compiling network_data.c...
compiling network_data_params.c...
compiling AHT20.c...
compiling MPU6050.c...
compiling BH1750.c...
..\Sensor\BH1750.h(81): warning:  #1-D: last line of file ends without a newline
  #endif
..\Sensor\BH1750.c(295): warning:  #1-D: last line of file ends without a newline
  }
..\Sensor\BH1750.c: 2 warnings, 0 errors
compiling MAX9814.c...
..\Sensor\MAX9814.c(371): warning:  #1-D: last line of file ends without a newline
  }
..\Sensor\MAX9814.c(54): warning:  #177-D: function "MAX9814_WaitFlag" was declared but never referenced
  static uint8_t MAX9814_WaitFlag(volatile uint32_t *reg, uint32_t mask, uint8_t state, uint32_t timeout)
..\Sensor\MAX9814.c: 2 warnings, 0 errors
compiling lv_port_disp.c...
compiling lv_port_indev.c...
compiling lv_disp.c...
compiling lv_event.c...
..\LVGL\src\core\lv_event.c(117): warning:  #188-D: enumerated type mixed with another type
      return e->code & ~LV_EVENT_PREPROCESS;
..\LVGL\src\core\lv_event.c: 1 warning, 0 errors
compiling lv_group.c...
compiling lv_indev.c...
compiling lv_indev_scroll.c...
compiling lv_obj.c...
compiling lv_obj_class.c...
compiling lv_obj_draw.c...
..\LVGL\src\core\lv_obj_draw.c(392): warning:  #188-D: enumerated type mixed with another type
      if(obj->spec_attr) return obj->spec_attr->layer_type;
..\LVGL\src\core\lv_obj_draw.c: 1 warning, 0 errors
compiling lv_obj_pos.c...
compiling lv_obj_scroll.c...
compiling lv_obj_style.c...
compiling lv_obj_style_gen.c...
compiling lv_obj_tree.c...
compiling lv_refr.c...
compiling lv_theme.c...
compiling lv_gpu_arm2d.c...
compiling lv_draw_pxp.c...
compiling lv_draw_pxp_blend.c...
compiling lv_gpu_nxp_pxp.c...
compiling lv_gpu_nxp_pxp_osa.c...
compiling lv_draw_vglite.c...
compiling lv_draw_vglite_arc.c...
compiling lv_draw_vglite_blend.c...
compiling lv_draw_vglite_line.c...
compiling lv_draw_vglite_rect.c...
compiling lv_vglite_buf.c...
compiling lv_vglite_utils.c...
compiling lv_gpu_d2_draw_label.c...
compiling lv_gpu_d2_ra6m3.c...
compiling lv_draw_sdl.c...
compiling lv_draw_sdl_arc.c...
compiling lv_draw_sdl_bg.c...
compiling lv_draw_sdl_composite.c...
compiling lv_draw_sdl_img.c...
compiling lv_draw_sdl_label.c...
compiling lv_draw_sdl_layer.c...
compiling lv_draw_sdl_line.c...
compiling lv_draw_sdl_mask.c...
compiling lv_draw_sdl_polygon.c...
compiling lv_draw_sdl_rect.c...
compiling lv_draw_sdl_stack_blur.c...
compiling lv_draw_sdl_texture_cache.c...
compiling lv_draw_sdl_utils.c...
compiling lv_gpu_stm32_dma2d.c...
compiling lv_draw_sw.c...
compiling lv_draw_sw_arc.c...
compiling lv_draw_sw_blend.c...
compiling lv_draw_sw_dither.c...
compiling lv_draw_sw_gradient.c...
compiling lv_draw_sw_img.c...
compiling lv_draw_sw_layer.c...
compiling lv_draw_sw_letter.c...
compiling lv_draw_sw_line.c...
compiling lv_draw_sw_polygon.c...
compiling lv_draw_sw_rect.c...
..\LVGL\src\draw\sw\lv_draw_sw_rect.c(234): warning:  #546-D: transfer of control bypasses initialization of:
            variable "mask_any_center" (declared at line 280)
          goto bg_clean_up;
          ^
..\LVGL\src\draw\sw\lv_draw_sw_rect.c: 1 warning, 0 errors
compiling lv_draw_sw_transform.c...
compiling lv_gpu_swm341_dma2d.c...
compiling lv_draw.c...
compiling lv_draw_arc.c...
compiling lv_draw_img.c...
compiling lv_draw_label.c...
compiling lv_draw_layer.c...
compiling lv_draw_line.c...
compiling lv_draw_mask.c...
compiling lv_draw_rect.c...
compiling lv_draw_transform.c...
compiling lv_draw_triangle.c...
compiling lv_img_buf.c...
compiling lv_img_cache.c...
compiling lv_img_decoder.c...
compiling lv_flex.c...
compiling lv_grid.c...
..\LVGL\src\extra\layouts\grid\lv_grid.c(583): warning:  #188-D: enumerated type mixed with another type
      lv_grid_align_t col_align = get_cell_col_align(item);
..\LVGL\src\extra\layouts\grid\lv_grid.c(584): warning:  #188-D: enumerated type mixed with another type
      lv_grid_align_t row_align = get_cell_row_align(item);
..\LVGL\src\extra\layouts\grid\lv_grid.c: 2 warnings, 0 errors
compiling lv_bmp.c...
compiling lv_ffmpeg.c...
compiling lv_freetype.c...
compiling lv_fs_fatfs.c...
compiling lv_fs_littlefs.c...
compiling lv_fs_posix.c...
compiling lv_fs_stdio.c...
compiling lv_fs_win32.c...
compiling gifdec.c...
compiling lv_gif.c...
compiling lodepng.c...
compiling lv_png.c...
compiling lv_qrcode.c...
compiling qrcodegen.c...
..\LVGL\src\extra\libs\qrcode\qrcodegen.c(278): warning:  #188-D: enumerated type mixed with another type
        applyMask(tempBuffer, qrcode, mask);
..\LVGL\src\extra\libs\qrcode\qrcodegen.c(279): warning:  #188-D: enumerated type mixed with another type
        drawFormatBits(ecl, mask, qrcode);
..\LVGL\src\extra\libs\qrcode\qrcodegen.c(620): warning:  #111-D: statement is unreachable
                                default:  LV_ASSERT(false);  return;
..\LVGL\src\extra\libs\qrcode\qrcodegen.c(853): warning:  #111-D: statement is unreachable
                return -1;
..\LVGL\src\extra\libs\qrcode\qrcodegen.c(1008): warning:  #111-D: statement is unreachable
                default:  LV_ASSERT(false);  return -1;  // Dummy value
..\LVGL\src\extra\libs\qrcode\qrcodegen.c: 5 warnings, 0 errors
compiling lv_rlottie.c...
compiling lv_sjpg.c...
compiling tjpgd.c...
compiling lv_tiny_ttf.c...
compiling lv_fragment.c...
compiling lv_fragment_manager.c...
compiling lv_gridnav.c...
compiling lv_ime_pinyin.c...
compiling lv_imgfont.c...
compiling lv_monkey.c...
compiling lv_msg.c...
compiling lv_snapshot.c...
compiling lv_theme_mono.c...
compiling lv_theme_default.c...
..\LVGL\src\extra\themes\default\lv_theme_default.c(211): warning:  #188-D: enumerated type mixed with another type
..\LVGL\src\extra\themes\default\lv_theme_default.c: 1 warning, 0 errors
compiling lv_theme_basic.c...
compiling lv_animimg.c...
compiling lv_calendar.c...
compiling lv_calendar_header_arrow.c...
compiling lv_calendar_header_dropdown.c...
compiling lv_chart.c...
compiling lv_colorwheel.c...
compiling lv_imgbtn.c...
compiling lv_keyboard.c...
compiling lv_led.c...
compiling lv_list.c...
compiling lv_menu.c...
compiling lv_meter.c...
compiling lv_msgbox.c...
compiling lv_span.c...
..\LVGL\src\extra\widgets\span\lv_span.c(901): warning:  #546-D: transfer of control bypasses initialization of:
            variable "align" (declared at line 905)
              goto Next_line_init;
              ^
..\LVGL\src\extra\widgets\span\lv_span.c: 1 warning, 0 errors
compiling lv_spinbox.c...
compiling lv_spinner.c...
compiling lv_tabview.c...
compiling lv_tileview.c...
compiling lv_win.c...
compiling lv_extra.c...
compiling lv_font.c...
compiling lv_font_dejavu_16_persian_hebrew.c...
compiling lv_font_fmt_txt.c...
..\LVGL\src\font\lv_font_fmt_txt.c(137): warning:  #111-D: statement is unreachable
      return NULL;
..\LVGL\src\font\lv_font_fmt_txt.c: 1 warning, 0 errors
compiling lv_font_loader.c...
compiling lv_font_montserrat_8.c...
compiling lv_font_montserrat_10.c...
compiling lv_font_montserrat_12.c...
compiling lv_font_montserrat_12_subpx.c...
compiling lv_font_montserrat_14.c...
compiling lv_font_montserrat_16.c...
compiling lv_font_montserrat_18.c...
compiling lv_font_montserrat_20.c...
compiling lv_font_montserrat_22.c...
compiling lv_font_montserrat_24.c...
compiling lv_font_montserrat_26.c...
compiling lv_font_montserrat_28.c...
compiling lv_font_montserrat_28_compressed.c...
compiling lv_font_montserrat_30.c...
compiling lv_font_montserrat_32.c...
compiling lv_font_montserrat_34.c...
compiling lv_font_montserrat_36.c...
compiling lv_font_montserrat_38.c...
compiling lv_font_montserrat_40.c...
compiling lv_font_montserrat_42.c...
compiling lv_font_montserrat_44.c...
compiling lv_font_montserrat_46.c...
compiling lv_font_montserrat_48.c...
compiling lv_font_simsun_16_cjk.c...
compiling lv_font_unscii_8.c...
compiling lv_font_unscii_16.c...
compiling lv_hal_disp.c...
..\LVGL\src\hal\lv_hal_disp.c(582): warning:  #188-D: enumerated type mixed with another type
      return disp->driver->rotated;
..\LVGL\src\hal\lv_hal_disp.c: 1 warning, 0 errors
compiling lv_hal_indev.c...
compiling lv_hal_tick.c...
compiling lv_anim.c...
compiling lv_anim_timeline.c...
compiling lv_area.c...
compiling lv_async.c...
compiling lv_bidi.c...
compiling lv_color.c...
compiling lv_fs.c...
compiling lv_gc.c...
compiling lv_ll.c...
compiling lv_log.c...
compiling lv_lru.c...
..\LVGL\src\misc\lv_lru.c(238): warning:  #68-D: integer conversion resulted in a change of sign
      uint32_t i = 0, min_index = -1;
..\LVGL\src\misc\lv_lru.c(239): warning:  #68-D: integer conversion resulted in a change of sign
      uint64_t min_access_count = -1;
..\LVGL\src\misc\lv_lru.c: 2 warnings, 0 errors
compiling lv_math.c...
compiling lv_mem.c...
..\LVGL\src\misc\lv_mem.c(324): warning:  #111-D: statement is unreachable
      return NULL;
..\LVGL\src\misc\lv_mem.c: 1 warning, 0 errors
compiling lv_printf.c...
compiling lv_style.c...
..\LVGL\src\misc\lv_style.c(214): warning:  #188-D: enumerated type mixed with another type
      return last_custom_prop_id;
..\LVGL\src\misc\lv_style.c(219): warning:  #188-D: enumerated type mixed with another type
      return last_custom_prop_id - _LV_STYLE_LAST_BUILT_IN_PROP;
..\LVGL\src\misc\lv_style.c(290): warning:  #188-D: enumerated type mixed with another type
      lv_style_set_prop_internal(style, prop | meta, null_style_value, lv_style_set_prop_meta_helper);
..\LVGL\src\misc\lv_style.c: 3 warnings, 0 errors
compiling lv_style_gen.c...
compiling lv_templ.c...
compiling lv_timer.c...
compiling lv_tlsf.c...
..\LVGL\src\misc\lv_tlsf.c(897): warning:  #68-D: integer conversion resulted in a change of sign
          offset_to_block(pool, -(int)block_header_overhead);
..\LVGL\src\misc\lv_tlsf.c(999): warning:  #68-D: integer conversion resulted in a change of sign
      block = offset_to_block(mem, -(tlsfptr_t)block_header_overhead);
..\LVGL\src\misc\lv_tlsf.c(1017): warning:  #68-D: integer conversion resulted in a change of sign
      block_header_t * block = offset_to_block(pool, -(int)block_header_overhead);
..\LVGL\src\misc\lv_tlsf.c: 3 warnings, 0 errors
compiling lv_txt.c...
compiling lv_txt_ap.c...
compiling lv_utils.c...
compiling lv_arc.c...
compiling lv_bar.c...
compiling lv_btn.c...
compiling lv_btnmatrix.c...
compiling lv_canvas.c...
compiling lv_checkbox.c...
compiling lv_dropdown.c...
compiling lv_img.c...
compiling lv_label.c...
compiling lv_line.c...
compiling lv_objx_templ.c...
compiling lv_roller.c...
compiling lv_slider.c...
compiling lv_switch.c...
compiling lv_table.c...
compiling lv_textarea.c...
compiling custom.c...
..\GUI\LVGL_myGui\src\custom\custom.c(178): warning:  #1-D: last line of file ends without a newline
  }
..\GUI\LVGL_myGui\src\custom\custom.c: 1 warning, 0 errors
compiling gui_guider.c...
compiling events_init.c...
compiling setup_scr_screen_1.c...
compiling widgets_init.c...
compiling _WIFI_alpha_20x20.c...
compiling _temperature_alpha_40x40.c...
compiling _humidity_alpha_30x30.c...
compiling _percentage_alpha_26x26.c...
compiling _Celsius_alpha_25x25.c...
compiling _Celsius_alpha_20x20.c...
compiling _Sunny_Cloudy_alpha_88x67.c...
compiling _low_alpha_30x50.c...
compiling _high_alpha_30x50.c...
compiling lv_font_Antonio_Regular_25.c...
compiling lv_font_Alatsi_Regular_25.c...
compiling lv_font_Alatsi_Regular_30.c...
compiling lv_font_Alatsi_Regular_50.c...
compiling lv_font_Alatsi_Regular_75.c...
compiling lv_font_SourceHanSerifSC_Regular_12.c...
compiling lv_font_SourceHanSerifSC_Regular_17.c...
compiling lv_font_SourceHanSerifSC_Regular_30.c...
assembling startup_stm32h723xx.s...
compiling system_stm32h7xx.c...
linking...
Program Size: Code=233762 RO-data=268078 RW-data=7972 ZI-data=125196  
".\STM32H723\STM32H723.axf" - 0 Error(s), 51 Warning(s).

<h2>Software Packages used:</h2>

Package Vendor: ARM
                http://www.keil.com/pack/ARM.CMSIS.4.2.0.pack
                ARM::CMSIS@4.2.0
                CMSIS (Cortex Microcontroller Software Interface Standard)
   * Component: CORE Version: 3.40.0

Package Vendor: Keil
                https://www.keil.com/pack/Keil.STM32H7xx_DFP.3.1.1.pack
                Keil::STM32H7xx_DFP@3.1.1
                STMicroelectronics STM32H7 Series Device Support and Examples
   * Component: Startup Version: 1.11.0

<h2>Collection of Component include folders:</h2>
  ./RTE/_STM32H723
  D:/Keil5/ARM/Pack/ARM/CMSIS/4.2.0/CMSIS/Include
  D:/Keil5/ARM/Pack/Keil/STM32H7xx_DFP/3.1.1/Drivers/CMSIS/Device/ST/STM32H7xx/Include

<h2>Collection of Component Files used:</h2>

   * Component: ARM::CMSIS:CORE@3.40.0
      Source file:   CMSIS/UserCodeTemplates/ARM/ITM_Retarget.c

   * Component: Keil::Device:Startup@1.11.0
      Include file:  Drivers/CMSIS/Device/ST/STM32H7xx/Include/stm32h7xx.h
      Source file:   Drivers/CMSIS/Device/ST/STM32H7xx/Source/Templates/arm/startup_stm32h723xx.s
      Source file:   Drivers/CMSIS/Device/ST/STM32H7xx/Source/Templates/system_stm32h7xx.c
Build Time Elapsed:  00:00:49
</pre>
</body>
</html>
