Component: ARM Compiler 5.05 update 1 (build 106) Tool: armlink [4d0efa]

==============================================================================

Section Cross References

    startup_stm32h723xx.o(RESET) refers to startup_stm32h723xx.o(STACK) for __initial_sp
    startup_stm32h723xx.o(RESET) refers to startup_stm32h723xx.o(.text) for Reset_Handler
    startup_stm32h723xx.o(RESET) refers to stm32h7xx_it.o(i.NMI_Handler) for NMI_Handler
    startup_stm32h723xx.o(RESET) refers to stm32h7xx_it.o(i.HardFault_Handler) for HardFault_Handler
    startup_stm32h723xx.o(RESET) refers to stm32h7xx_it.o(i.MemManage_Handler) for MemManage_Handler
    startup_stm32h723xx.o(RESET) refers to stm32h7xx_it.o(i.BusFault_Handler) for BusFault_Handler
    startup_stm32h723xx.o(RESET) refers to stm32h7xx_it.o(i.UsageFault_Handler) for UsageFault_Handler
    startup_stm32h723xx.o(RESET) refers to port.o(.emb_text) for SVC_Handler
    startup_stm32h723xx.o(RESET) refers to stm32h7xx_it.o(i.DebugMon_Handler) for DebugMon_Handler
    startup_stm32h723xx.o(RESET) refers to stm32h7xx_it.o(i.SysTick_Handler) for SysTick_Handler
    startup_stm32h723xx.o(.text) refers to system_stm32h7xx.o(i.SystemInit) for SystemInit
    startup_stm32h723xx.o(.text) refers to entry.o(.ARM.Collect$$$$00000000) for __main
    main.o(i.MPU_Config) refers to stm32h7xx_hal_cortex.o(i.HAL_MPU_Disable) for HAL_MPU_Disable
    main.o(i.MPU_Config) refers to stm32h7xx_hal_cortex.o(i.HAL_MPU_ConfigRegion) for HAL_MPU_ConfigRegion
    main.o(i.MPU_Config) refers to stm32h7xx_hal_cortex.o(i.HAL_MPU_Enable) for HAL_MPU_Enable
    main.o(i.SystemClock_Config) refers to memseta.o(.text) for __aeabi_memclr4
    main.o(i.SystemClock_Config) refers to stm32h7xx_hal_pwr_ex.o(i.HAL_PWREx_ConfigSupply) for HAL_PWREx_ConfigSupply
    main.o(i.SystemClock_Config) refers to stm32h7xx_hal_rcc.o(i.HAL_RCC_OscConfig) for HAL_RCC_OscConfig
    main.o(i.SystemClock_Config) refers to stm32h7xx_hal_rcc.o(i.HAL_RCC_ClockConfig) for HAL_RCC_ClockConfig
    main.o(i.main) refers to main.o(i.MPU_Config) for MPU_Config
    main.o(i.main) refers to stm32h7xx_hal.o(i.HAL_Init) for HAL_Init
    main.o(i.main) refers to main.o(i.SystemClock_Config) for SystemClock_Config
    main.o(i.main) refers to led.o(i.LED_Init) for LED_Init
    main.o(i.main) refers to usart.o(i.USART1_Init) for USART1_Init
    main.o(i.main) refers to lcd.o(i.LCD_Init) for LCD_Init
    main.o(i.main) refers to dcmi_ov2640.o(i.DCMI_OV2640_Init) for DCMI_OV2640_Init
    main.o(i.main) refers to dcmi_ov2640.o(i.OV2640_DMA_Transmit_Continuous) for OV2640_DMA_Transmit_Continuous
    main.o(i.main) refers to lcd.o(i.LCD_DrawBuffer) for LCD_DrawBuffer
    main.o(i.main) refers to dcmi_ov2640.o(.data) for DCMI_FrameState
    stm32h7xx_it.o(i.SysTick_Handler) refers to stm32h7xx_hal.o(i.HAL_IncTick) for HAL_IncTick
    stm32h7xx_it.o(i.SysTick_Handler) refers to tasks.o(i.xTaskGetSchedulerState) for xTaskGetSchedulerState
    stm32h7xx_it.o(i.SysTick_Handler) refers to port.o(i.xPortSysTickHandler) for xPortSysTickHandler
    freertos.o(i.MX_FREERTOS_Init) refers to cmsis_os2.o(i.osThreadNew) for osThreadNew
    freertos.o(i.MX_FREERTOS_Init) refers to freertos.o(.constdata) for .constdata
    freertos.o(i.MX_FREERTOS_Init) refers to freertos.o(i.StartDefaultTask) for StartDefaultTask
    freertos.o(i.MX_FREERTOS_Init) refers to freertos.o(.data) for .data
    freertos.o(i.StartDefaultTask) refers to cmsis_os2.o(i.osDelay) for osDelay
    freertos.o(.constdata) refers to freertos.o(.conststring) for .conststring
    led.o(i.LED_Init) refers to memseta.o(.text) for __aeabi_memclr4
    led.o(i.LED_Init) refers to stm32h7xx_hal_gpio.o(i.HAL_GPIO_WritePin) for HAL_GPIO_WritePin
    led.o(i.LED_Init) refers to stm32h7xx_hal_gpio.o(i.HAL_GPIO_Init) for HAL_GPIO_Init
    usart.o(i.HAL_UART_MspInit) refers to memseta.o(.text) for __aeabi_memclr4
    usart.o(i.HAL_UART_MspInit) refers to stm32h7xx_hal_gpio.o(i.HAL_GPIO_Init) for HAL_GPIO_Init
    usart.o(i.USART1_Init) refers to stm32h7xx_hal_uart.o(i.HAL_UART_Init) for HAL_UART_Init
    usart.o(i.USART1_Init) refers to stm32h7xx_hal_uart_ex.o(i.HAL_UARTEx_SetTxFifoThreshold) for HAL_UARTEx_SetTxFifoThreshold
    usart.o(i.USART1_Init) refers to stm32h7xx_hal_uart_ex.o(i.HAL_UARTEx_SetRxFifoThreshold) for HAL_UARTEx_SetRxFifoThreshold
    usart.o(i.USART1_Init) refers to stm32h7xx_hal_uart_ex.o(i.HAL_UARTEx_DisableFifoMode) for HAL_UARTEx_DisableFifoMode
    usart.o(i.USART1_Init) refers to usart.o(.bss) for .bss
    usart.o(i.fputc) refers to stm32h7xx_hal_uart.o(i.HAL_UART_Transmit) for HAL_UART_Transmit
    usart.o(i.fputc) refers to usart.o(.bss) for .bss
    sccb.o(i.SCCB_ACK) refers to stm32h7xx_hal_gpio.o(i.HAL_GPIO_WritePin) for HAL_GPIO_WritePin
    sccb.o(i.SCCB_ACK) refers to sccb.o(i.SCCB_Delay) for SCCB_Delay
    sccb.o(i.SCCB_GPIO_Config) refers to memseta.o(.text) for __aeabi_memclr4
[...]
    Removing cmsis_os2.o(i.osTimerStart), (50 bytes).
    Removing cmsis_os2.o(i.osTimerStop), (68 bytes).
    Removing cmsis_os2.o(i.vApplicationGetIdleTaskMemory), (24 bytes).
    Removing cmsis_os2.o(i.vApplicationGetTimerTaskMemory), (24 bytes).
    Removing cmsis_os2.o(.bss), (1720 bytes).
    Removing cmsis_os2.o(.data), (4 bytes).
    Removing dadd.o(.text), (334 bytes).
    Removing dmul.o(.text), (228 bytes).
    Removing ddiv.o(.text), (222 bytes).
    Removing dfixul.o(.text), (48 bytes).
    Removing cdrcmple.o(.text), (48 bytes).
    Removing depilogue.o(.text), (186 bytes).

867 unused section(s) (total 89790 bytes) removed from the image.

==============================================================================

Image Symbol Table

    Local Symbols

    Symbol Name                              Value     Ov Type        Size  Object(Section)

    ../Core/Src/main.c                       0x00000000   Number         0  main.o ABSOLUTE
    ../Core/Src/stm32h7xx_hal_msp.c          0x00000000   Number         0  stm32h7xx_hal_msp.o ABSOLUTE
    ../Core/Src/stm32h7xx_it.c               0x00000000   Number         0  stm32h7xx_it.o ABSOLUTE
    ../Core/Src/system_stm32h7xx.c           0x00000000   Number         0  system_stm32h7xx.o ABSOLUTE
    ../Drivers/STM32H7xx_HAL_Driver/Src/stm32h7xx_hal.c 0x00000000   Number         0  stm32h7xx_hal.o ABSOLUTE
    ../Drivers/STM32H7xx_HAL_Driver/Src/stm32h7xx_hal_cortex.c 0x00000000   Number         0  stm32h7xx_hal_cortex.o ABSOLUTE
    ../Drivers/STM32H7xx_HAL_Driver/Src/stm32h7xx_hal_dcmi.c 0x00000000   Number         0  stm32h7xx_hal_dcmi.o ABSOLUTE
    ../Drivers/STM32H7xx_HAL_Driver/Src/stm32h7xx_hal_dma.c 0x00000000   Number         0  stm32h7xx_hal_dma.o ABSOLUTE
    ../Drivers/STM32H7xx_HAL_Driver/Src/stm32h7xx_hal_dma_ex.c 0x00000000   Number         0  stm32h7xx_hal_dma_ex.o ABSOLUTE
    ../Drivers/STM32H7xx_HAL_Driver/Src/stm32h7xx_hal_exti.c 0x00000000   Number         0  stm32h7xx_hal_exti.o ABSOLUTE
    ../Drivers/STM32H7xx_HAL_Driver/Src/stm32h7xx_hal_flash.c 0x00000000   Number         0  stm32h7xx_hal_flash.o ABSOLUTE
    ../Drivers/STM32H7xx_HAL_Driver/Src/stm32h7xx_hal_flash_ex.c 0x00000000   Number         0  stm32h7xx_hal_flash_ex.o ABSOLUTE
    ../Drivers/STM32H7xx_HAL_Driver/Src/stm32h7xx_hal_gpio.c 0x00000000   Number         0  stm32h7xx_hal_gpio.o ABSOLUTE
    ../Drivers/STM32H7xx_HAL_Driver/Src/stm32h7xx_hal_hsem.c 0x00000000   Number         0  stm32h7xx_hal_hsem.o ABSOLUTE
    ../Drivers/STM32H7xx_HAL_Driver/Src/stm32h7xx_hal_i2c.c 0x00000000   Number         0  stm32h7xx_hal_i2c.o ABSOLUTE
    ../Drivers/STM32H7xx_HAL_Driver/Src/stm32h7xx_hal_i2c_ex.c 0x00000000   Number         0  stm32h7xx_hal_i2c_ex.o ABSOLUTE
    ../Drivers/STM32H7xx_HAL_Driver/Src/stm32h7xx_hal_mdma.c 0x00000000   Number         0  stm32h7xx_hal_mdma.o ABSOLUTE
    ../Drivers/STM32H7xx_HAL_Driver/Src/stm32h7xx_hal_pwr.c 0x00000000   Number         0  stm32h7xx_hal_pwr.o ABSOLUTE
    ../Drivers/STM32H7xx_HAL_Driver/Src/stm32h7xx_hal_pwr_ex.c 0x00000000   Number         0  stm32h7xx_hal_pwr_ex.o ABSOLUTE
    ../Drivers/STM32H7xx_HAL_Driver/Src/stm32h7xx_hal_rcc.c 0x00000000   Number         0  stm32h7xx_hal_rcc.o ABSOLUTE
    ../Drivers/STM32H7xx_HAL_Driver/Src/stm32h7xx_hal_rcc_ex.c 0x00000000   Number         0  stm32h7xx_hal_rcc_ex.o ABSOLUTE
    ../Drivers/STM32H7xx_HAL_Driver/Src/stm32h7xx_hal_spi.c 0x00000000   Number         0  stm32h7xx_hal_spi.o ABSOLUTE
    ../Drivers/STM32H7xx_HAL_Driver/Src/stm32h7xx_hal_spi_ex.c 0x00000000   Number         0  stm32h7xx_hal_spi_ex.o ABSOLUTE
    ../Drivers/STM32H7xx_HAL_Driver/Src/stm32h7xx_hal_tim.c 0x00000000   Number         0  stm32h7xx_hal_tim.o ABSOLUTE
    ../Drivers/STM32H7xx_HAL_Driver/Src/stm32h7xx_hal_tim_ex.c 0x00000000   Number         0  stm32h7xx_hal_tim_ex.o ABSOLUTE
    ../Drivers/STM32H7xx_HAL_Driver/Src/stm32h7xx_hal_uart.c 0x00000000   Number         0  stm32h7xx_hal_uart.o ABSOLUTE
    ../Drivers/STM32H7xx_HAL_Driver/Src/stm32h7xx_hal_uart_ex.c 0x00000000   Number         0  stm32h7xx_hal_uart_ex.o ABSOLUTE
    ../clib/microlib/division.c              0x00000000   Number         0  uidiv.o ABSOLUTE
    ../clib/microlib/division.c              0x00000000   Number         0  uldiv.o ABSOLUTE
    ../clib/microlib/init/entry.s            0x00000000   Number         0  entry8b.o ABSOLUTE
    ../clib/microlib/init/entry.s            0x00000000   Number         0  entry9a.o ABSOLUTE
    ../clib/microlib/init/entry.s            0x00000000   Number         0  entry9b.o ABSOLUTE
    ../clib/microlib/init/entry.s            0x00000000   Number         0  entry11b.o ABSOLUTE
    ../clib/microlib/init/entry.s            0x00000000   Number         0  entry8a.o ABSOLUTE
    ../clib/microlib/init/entry.s            0x00000000   Number         0  entry10b.o ABSOLUTE
    ../clib/microlib/init/entry.s            0x00000000   Number         0  entry7b.o ABSOLUTE
    ../clib/microlib/init/entry.s            0x00000000   Number         0  entry7a.o ABSOLUTE
    ../clib/microlib/init/entry.s            0x00000000   Number         0  entry10a.o ABSOLUTE
    ../clib/microlib/init/entry.s            0x00000000   Number         0  entry5.o ABSOLUTE
    ../clib/microlib/init/entry.s            0x00000000   Number         0  entry.o ABSOLUTE
    ../clib/microlib/init/entry.s            0x00000000   Number         0  entry11a.o ABSOLUTE
    ../clib/microlib/init/entry.s            0x00000000   Number         0  entry2.o ABSOLUTE
    ../clib/microlib/longlong.c              0x00000000   Number         0  llsshr.o ABSOLUTE
    ../clib/microlib/longlong.c              0x00000000   Number         0  llushr.o ABSOLUTE
    ../clib/microlib/longlong.c              0x00000000   Number         0  llshl.o ABSOLUTE
    ../clib/microlib/printf/printf.c         0x00000000   Number         0  printf1.o ABSOLUTE
    ../clib/microlib/printf/printf.c         0x00000000   Number         0  printf0.o ABSOLUTE
    ../clib/microlib/printf/printf.c         0x00000000   Number         0  printf8.o ABSOLUTE
    ../clib/microlib/printf/printf.c         0x00000000   Number         0  printf7.o ABSOLUTE
    ../clib/microlib/printf/printf.c         0x00000000   Number         0  printf6.o ABSOLUTE
    ../clib/microlib/printf/printf.c         0x00000000   Number         0  printfb.o ABSOLUTE
    ../clib/microlib/printf/printf.c         0x00000000   Number         0  printfa.o ABSOLUTE
    ../clib/microlib/printf/printf.c         0x00000000   Number         0  printf5.o ABSOLUTE
    ../clib/microlib/printf/printf.c         0x00000000   Number         0  printf4.o ABSOLUTE
    ../clib/microlib/printf/printf.c         0x00000000   Number         0  printf3.o ABSOLUTE
    ../clib/microlib/printf/printf.c         0x00000000   Number         0  printf2.o ABSOLUTE
    ../clib/microlib/printf/stubs.s          0x00000000   Number         0  stubs.o ABSOLUTE
    ../clib/microlib/string/memcpy.c         0x00000000   Number         0  memcpya.o ABSOLUTE
    ../clib/microlib/string/memcpy.c         0x00000000   Number         0  memcpyb.o ABSOLUTE
    ../clib/microlib/string/memset.c         0x00000000   Number         0  memseta.o ABSOLUTE
    ../clib/microlib/string/memset.c         0x00000000   Number         0  memset.o ABSOLUTE
    ../clib/microlib/stubs.s                 0x00000000   Number         0  useno.o ABSOLUTE
    ../clib/microlib/stubs.s                 0x00000000   Number         0  iusefp.o ABSOLUTE
    ../fplib/microlib/fpadd.c                0x00000000   Number         0  dadd.o ABSOLUTE
    ../fplib/microlib/fpdiv.c                0x00000000   Number         0  ddiv.o ABSOLUTE
    ../fplib/microlib/fpepilogue.c           0x00000000   Number         0  depilogue.o ABSOLUTE
    ../fplib/microlib/fpfix.c                0x00000000   Number         0  dfixul.o ABSOLUTE
    ../fplib/microlib/fpmul.c                0x00000000   Number         0  dmul.o ABSOLUTE
    ..\Core\Src\freertos.c                   0x00000000   Number         0  freertos.o ABSOLUTE
    ..\Core\Src\main.c                       0x00000000   Number         0  main.o ABSOLUTE
    ..\Core\Src\stm32h7xx_hal_msp.c          0x00000000   Number         0  stm32h7xx_hal_msp.o ABSOLUTE
    ..\Core\Src\stm32h7xx_it.c               0x00000000   Number         0  stm32h7xx_it.o ABSOLUTE
    ..\Core\Src\system_stm32h7xx.c           0x00000000   Number         0  system_stm32h7xx.o ABSOLUTE
    ..\Drivers\STM32H7xx_HAL_Driver\Src\stm32h7xx_hal.c 0x00000000   Number         0  stm32h7xx_hal.o ABSOLUTE
    ..\Drivers\STM32H7xx_HAL_Driver\Src\stm32h7xx_hal_cortex.c 0x00000000   Number         0  stm32h7xx_hal_cortex.o ABSOLUTE
    ..\Drivers\STM32H7xx_HAL_Driver\Src\stm32h7xx_hal_dcmi.c 0x00000000   Number         0  stm32h7xx_hal_dcmi.o ABSOLUTE
    ..\Drivers\STM32H7xx_HAL_Driver\Src\stm32h7xx_hal_dma.c 0x00000000   Number         0  stm32h7xx_hal_dma.o ABSOLUTE
    ..\Drivers\STM32H7xx_HAL_Driver\Src\stm32h7xx_hal_dma_ex.c 0x00000000   Number         0  stm32h7xx_hal_dma_ex.o ABSOLUTE
    ..\Drivers\STM32H7xx_HAL_Driver\Src\stm32h7xx_hal_exti.c 0x00000000   Number         0  stm32h7xx_hal_exti.o ABSOLUTE
    ..\Drivers\STM32H7xx_HAL_Driver\Src\stm32h7xx_hal_flash.c 0x00000000   Number         0  stm32h7xx_hal_flash.o ABSOLUTE
    ..\Drivers\STM32H7xx_HAL_Driver\Src\stm32h7xx_hal_flash_ex.c 0x00000000   Number         0  stm32h7xx_hal_flash_ex.o ABSOLUTE
    ..\Drivers\STM32H7xx_HAL_Driver\Src\stm32h7xx_hal_gpio.c 0x00000000   Number         0  stm32h7xx_hal_gpio.o ABSOLUTE
    ..\Drivers\STM32H7xx_HAL_Driver\Src\stm32h7xx_hal_hsem.c 0x00000000   Number         0  stm32h7xx_hal_hsem.o ABSOLUTE
    ..\Drivers\STM32H7xx_HAL_Driver\Src\stm32h7xx_hal_i2c.c 0x00000000   Number         0  stm32h7xx_hal_i2c.o ABSOLUTE
    ..\Drivers\STM32H7xx_HAL_Driver\Src\stm32h7xx_hal_i2c_ex.c 0x00000000   Number         0  stm32h7xx_hal_i2c_ex.o ABSOLUTE
    ..\Drivers\STM32H7xx_HAL_Driver\Src\stm32h7xx_hal_mdma.c 0x00000000   Number         0  stm32h7xx_hal_mdma.o ABSOLUTE
    ..\Drivers\STM32H7xx_HAL_Driver\Src\stm32h7xx_hal_pwr.c 0x00000000   Number         0  stm32h7xx_hal_pwr.o ABSOLUTE
    ..\Drivers\STM32H7xx_HAL_Driver\Src\stm32h7xx_hal_pwr_ex.c 0x00000000   Number         0  stm32h7xx_hal_pwr_ex.o ABSOLUTE
    ..\Drivers\STM32H7xx_HAL_Driver\Src\stm32h7xx_hal_rcc.c 0x00000000   Number         0  stm32h7xx_hal_rcc.o ABSOLUTE
    ..\Drivers\STM32H7xx_HAL_Driver\Src\stm32h7xx_hal_rcc_ex.c 0x00000000   Number         0  stm32h7xx_hal_rcc_ex.o ABSOLUTE
    ..\Drivers\STM32H7xx_HAL_Driver\Src\stm32h7xx_hal_spi.c 0x00000000   Number         0  stm32h7xx_hal_spi.o ABSOLUTE
    ..\Drivers\STM32H7xx_HAL_Driver\Src\stm32h7xx_hal_spi_ex.c 0x00000000   Number         0  stm32h7xx_hal_spi_ex.o ABSOLUTE
    ..\Drivers\STM32H7xx_HAL_Driver\Src\stm32h7xx_hal_tim.c 0x00000000   Number         0  stm32h7xx_hal_tim.o ABSOLUTE
    ..\Drivers\STM32H7xx_HAL_Driver\Src\stm32h7xx_hal_tim_ex.c 0x00000000   Number         0  stm32h7xx_hal_tim_ex.o ABSOLUTE
    ..\Drivers\STM32H7xx_HAL_Driver\Src\stm32h7xx_hal_uart.c 0x00000000   Number         0  stm32h7xx_hal_uart.o ABSOLUTE
    ..\Drivers\STM32H7xx_HAL_Driver\Src\stm32h7xx_hal_uart_ex.c 0x00000000   Number         0  stm32h7xx_hal_uart_ex.o ABSOLUTE
    ..\Drivers\User\Src\dcmi_ov2640.c        0x00000000   Number         0  dcmi_ov2640.o ABSOLUTE
    ..\Drivers\User\Src\led.c                0x00000000   Number         0  led.o ABSOLUTE
    ..\Drivers\User\Src\sccb.c               0x00000000   Number         0  sccb.o ABSOLUTE
    ..\Drivers\User\Src\usart.c              0x00000000   Number         0  usart.o ABSOLUTE
    ..\LCD\lcd.c                             0x00000000   Number         0  lcd.o ABSOLUTE
    ..\LCD\lcd_spi.c                         0x00000000   Number         0  lcd_spi.o ABSOLUTE
    ..\Middlewares\Third_Party\FreeRTOS\Source\CMSIS_RTOS_V2\cmsis_os2.c 0x00000000   Number         0  cmsis_os2.o ABSOLUTE
    ..\Middlewares\Third_Party\FreeRTOS\Source\croutine.c 0x00000000   Number         0  croutine.o ABSOLUTE
    ..\Middlewares\Third_Party\FreeRTOS\Source\event_groups.c 0x00000000   Number         0  event_groups.o ABSOLUTE
    ..\Middlewares\Third_Party\FreeRTOS\Source\list.c 0x00000000   Number         0  list.o ABSOLUTE
    ..\Middlewares\Third_Party\FreeRTOS\Source\portable\MemMang\heap_4.c 0x00000000   Number         0  heap_4.o ABSOLUTE
    ..\Middlewares\Third_Party\FreeRTOS\Source\portable\RVDS\ARM_CM4F\port.c 0x00000000   Number         0  port.o ABSOLUTE
    ..\Middlewares\Third_Party\FreeRTOS\Source\queue.c 0x00000000   Number         0  queue.o ABSOLUTE
    ..\Middlewares\Third_Party\FreeRTOS\Source\stream_buffer.c 0x00000000   Number         0  stream_buffer.o ABSOLUTE
    ..\Middlewares\Third_Party\FreeRTOS\Source\tasks.c 0x00000000   Number         0  tasks.o ABSOLUTE
    ..\Middlewares\Third_Party\FreeRTOS\Source\timers.c 0x00000000   Number         0  timers.o ABSOLUTE
    ..\\Core\\Src\\freertos.c                0x00000000   Number         0  freertos.o ABSOLUTE
    ..\\Drivers\\User\\Src\\dcmi_ov2640.c    0x00000000   Number         0  dcmi_ov2640.o ABSOLUTE
    ..\\Drivers\\User\\Src\\led.c            0x00000000   Number         0  led.o ABSOLUTE
    ..\\Drivers\\User\\Src\\sccb.c           0x00000000   Number         0  sccb.o ABSOLUTE
    ..\\Drivers\\User\\Src\\usart.c          0x00000000   Number         0  usart.o ABSOLUTE
    ..\\LCD\\lcd.c                           0x00000000   Number         0  lcd.o ABSOLUTE
    ..\\LCD\\lcd_spi.c                       0x00000000   Number         0  lcd_spi.o ABSOLUTE
    ..\\Middlewares\\Third_Party\\FreeRTOS\\Source\\CMSIS_RTOS_V2\\cmsis_os2.c 0x00000000   Number         0  cmsis_os2.o ABSOLUTE
    ..\\Middlewares\\Third_Party\\FreeRTOS\\Source\\portable\\RVDS\\ARM_CM4F\\port.c 0x00000000   Number         0  port.o ABSOLUTE
    cdrcmple.s                               0x00000000   Number         0  cdrcmple.o ABSOLUTE
    dc.s                                     0x00000000   Number         0  dc.o ABSOLUTE
    handlers.s                               0x00000000   Number         0  handlers.o ABSOLUTE
    init.s                                   0x00000000   Number         0  init.o ABSOLUTE
    startup_stm32h723xx.s                    0x00000000   Number         0  startup_stm32h723xx.o ABSOLUTE
    RESET                                    0x08000000   Section      716  startup_stm32h723xx.o(RESET)
    .ARM.Collect$$$$00000000                 0x080002cc   Section        0  entry.o(.ARM.Collect$$$$00000000)
    .ARM.Collect$$$$00000001                 0x080002cc   Section        4  entry2.o(.ARM.Collect$$$$00000001)
    .ARM.Collect$$$$00000004                 0x080002d0   Section        4  entry5.o(.ARM.Collect$$$$00000004)
    .ARM.Collect$$$$00000008                 0x080002d4   Section        0  entry7b.o(.ARM.Collect$$$$00000008)
    .ARM.Collect$$$$0000000A                 0x080002d4   Section        0  entry8b.o(.ARM.Collect$$$$0000000A)
    .ARM.Collect$$$$0000000B                 0x080002d4   Section        8  entry9a.o(.ARM.Collect$$$$0000000B)
    .ARM.Collect$$$$0000000D                 0x080002dc   Section        0  entry10a.o(.ARM.Collect$$$$0000000D)
    .ARM.Collect$$$$0000000F                 0x080002dc   Section        0  entry11a.o(.ARM.Collect$$$$0000000F)
    .ARM.Collect$$$$00002712                 0x080002dc   Section        4  entry2.o(.ARM.Collect$$$$00002712)
    __lit__00000000                          0x080002dc   Data           4  entry2.o(.ARM.Collect$$$$00002712)
    .emb_text                                0x080002e0   Section      190  port.o(.emb_text)
    $v0                                      0x080002e0   Number         0  port.o(.emb_text)
    .text                                    0x080003a0   Section       36  startup_stm32h723xx.o(.text)
    $v0                                      0x080003a0   Number         0  startup_stm32h723xx.o(.text)
    .text                                    0x080003c4   Section        0  uldiv.o(.text)
    .text                                    0x08000426   Section        0  memseta.o(.text)
    .text                                    0x0800044a   Section        0  llshl.o(.text)
    .text                                    0x08000468   Section        0  llushr.o(.text)
    .text                                    0x08000488   Section       36  init.o(.text)
    i.BusFault_Handler                       0x080004ac   Section        0  stm32h7xx_it.o(i.BusFault_Handler)
    i.DCMI_DMAError                          0x080004ae   Section        0  stm32h7xx_hal_dcmi.o(i.DCMI_DMAError)
    DCMI_DMAError                            0x080004af   Thumb Code    32  stm32h7xx_hal_dcmi.o(i.DCMI_DMAError)
    i.DCMI_DMAXferCplt                       0x080004ce   Section        0  stm32h7xx_hal_dcmi.o(i.DCMI_DMAXferCplt)
    DCMI_DMAXferCplt                         0x080004cf   Thumb Code   132  stm32h7xx_hal_dcmi.o(i.DCMI_DMAXferCplt)
    i.DCMI_OV2640_Init                       0x08000554   Section        0  dcmi_ov2640.o(i.DCMI_OV2640_Init)
    i.DMA_CalcBaseAndBitshift                0x080005e8   Section        0  stm32h7xx_hal_dma.o(i.DMA_CalcBaseAndBitshift)
    DMA_CalcBaseAndBitshift                  0x080005e9   Thumb Code   168  stm32h7xx_hal_dma.o(i.DMA_CalcBaseAndBitshift)
    i.DMA_CalcDMAMUXChannelBaseAndMask       0x0800069c   Section        0  stm32h7xx_hal_dma.o(i.DMA_CalcDMAMUXChannelBaseAndMask)
    DMA_CalcDMAMUXChannelBaseAndMask         0x0800069d   Thumb Code   138  stm32h7xx_hal_dma.o(i.DMA_CalcDMAMUXChannelBaseAndMask)
    i.DMA_CalcDMAMUXRequestGenBaseAndMask    0x08000738   Section        0  stm32h7xx_hal_dma.o(i.DMA_CalcDMAMUXRequestGenBaseAndMask)
    DMA_CalcDMAMUXRequestGenBaseAndMask      0x08000739   Thumb Code   104  stm32h7xx_hal_dma.o(i.DMA_CalcDMAMUXRequestGenBaseAndMask)
    i.DMA_CheckFifoParam                     0x080007ac   Section        0  stm32h7xx_hal_dma.o(i.DMA_CheckFifoParam)
    DMA_CheckFifoParam                       0x080007ad   Thumb Code    84  stm32h7xx_hal_dma.o(i.DMA_CheckFifoParam)
    i.DMA_MultiBufferSetConfig               0x08000800   Section        0  stm32h7xx_hal_dma_ex.o(i.DMA_MultiBufferSetConfig)
    DMA_MultiBufferSetConfig                 0x08000801   Thumb Code   150  stm32h7xx_hal_dma_ex.o(i.DMA_MultiBufferSetConfig)
    i.DMA_SetConfig                          0x080008a0   Section        0  stm32h7xx_hal_dma.o(i.DMA_SetConfig)
    DMA_SetConfig                            0x080008a1   Thumb Code   518  stm32h7xx_hal_dma.o(i.DMA_SetConfig)
    i.DebugMon_Handler                       0x08000ac0   Section        0  stm32h7xx_it.o(i.DebugMon_Handler)
    i.HAL_DCMI_ConfigCrop                    0x08000ac2   Section        0  stm32h7xx_hal_dcmi.o(i.HAL_DCMI_ConfigCrop)
    i.HAL_DCMI_EnableCrop                    0x08000af8   Section        0  stm32h7xx_hal_dcmi.o(i.HAL_DCMI_EnableCrop)
    i.HAL_DCMI_ErrorCallback                 0x08000b28   Section        0  dcmi_ov2640.o(i.HAL_DCMI_ErrorCallback)
    i.HAL_DCMI_GetError                      0x08000b50   Section        0  stm32h7xx_hal_dcmi.o(i.HAL_DCMI_GetError)
    i.HAL_DCMI_Init                          0x08000b54   Section        0  stm32h7xx_hal_dcmi.o(i.HAL_DCMI_Init)
    i.HAL_DCMI_MspInit                       0x08000bf0   Section        0  dcmi_ov2640.o(i.HAL_DCMI_MspInit)
    i.HAL_DCMI_Start_DMA                     0x08000d34   Section        0  stm32h7xx_hal_dcmi.o(i.HAL_DCMI_Start_DMA)
    i.HAL_DMAEx_ChangeMemory                 0x08000e20   Section        0  stm32h7xx_hal_dma_ex.o(i.HAL_DMAEx_ChangeMemory)
    i.HAL_DMAEx_MultiBufferStart_IT          0x08000eb0   Section        0  stm32h7xx_hal_dma_ex.o(i.HAL_DMAEx_MultiBufferStart_IT)
    i.HAL_DMA_Init                           0x08001318   Section        0  stm32h7xx_hal_dma.o(i.HAL_DMA_Init)
    i.HAL_DMA_Start_IT                       0x080016d4   Section        0  stm32h7xx_hal_dma.o(i.HAL_DMA_Start_IT)
    i.HAL_Delay                              0x08001970   Section        0  stm32h7xx_hal.o(i.HAL_Delay)
    i.HAL_GPIO_Init                          0x08001994   Section        0  stm32h7xx_hal_gpio.o(i.HAL_GPIO_Init)
    i.HAL_GPIO_ReadPin                       0x08001bb0   Section        0  stm32h7xx_hal_gpio.o(i.HAL_GPIO_ReadPin)
    i.HAL_GPIO_WritePin                      0x08001bba   Section        0  stm32h7xx_hal_gpio.o(i.HAL_GPIO_WritePin)
    i.HAL_GetTick                            0x08001bc4   Section        0  stm32h7xx_hal.o(i.HAL_GetTick)
    i.HAL_IncTick                            0x08001bd0   Section        0  stm32h7xx_hal.o(i.HAL_IncTick)
    i.HAL_Init                               0x08001be0   Section        0  stm32h7xx_hal.o(i.HAL_Init)
    i.HAL_InitTick                           0x08001c3c   Section        0  stm32h7xx_hal.o(i.HAL_InitTick)
    i.HAL_MPU_ConfigRegion                   0x08001c7c   Section        0  stm32h7xx_hal_cortex.o(i.HAL_MPU_ConfigRegion)
    i.HAL_MPU_Disable                        0x08001cd8   Section        0  stm32h7xx_hal_cortex.o(i.HAL_MPU_Disable)
    i.HAL_MPU_Enable                         0x08001cf4   Section        0  stm32h7xx_hal_cortex.o(i.HAL_MPU_Enable)
    i.HAL_MspInit                            0x08001d18   Section        0  stm32h7xx_hal_msp.o(i.HAL_MspInit)
    i.HAL_NVIC_EnableIRQ                     0x08001d34   Section        0  stm32h7xx_hal_cortex.o(i.HAL_NVIC_EnableIRQ)
    i.HAL_NVIC_SetPriority                   0x08001d50   Section        0  stm32h7xx_hal_cortex.o(i.HAL_NVIC_SetPriority)
    i.HAL_NVIC_SetPriorityGrouping           0x08001d90   Section        0  stm32h7xx_hal_cortex.o(i.HAL_NVIC_SetPriorityGrouping)
    i.HAL_PWREx_ConfigSupply                 0x08001db4   Section        0  stm32h7xx_hal_pwr_ex.o(i.HAL_PWREx_ConfigSupply)
    i.HAL_RCCEx_GetD3PCLK1Freq               0x08001e08   Section        0  stm32h7xx_hal_rcc_ex.o(i.HAL_RCCEx_GetD3PCLK1Freq)
    i.HAL_RCCEx_GetPLL2ClockFreq             0x08001e2c   Section        0  stm32h7xx_hal_rcc_ex.o(i.HAL_RCCEx_GetPLL2ClockFreq)
    i.HAL_RCCEx_GetPLL3ClockFreq             0x08001f70   Section        0  stm32h7xx_hal_rcc_ex.o(i.HAL_RCCEx_GetPLL3ClockFreq)
    i.HAL_RCC_ClockConfig                    0x080020b4   Section        0  stm32h7xx_hal_rcc.o(i.HAL_RCC_ClockConfig)
    i.HAL_RCC_GetHCLKFreq                    0x08002310   Section        0  stm32h7xx_hal_rcc.o(i.HAL_RCC_GetHCLKFreq)
    i.HAL_RCC_GetPCLK1Freq                   0x08002354   Section        0  stm32h7xx_hal_rcc.o(i.HAL_RCC_GetPCLK1Freq)
    i.HAL_RCC_GetPCLK2Freq                   0x08002378   Section        0  stm32h7xx_hal_rcc.o(i.HAL_RCC_GetPCLK2Freq)
    i.HAL_RCC_GetSysClockFreq                0x0800239c   Section        0  stm32h7xx_hal_rcc.o(i.HAL_RCC_GetSysClockFreq)
    i.HAL_RCC_OscConfig                      0x080024d4   Section        0  stm32h7xx_hal_rcc.o(i.HAL_RCC_OscConfig)
    i.HAL_SPI_Init                           0x080029fc   Section        0  stm32h7xx_hal_spi.o(i.HAL_SPI_Init)
    i.HAL_SPI_MspInit                        0x08002b78   Section        0  stm32h7xx_hal_spi.o(i.HAL_SPI_MspInit)
    i.HAL_SPI_Transmit                       0x08002b7a   Section        0  stm32h7xx_hal_spi.o(i.HAL_SPI_Transmit)
    i.HAL_SYSTICK_Config                     0x08002dda   Section        0  stm32h7xx_hal_cortex.o(i.HAL_SYSTICK_Config)
    i.HAL_UARTEx_DisableFifoMode             0x08002e00   Section        0  stm32h7xx_hal_uart_ex.o(i.HAL_UARTEx_DisableFifoMode)
    i.HAL_UARTEx_SetRxFifoThreshold          0x08002e40   Section        0  stm32h7xx_hal_uart_ex.o(i.HAL_UARTEx_SetRxFifoThreshold)
    i.HAL_UARTEx_SetTxFifoThreshold          0x08002e8c   Section        0  stm32h7xx_hal_uart_ex.o(i.HAL_UARTEx_SetTxFifoThreshold)
    i.HAL_UART_Init                          0x08002ed8   Section        0  stm32h7xx_hal_uart.o(i.HAL_UART_Init)
    i.HAL_UART_MspInit                       0x08002f44   Section        0  usart.o(i.HAL_UART_MspInit)
    i.HAL_UART_Transmit                      0x08002fc8   Section        0  stm32h7xx_hal_uart.o(i.HAL_UART_Transmit)
    i.HardFault_Handler                      0x08003078   Section        0  stm32h7xx_it.o(i.HardFault_Handler)
    i.LCD_Clear                              0x0800307c   Section        0  lcd.o(i.LCD_Clear)
    i.LCD_DrawBuffer                         0x080030e0   Section        0  lcd.o(i.LCD_DrawBuffer)
    i.LCD_GPIO_Init                          0x08003204   Section        0  lcd.o(i.LCD_GPIO_Init)
    LCD_GPIO_Init                            0x08003205   Thumb Code   136  lcd.o(i.LCD_GPIO_Init)
    i.LCD_Init                               0x08003298   Section        0  lcd.o(i.LCD_Init)
    i.LCD_SPI_Init                           0x08003510   Section        0  lcd_spi.o(i.LCD_SPI_Init)
    i.LCD_SPI_SendByte                       0x080035b8   Section        0  lcd.o(i.LCD_SPI_SendByte)
    LCD_SPI_SendByte                         0x080035b9   Thumb Code    18  lcd.o(i.LCD_SPI_SendByte)
    i.LCD_SPI_SendBytes                      0x080035d0   Section        0  lcd.o(i.LCD_SPI_SendBytes)
    LCD_SPI_SendBytes                        0x080035d1   Thumb Code    14  lcd.o(i.LCD_SPI_SendBytes)
    i.LCD_SetWindows                         0x080035e4   Section        0  lcd.o(i.LCD_SetWindows)
    i.LCD_WR_DATA                            0x08003640   Section        0  lcd.o(i.LCD_WR_DATA)
    i.LCD_WR_REG                             0x08003674   Section        0  lcd.o(i.LCD_WR_REG)
    LCD_WR_REG                               0x08003675   Thumb Code    46  lcd.o(i.LCD_WR_REG)
    i.LCD_WriteRAM_Prepare                   0x080036a8   Section        0  lcd.o(i.LCD_WriteRAM_Prepare)
    i.LCD_WriteReg                           0x080036b4   Section        0  lcd.o(i.LCD_WriteReg)
    i.LCD_direction                          0x080036c8   Section        0  lcd.o(i.LCD_direction)
    i.LED_Init                               0x0800371c   Section        0  led.o(i.LED_Init)
    i.MPU_Config                             0x08003768   Section        0  main.o(i.MPU_Config)
    i.MX_DCMI_Init                           0x080037b4   Section        0  dcmi_ov2640.o(i.MX_DCMI_Init)
    i.MemManage_Handler                      0x080037f8   Section        0  stm32h7xx_it.o(i.MemManage_Handler)
    i.NMI_Handler                            0x080037fa   Section        0  stm32h7xx_it.o(i.NMI_Handler)
    i.OV2640_Config                          0x080037fc   Section        0  dcmi_ov2640.o(i.OV2640_Config)
    i.OV2640_DCMI_Crop                       0x0800381c   Section        0  dcmi_ov2640.o(i.OV2640_DCMI_Crop)
    i.OV2640_DMA_Init                        0x08003860   Section        0  dcmi_ov2640.o(i.OV2640_DMA_Init)
    i.OV2640_DMA_Transmit_Continuous         0x080038cc   Section        0  dcmi_ov2640.o(i.OV2640_DMA_Transmit_Continuous)
    i.OV2640_Delay                           0x080038f8   Section        0  dcmi_ov2640.o(i.OV2640_Delay)
    i.OV2640_ReadID                          0x08003928   Section        0  dcmi_ov2640.o(i.OV2640_ReadID)
    i.OV2640_Reset                           0x08003948   Section        0  dcmi_ov2640.o(i.OV2640_Reset)
    i.OV2640_Set_Framesize                   0x08003980   Section        0  dcmi_ov2640.o(i.OV2640_Set_Framesize)
    i.SCCB_ACK                               0x080039cc   Section        0  sccb.o(i.SCCB_ACK)
    i.SCCB_Delay                             0x08003a28   Section        0  sccb.o(i.SCCB_Delay)
    i.SCCB_GPIO_Config                       0x08003a50   Section        0  sccb.o(i.SCCB_GPIO_Config)
    i.SCCB_NoACK                             0x08003acc   Section        0  sccb.o(i.SCCB_NoACK)
    i.SCCB_ReadByte                          0x08003b1c   Section        0  sccb.o(i.SCCB_ReadByte)
    i.SCCB_ReadReg                           0x08003b88   Section        0  sccb.o(i.SCCB_ReadReg)
    i.SCCB_Start                             0x08003bbc   Section        0  sccb.o(i.SCCB_Start)
    i.SCCB_Stop                              0x08003c08   Section        0  sccb.o(i.SCCB_Stop)
    i.SCCB_WaitACK                           0x08003c5c   Section        0  sccb.o(i.SCCB_WaitACK)
    i.SCCB_WriteByte                         0x08003cb8   Section        0  sccb.o(i.SCCB_WriteByte)
    i.SCCB_WriteHandle                       0x08003d24   Section        0  sccb.o(i.SCCB_WriteHandle)
    i.SCCB_WriteReg                          0x08003d40   Section        0  sccb.o(i.SCCB_WriteReg)
    i.SPI_CloseTransfer                      0x08003d60   Section        0  stm32h7xx_hal_spi.o(i.SPI_CloseTransfer)
    SPI_CloseTransfer                        0x08003d61   Thumb Code   188  stm32h7xx_hal_spi.o(i.SPI_CloseTransfer)
    i.SPI_WaitOnFlagUntilTimeout             0x08003e1c   Section        0  stm32h7xx_hal_spi.o(i.SPI_WaitOnFlagUntilTimeout)
    SPI_WaitOnFlagUntilTimeout               0x08003e1d   Thumb Code    70  stm32h7xx_hal_spi.o(i.SPI_WaitOnFlagUntilTimeout)
    i.SysTick_Handler                        0x08003e62   Section        0  stm32h7xx_it.o(i.SysTick_Handler)
    i.SystemClock_Config                     0x08003e7c   Section        0  main.o(i.SystemClock_Config)
    i.SystemInit                             0x08003f14   Section        0  system_stm32h7xx.o(i.SystemInit)
    i.UARTEx_SetNbDataToProcess              0x08003fd4   Section        0  stm32h7xx_hal_uart_ex.o(i.UARTEx_SetNbDataToProcess)
    UARTEx_SetNbDataToProcess                0x08003fd5   Thumb Code    62  stm32h7xx_hal_uart_ex.o(i.UARTEx_SetNbDataToProcess)
    i.UART_AdvFeatureConfig                  0x08004018   Section        0  stm32h7xx_hal_uart.o(i.UART_AdvFeatureConfig)
    i.UART_CheckIdleState                    0x080040e0   Section        0  stm32h7xx_hal_uart.o(i.UART_CheckIdleState)
    i.UART_EndRxTransfer                     0x0800418c   Section        0  stm32h7xx_hal_uart.o(i.UART_EndRxTransfer)
    UART_EndRxTransfer                       0x0800418d   Thumb Code    78  stm32h7xx_hal_uart.o(i.UART_EndRxTransfer)
    i.UART_SetConfig                         0x080041e0   Section        0  stm32h7xx_hal_uart.o(i.UART_SetConfig)
    i.UART_WaitOnFlagUntilTimeout            0x080045bc   Section        0  stm32h7xx_hal_uart.o(i.UART_WaitOnFlagUntilTimeout)
    i.USART1_Init                            0x08004648   Section        0  usart.o(i.USART1_Init)
    i.UsageFault_Handler                     0x08004694   Section        0  stm32h7xx_it.o(i.UsageFault_Handler)
    i.__0printf$5                            0x08004698   Section        0  printf5.o(i.__0printf$5)
    i.__NVIC_SetPriority                     0x080046b8   Section        0  stm32h7xx_hal_cortex.o(i.__NVIC_SetPriority)
    __NVIC_SetPriority                       0x080046b9   Thumb Code    34  stm32h7xx_hal_cortex.o(i.__NVIC_SetPriority)
    i.__scatterload_copy                     0x080046da   Section       14  handlers.o(i.__scatterload_copy)
    i.__scatterload_null                     0x080046e8   Section        2  handlers.o(i.__scatterload_null)
    i.__scatterload_zeroinit                 0x080046ea   Section       14  handlers.o(i.__scatterload_zeroinit)
    i._printf_core                           0x080046f8   Section        0  printf5.o(i._printf_core)
    _printf_core                             0x080046f9   Thumb Code   658  printf5.o(i._printf_core)
    i.fputc                                  0x080049b8   Section        0  usart.o(i.fputc)
    i.main                                   0x080049d0   Section        0  main.o(i.main)
    i.prvResetNextTaskUnblockTime            0x08004ac0   Section        0  tasks.o(i.prvResetNextTaskUnblockTime)
    prvResetNextTaskUnblockTime              0x08004ac1   Thumb Code    26  tasks.o(i.prvResetNextTaskUnblockTime)
    i.uxListRemove                           0x08004ae0   Section        0  list.o(i.uxListRemove)
    i.vListInsertEnd                         0x08004b06   Section        0  list.o(i.vListInsertEnd)
    i.vTaskSwitchContext                     0x08004b20   Section        0  tasks.o(i.vTaskSwitchContext)
    i.xPortSysTickHandler                    0x08004b84   Section        0  port.o(i.xPortSysTickHandler)
    i.xTaskGetSchedulerState                 0x08004bb0   Section        0  tasks.o(i.xTaskGetSchedulerState)
    i.xTaskIncrementTick                     0x08004bcc   Section        0  tasks.o(i.xTaskIncrementTick)
    .constdata                               0x08004c94   Section      378  dcmi_ov2640.o(.constdata)
    .constdata                               0x08004e0e   Section        8  stm32h7xx_hal_dma.o(.constdata)
    flagBitshiftOffset                       0x08004e0e   Data           8  stm32h7xx_hal_dma.o(.constdata)
    .constdata                               0x08004e16   Section       24  stm32h7xx_hal_uart.o(.constdata)
    .constdata                               0x08004e2e   Section       16  stm32h7xx_hal_uart_ex.o(.constdata)
    numerator                                0x08004e2e   Data           8  stm32h7xx_hal_uart_ex.o(.constdata)
    denominator                              0x08004e36   Data           8  stm32h7xx_hal_uart_ex.o(.constdata)
    .constdata                               0x08004e3e   Section       16  system_stm32h7xx.o(.constdata)
    .data                                    0x20000000   Section        4  usart.o(.data)
    .data                                    0x20000004   Section        8  dcmi_ov2640.o(.data)
    DCMI_Frame_Count                         0x20000005   Data           1  dcmi_ov2640.o(.data)
    DCMI_Tick                                0x20000008   Data           4  dcmi_ov2640.o(.data)
    .data                                    0x2000000c   Section       12  stm32h7xx_hal.o(.data)
    .data                                    0x20000018   Section        8  system_stm32h7xx.o(.data)
    .data                                    0x20000020   Section       60  tasks.o(.data)
    uxDeletedTasksWaitingCleanUp             0x20000024   Data           4  tasks.o(.data)
    uxCurrentNumberOfTasks                   0x20000028   Data           4  tasks.o(.data)
    xTickCount                               0x2000002c   Data           4  tasks.o(.data)
    uxTopReadyPriority                       0x20000030   Data           4  tasks.o(.data)
    xSchedulerRunning                        0x20000034   Data           4  tasks.o(.data)
    xPendedTicks                             0x20000038   Data           4  tasks.o(.data)
    xYieldPending                            0x2000003c   Data           4  tasks.o(.data)
    xNumOfOverflows                          0x20000040   Data           4  tasks.o(.data)
    uxTaskNumber                             0x20000044   Data           4  tasks.o(.data)
    xNextTaskUnblockTime                     0x20000048   Data           4  tasks.o(.data)
    xIdleTaskHandle                          0x2000004c   Data           4  tasks.o(.data)
    uxSchedulerSuspended                     0x20000050   Data           4  tasks.o(.data)
    pxDelayedTaskList                        0x20000054   Data           4  tasks.o(.data)
    pxOverflowDelayedTaskList                0x20000058   Data           4  tasks.o(.data)
    .bss                                     0x2000005c   Section      148  usart.o(.bss)
    .bss                                     0x200000f0   Section      200  dcmi_ov2640.o(.bss)
    .bss                                     0x200001b8   Section       14  lcd.o(.bss)
    .bss                                     0x200001c8   Section      136  lcd_spi.o(.bss)
    .bss                                     0x20000250   Section     1220  tasks.o(.bss)
    pxReadyTasksLists                        0x20000250   Data        1120  tasks.o(.bss)
    xDelayedTaskList1                        0x200006b0   Data          20  tasks.o(.bss)
    xDelayedTaskList2                        0x200006c4   Data          20  tasks.o(.bss)
    xPendingReadyList                        0x200006d8   Data          20  tasks.o(.bss)
    xTasksWaitingTermination                 0x200006ec   Data          20  tasks.o(.bss)
    xSuspendedTaskList                       0x20000700   Data          20  tasks.o(.bss)
    STACK                                    0x20000718   Section     1024  startup_stm32h723xx.o(STACK)

    Global Symbols

    Symbol Name                              Value     Ov Type        Size  Object(Section)

    BuildAttributes$$THM_ISAv4$E$P$D$K$B$S$7EM$VFPv5_D16$PE$PLD8$A:L22UL41UL21$X:L11$S22US41US21$IEEE1$IW$USESV6$~STKCKD$USESV7$~SHL$OSPACE$ROPI$EBA8$MICROLIB$REQ8$PRES8$EABIv2 0x00000000   Number         0  anon$$obj.o ABSOLUTE
    __ARM_use_no_argv                        0x00000000   Number         0  main.o ABSOLUTE
    __use_no_errno                           0x00000000   Number         0  useno.o ABSOLUTE
    __use_no_exception_handling              0x00000000   Number         0  useno.o ABSOLUTE
    __use_no_fp                              0x00000000   Number         0  useno.o ABSOLUTE
    __use_no_heap                            0x00000000   Number         0  useno.o ABSOLUTE
    __use_no_heap_region                     0x00000000   Number         0  useno.o ABSOLUTE
    __use_no_semihosting                     0x00000000   Number         0  useno.o ABSOLUTE
    __use_no_semihosting_swi                 0x00000000   Number         0  useno.o ABSOLUTE
    __use_no_signal_handling                 0x00000000   Number         0  useno.o ABSOLUTE
    _printf_a                                0x00000000   Number         0  stubs.o ABSOLUTE
    _printf_c                                0x00000000   Number         0  stubs.o ABSOLUTE
    _printf_charcount                        0x00000000   Number         0  stubs.o ABSOLUTE
    _printf_d                                0x00000000   Number         0  stubs.o ABSOLUTE
    _printf_e                                0x00000000   Number         0  stubs.o ABSOLUTE
    _printf_f                                0x00000000   Number         0  stubs.o ABSOLUTE
    _printf_flags                            0x00000000   Number         0  stubs.o ABSOLUTE
    _printf_fp_dec                           0x00000000   Number         0  stubs.o ABSOLUTE
    _printf_fp_hex                           0x00000000   Number         0  stubs.o ABSOLUTE
    _printf_g                                0x00000000   Number         0  stubs.o ABSOLUTE
    _printf_i                                0x00000000   Number         0  stubs.o ABSOLUTE
    _printf_int_dec                          0x00000000   Number         0  stubs.o ABSOLUTE
    _printf_l                                0x00000000   Number         0  stubs.o ABSOLUTE
    _printf_lc                               0x00000000   Number         0  stubs.o ABSOLUTE
    _printf_ll                               0x00000000   Number         0  stubs.o ABSOLUTE
    _printf_lld                              0x00000000   Number         0  stubs.o ABSOLUTE
    _printf_lli                              0x00000000   Number         0  stubs.o ABSOLUTE
    _printf_llo                              0x00000000   Number         0  stubs.o ABSOLUTE
    _printf_llu                              0x00000000   Number         0  stubs.o ABSOLUTE
    _printf_llx                              0x00000000   Number         0  stubs.o ABSOLUTE
    _printf_longlong_dec                     0x00000000   Number         0  stubs.o ABSOLUTE
    _printf_longlong_hex                     0x00000000   Number         0  stubs.o ABSOLUTE
    _printf_longlong_oct                     0x00000000   Number         0  stubs.o ABSOLUTE
    _printf_ls                               0x00000000   Number         0  stubs.o ABSOLUTE
    _printf_mbtowc                           0x00000000   Number         0  stubs.o ABSOLUTE
    _printf_n                                0x00000000   Number         0  stubs.o ABSOLUTE
    _printf_o                                0x00000000   Number         0  stubs.o ABSOLUTE
    _printf_p                                0x00000000   Number         0  stubs.o ABSOLUTE
    _printf_percent                          0x00000000   Number         0  stubs.o ABSOLUTE
    _printf_pre_padding                      0x00000000   Number         0  stubs.o ABSOLUTE
    _printf_return_value                     0x00000000   Number         0  stubs.o ABSOLUTE
    _printf_s                                0x00000000   Number         0  stubs.o ABSOLUTE
    _printf_sizespec                         0x00000000   Number         0  stubs.o ABSOLUTE
    _printf_str                              0x00000000   Number         0  stubs.o ABSOLUTE
    _printf_truncate_signed                  0x00000000   Number         0  stubs.o ABSOLUTE
    _printf_truncate_unsigned                0x00000000   Number         0  stubs.o ABSOLUTE
    _printf_u                                0x00000000   Number         0  stubs.o ABSOLUTE
    _printf_wc                               0x00000000   Number         0  stubs.o ABSOLUTE
    _printf_wctomb                           0x00000000   Number         0  stubs.o ABSOLUTE
    _printf_widthprec                        0x00000000   Number         0  stubs.o ABSOLUTE
    _printf_x                                0x00000000   Number         0  stubs.o ABSOLUTE
    __cpp_initialize__aeabi_                  - Undefined Weak Reference
    __cxa_finalize                            - Undefined Weak Reference
    __decompress                              - Undefined Weak Reference
    _clock_init                               - Undefined Weak Reference
    _microlib_exit                            - Undefined Weak Reference
    __Vectors_Size                           0x000002cc   Number         0  startup_stm32h723xx.o ABSOLUTE
    __Vectors                                0x08000000   Data           4  startup_stm32h723xx.o(RESET)
    __Vectors_End                            0x080002cc   Data           0  startup_stm32h723xx.o(RESET)
    __main                                   0x080002cd   Thumb Code     0  entry.o(.ARM.Collect$$$$00000000)
    _main_stk                                0x080002cd   Thumb Code     0  entry2.o(.ARM.Collect$$$$00000001)
    _main_scatterload                        0x080002d1   Thumb Code     0  entry5.o(.ARM.Collect$$$$00000004)
    __main_after_scatterload                 0x080002d5   Thumb Code     0  entry5.o(.ARM.Collect$$$$00000004)
    _main_clock                              0x080002d5   Thumb Code     0  entry7b.o(.ARM.Collect$$$$00000008)
    _main_cpp_init                           0x080002d5   Thumb Code     0  entry8b.o(.ARM.Collect$$$$0000000A)
    _main_init                               0x080002d5   Thumb Code     0  entry9a.o(.ARM.Collect$$$$0000000B)
    __rt_final_cpp                           0x080002dd   Thumb Code     0  entry10a.o(.ARM.Collect$$$$0000000D)
    __rt_final_exit                          0x080002dd   Thumb Code     0  entry11a.o(.ARM.Collect$$$$0000000F)
    SVC_Handler                              0x080002e1   Thumb Code    28  port.o(.emb_text)
    __asm___6_port_c_39a90d8d__prvStartFirstTask 0x08000301   Thumb Code    36  port.o(.emb_text)
    __asm___6_port_c_39a90d8d__prvEnableVFP  0x08000329   Thumb Code    16  port.o(.emb_text)
    PendSV_Handler                           0x0800033d   Thumb Code    88  port.o(.emb_text)
    vPortGetIPSR                             0x08000399   Thumb Code     6  port.o(.emb_text)
    Reset_Handler                            0x080003a1   Thumb Code     8  startup_stm32h723xx.o(.text)
    ADC3_IRQHandler                          0x080003bb   Thumb Code     0  startup_stm32h723xx.o(.text)
    ADC_IRQHandler                           0x080003bb   Thumb Code     0  startup_stm32h723xx.o(.text)
    BDMA_Channel0_IRQHandler                 0x080003bb   Thumb Code     0  startup_stm32h723xx.o(.text)
    BDMA_Channel1_IRQHandler                 0x080003bb   Thumb Code     0  startup_stm32h723xx.o(.text)
    BDMA_Channel2_IRQHandler                 0x080003bb   Thumb Code     0  startup_stm32h723xx.o(.text)
    BDMA_Channel3_IRQHandler                 0x080003bb   Thumb Code     0  startup_stm32h723xx.o(.text)
    BDMA_Channel4_IRQHandler                 0x080003bb   Thumb Code     0  startup_stm32h723xx.o(.text)
    BDMA_Channel5_IRQHandler                 0x080003bb   Thumb Code     0  startup_stm32h723xx.o(.text)
    BDMA_Channel6_IRQHandler                 0x080003bb   Thumb Code     0  startup_stm32h723xx.o(.text)
    BDMA_Channel7_IRQHandler                 0x080003bb   Thumb Code     0  startup_stm32h723xx.o(.text)
    CEC_IRQHandler                           0x080003bb   Thumb Code     0  startup_stm32h723xx.o(.text)
    COMP1_IRQHandler                         0x080003bb   Thumb Code     0  startup_stm32h723xx.o(.text)
    CORDIC_IRQHandler                        0x080003bb   Thumb Code     0  startup_stm32h723xx.o(.text)
    CRS_IRQHandler                           0x080003bb   Thumb Code     0  startup_stm32h723xx.o(.text)
    DCMI_PSSI_IRQHandler                     0x080003bb   Thumb Code     0  startup_stm32h723xx.o(.text)
    DFSDM1_FLT0_IRQHandler                   0x080003bb   Thumb Code     0  startup_stm32h723xx.o(.text)
    DFSDM1_FLT1_IRQHandler                   0x080003bb   Thumb Code     0  startup_stm32h723xx.o(.text)
    DFSDM1_FLT2_IRQHandler                   0x080003bb   Thumb Code     0  startup_stm32h723xx.o(.text)
    DFSDM1_FLT3_IRQHandler                   0x080003bb   Thumb Code     0  startup_stm32h723xx.o(.text)
    DMA1_Stream0_IRQHandler                  0x080003bb   Thumb Code     0  startup_stm32h723xx.o(.text)
    DMA1_Stream1_IRQHandler                  0x080003bb   Thumb Code     0  startup_stm32h723xx.o(.text)
    DMA1_Stream2_IRQHandler                  0x080003bb   Thumb Code     0  startup_stm32h723xx.o(.text)
    DMA1_Stream3_IRQHandler                  0x080003bb   Thumb Code     0  startup_stm32h723xx.o(.text)
    DMA1_Stream4_IRQHandler                  0x080003bb   Thumb Code     0  startup_stm32h723xx.o(.text)
    DMA1_Stream5_IRQHandler                  0x080003bb   Thumb Code     0  startup_stm32h723xx.o(.text)
    DMA1_Stream6_IRQHandler                  0x080003bb   Thumb Code     0  startup_stm32h723xx.o(.text)
    DMA1_Stream7_IRQHandler                  0x080003bb   Thumb Code     0  startup_stm32h723xx.o(.text)
    DMA2D_IRQHandler                         0x080003bb   Thumb Code     0  startup_stm32h723xx.o(.text)
    DMA2_Stream0_IRQHandler                  0x080003bb   Thumb Code     0  startup_stm32h723xx.o(.text)
    DMA2_Stream1_IRQHandler                  0x080003bb   Thumb Code     0  startup_stm32h723xx.o(.text)
    DMA2_Stream2_IRQHandler                  0x080003bb   Thumb Code     0  startup_stm32h723xx.o(.text)
    DMA2_Stream3_IRQHandler                  0x080003bb   Thumb Code     0  startup_stm32h723xx.o(.text)
    DMA2_Stream4_IRQHandler                  0x080003bb   Thumb Code     0  startup_stm32h723xx.o(.text)
    DMA2_Stream5_IRQHandler                  0x080003bb   Thumb Code     0  startup_stm32h723xx.o(.text)
    DMA2_Stream6_IRQHandler                  0x080003bb   Thumb Code     0  startup_stm32h723xx.o(.text)
    DMA2_Stream7_IRQHandler                  0x080003bb   Thumb Code     0  startup_stm32h723xx.o(.text)
    DMAMUX1_OVR_IRQHandler                   0x080003bb   Thumb Code     0  startup_stm32h723xx.o(.text)
    DMAMUX2_OVR_IRQHandler                   0x080003bb   Thumb Code     0  startup_stm32h723xx.o(.text)
    DTS_IRQHandler                           0x080003bb   Thumb Code     0  startup_stm32h723xx.o(.text)
    ECC_IRQHandler                           0x080003bb   Thumb Code     0  startup_stm32h723xx.o(.text)
    ETH_IRQHandler                           0x080003bb   Thumb Code     0  startup_stm32h723xx.o(.text)
    ETH_WKUP_IRQHandler                      0x080003bb   Thumb Code     0  startup_stm32h723xx.o(.text)
    EXTI0_IRQHandler                         0x080003bb   Thumb Code     0  startup_stm32h723xx.o(.text)
    EXTI15_10_IRQHandler                     0x080003bb   Thumb Code     0  startup_stm32h723xx.o(.text)
    EXTI1_IRQHandler                         0x080003bb   Thumb Code     0  startup_stm32h723xx.o(.text)
    EXTI2_IRQHandler                         0x080003bb   Thumb Code     0  startup_stm32h723xx.o(.text)
    EXTI3_IRQHandler                         0x080003bb   Thumb Code     0  startup_stm32h723xx.o(.text)
    EXTI4_IRQHandler                         0x080003bb   Thumb Code     0  startup_stm32h723xx.o(.text)
    EXTI9_5_IRQHandler                       0x080003bb   Thumb Code     0  startup_stm32h723xx.o(.text)
    FDCAN1_IT0_IRQHandler                    0x080003bb   Thumb Code     0  startup_stm32h723xx.o(.text)
    FDCAN1_IT1_IRQHandler                    0x080003bb   Thumb Code     0  startup_stm32h723xx.o(.text)
    FDCAN2_IT0_IRQHandler                    0x080003bb   Thumb Code     0  startup_stm32h723xx.o(.text)
    FDCAN2_IT1_IRQHandler                    0x080003bb   Thumb Code     0  startup_stm32h723xx.o(.text)
    FDCAN3_IT0_IRQHandler                    0x080003bb   Thumb Code     0  startup_stm32h723xx.o(.text)
    FDCAN3_IT1_IRQHandler                    0x080003bb   Thumb Code     0  startup_stm32h723xx.o(.text)
    FDCAN_CAL_IRQHandler                     0x080003bb   Thumb Code     0  startup_stm32h723xx.o(.text)
    FLASH_IRQHandler                         0x080003bb   Thumb Code     0  startup_stm32h723xx.o(.text)
    FMAC_IRQHandler                          0x080003bb   Thumb Code     0  startup_stm32h723xx.o(.text)
    FMC_IRQHandler                           0x080003bb   Thumb Code     0  startup_stm32h723xx.o(.text)
    FPU_IRQHandler                           0x080003bb   Thumb Code     0  startup_stm32h723xx.o(.text)
    HSEM1_IRQHandler                         0x080003bb   Thumb Code     0  startup_stm32h723xx.o(.text)
    I2C1_ER_IRQHandler                       0x080003bb   Thumb Code     0  startup_stm32h723xx.o(.text)
    I2C1_EV_IRQHandler                       0x080003bb   Thumb Code     0  startup_stm32h723xx.o(.text)
    I2C2_ER_IRQHandler                       0x080003bb   Thumb Code     0  startup_stm32h723xx.o(.text)
    I2C2_EV_IRQHandler                       0x080003bb   Thumb Code     0  startup_stm32h723xx.o(.text)
    I2C3_ER_IRQHandler                       0x080003bb   Thumb Code     0  startup_stm32h723xx.o(.text)
    I2C3_EV_IRQHandler                       0x080003bb   Thumb Code     0  startup_stm32h723xx.o(.text)
    I2C4_ER_IRQHandler                       0x080003bb   Thumb Code     0  startup_stm32h723xx.o(.text)
    I2C4_EV_IRQHandler                       0x080003bb   Thumb Code     0  startup_stm32h723xx.o(.text)
    I2C5_ER_IRQHandler                       0x080003bb   Thumb Code     0  startup_stm32h723xx.o(.text)
    I2C5_EV_IRQHandler                       0x080003bb   Thumb Code     0  startup_stm32h723xx.o(.text)
    LPTIM1_IRQHandler                        0x080003bb   Thumb Code     0  startup_stm32h723xx.o(.text)
    LPTIM2_IRQHandler                        0x080003bb   Thumb Code     0  startup_stm32h723xx.o(.text)
    LPTIM3_IRQHandler                        0x080003bb   Thumb Code     0  startup_stm32h723xx.o(.text)
    LPTIM4_IRQHandler                        0x080003bb   Thumb Code     0  startup_stm32h723xx.o(.text)
    LPTIM5_IRQHandler                        0x080003bb   Thumb Code     0  startup_stm32h723xx.o(.text)
    LPUART1_IRQHandler                       0x080003bb   Thumb Code     0  startup_stm32h723xx.o(.text)
    LTDC_ER_IRQHandler                       0x080003bb   Thumb Code     0  startup_stm32h723xx.o(.text)
    LTDC_IRQHandler                          0x080003bb   Thumb Code     0  startup_stm32h723xx.o(.text)
    MDIOS_IRQHandler                         0x080003bb   Thumb Code     0  startup_stm32h723xx.o(.text)
    MDIOS_WKUP_IRQHandler                    0x080003bb   Thumb Code     0  startup_stm32h723xx.o(.text)
    MDMA_IRQHandler                          0x080003bb   Thumb Code     0  startup_stm32h723xx.o(.text)
    OCTOSPI1_IRQHandler                      0x080003bb   Thumb Code     0  startup_stm32h723xx.o(.text)
    OCTOSPI2_IRQHandler                      0x080003bb   Thumb Code     0  startup_stm32h723xx.o(.text)
    OTG_HS_EP1_IN_IRQHandler                 0x080003bb   Thumb Code     0  startup_stm32h723xx.o(.text)
    OTG_HS_EP1_OUT_IRQHandler                0x080003bb   Thumb Code     0  startup_stm32h723xx.o(.text)
    OTG_HS_IRQHandler                        0x080003bb   Thumb Code     0  startup_stm32h723xx.o(.text)
    OTG_HS_WKUP_IRQHandler                   0x080003bb   Thumb Code     0  startup_stm32h723xx.o(.text)
    PVD_AVD_IRQHandler                       0x080003bb   Thumb Code     0  startup_stm32h723xx.o(.text)
    RCC_IRQHandler                           0x080003bb   Thumb Code     0  startup_stm32h723xx.o(.text)
    RNG_IRQHandler                           0x080003bb   Thumb Code     0  startup_stm32h723xx.o(.text)
    RTC_Alarm_IRQHandler                     0x080003bb   Thumb Code     0  startup_stm32h723xx.o(.text)
    RTC_WKUP_IRQHandler                      0x080003bb   Thumb Code     0  startup_stm32h723xx.o(.text)
    SAI1_IRQHandler                          0x080003bb   Thumb Code     0  startup_stm32h723xx.o(.text)
    SAI4_IRQHandler                          0x080003bb   Thumb Code     0  startup_stm32h723xx.o(.text)
    SDMMC1_IRQHandler                        0x080003bb   Thumb Code     0  startup_stm32h723xx.o(.text)
    SDMMC2_IRQHandler                        0x080003bb   Thumb Code     0  startup_stm32h723xx.o(.text)
    SPDIF_RX_IRQHandler                      0x080003bb   Thumb Code     0  startup_stm32h723xx.o(.text)
    SPI1_IRQHandler                          0x080003bb   Thumb Code     0  startup_stm32h723xx.o(.text)
    SPI2_IRQHandler                          0x080003bb   Thumb Code     0  startup_stm32h723xx.o(.text)
    SPI3_IRQHandler                          0x080003bb   Thumb Code     0  startup_stm32h723xx.o(.text)
    SPI4_IRQHandler                          0x080003bb   Thumb Code     0  startup_stm32h723xx.o(.text)
    SPI5_IRQHandler                          0x080003bb   Thumb Code     0  startup_stm32h723xx.o(.text)
    SPI6_IRQHandler                          0x080003bb   Thumb Code     0  startup_stm32h723xx.o(.text)
    SWPMI1_IRQHandler                        0x080003bb   Thumb Code     0  startup_stm32h723xx.o(.text)
    TAMP_STAMP_IRQHandler                    0x080003bb   Thumb Code     0  startup_stm32h723xx.o(.text)
    TIM15_IRQHandler                         0x080003bb   Thumb Code     0  startup_stm32h723xx.o(.text)
    TIM16_IRQHandler                         0x080003bb   Thumb Code     0  startup_stm32h723xx.o(.text)
    TIM17_IRQHandler                         0x080003bb   Thumb Code     0  startup_stm32h723xx.o(.text)
    TIM1_BRK_IRQHandler                      0x080003bb   Thumb Code     0  startup_stm32h723xx.o(.text)
    TIM1_CC_IRQHandler                       0x080003bb   Thumb Code     0  startup_stm32h723xx.o(.text)
    TIM1_TRG_COM_IRQHandler                  0x080003bb   Thumb Code     0  startup_stm32h723xx.o(.text)
    TIM1_UP_IRQHandler                       0x080003bb   Thumb Code     0  startup_stm32h723xx.o(.text)
    TIM23_IRQHandler                         0x080003bb   Thumb Code     0  startup_stm32h723xx.o(.text)
    TIM24_IRQHandler                         0x080003bb   Thumb Code     0  startup_stm32h723xx.o(.text)
    TIM2_IRQHandler                          0x080003bb   Thumb Code     0  startup_stm32h723xx.o(.text)
    TIM3_IRQHandler                          0x080003bb   Thumb Code     0  startup_stm32h723xx.o(.text)
    TIM4_IRQHandler                          0x080003bb   Thumb Code     0  startup_stm32h723xx.o(.text)
    TIM5_IRQHandler                          0x080003bb   Thumb Code     0  startup_stm32h723xx.o(.text)
    TIM6_DAC_IRQHandler                      0x080003bb   Thumb Code     0  startup_stm32h723xx.o(.text)
    TIM7_IRQHandler                          0x080003bb   Thumb Code     0  startup_stm32h723xx.o(.text)
    TIM8_BRK_TIM12_IRQHandler                0x080003bb   Thumb Code     0  startup_stm32h723xx.o(.text)
    TIM8_CC_IRQHandler                       0x080003bb   Thumb Code     0  startup_stm32h723xx.o(.text)
    TIM8_TRG_COM_TIM14_IRQHandler            0x080003bb   Thumb Code     0  startup_stm32h723xx.o(.text)
    TIM8_UP_TIM13_IRQHandler                 0x080003bb   Thumb Code     0  startup_stm32h723xx.o(.text)
    UART4_IRQHandler                         0x080003bb   Thumb Code     0  startup_stm32h723xx.o(.text)
    UART5_IRQHandler                         0x080003bb   Thumb Code     0  startup_stm32h723xx.o(.text)
    UART7_IRQHandler                         0x080003bb   Thumb Code     0  startup_stm32h723xx.o(.text)
    UART8_IRQHandler                         0x080003bb   Thumb Code     0  startup_stm32h723xx.o(.text)
    UART9_IRQHandler                         0x080003bb   Thumb Code     0  startup_stm32h723xx.o(.text)
    USART10_IRQHandler                       0x080003bb   Thumb Code     0  startup_stm32h723xx.o(.text)
    USART1_IRQHandler                        0x080003bb   Thumb Code     0  startup_stm32h723xx.o(.text)
    USART2_IRQHandler                        0x080003bb   Thumb Code     0  startup_stm32h723xx.o(.text)
    USART3_IRQHandler                        0x080003bb   Thumb Code     0  startup_stm32h723xx.o(.text)
    USART6_IRQHandler                        0x080003bb   Thumb Code     0  startup_stm32h723xx.o(.text)
    WAKEUP_PIN_IRQHandler                    0x080003bb   Thumb Code     0  startup_stm32h723xx.o(.text)
    WWDG_IRQHandler                          0x080003bb   Thumb Code     0  startup_stm32h723xx.o(.text)
    __aeabi_uldivmod                         0x080003c5   Thumb Code    98  uldiv.o(.text)
    __aeabi_memset                           0x08000427   Thumb Code    14  memseta.o(.text)
    __aeabi_memset4                          0x08000427   Thumb Code     0  memseta.o(.text)
    __aeabi_memset8                          0x08000427   Thumb Code     0  memseta.o(.text)
    __aeabi_memclr                           0x08000435   Thumb Code     4  memseta.o(.text)
    __aeabi_memclr4                          0x08000435   Thumb Code     0  memseta.o(.text)
    __aeabi_memclr8                          0x08000435   Thumb Code     0  memseta.o(.text)
    memset                                   0x08000439   Thumb Code    18  memseta.o(.text)
    __aeabi_llsl                             0x0800044b   Thumb Code    30  llshl.o(.text)
    _ll_shift_l                              0x0800044b   Thumb Code     0  llshl.o(.text)
    __aeabi_llsr                             0x08000469   Thumb Code    32  llushr.o(.text)
    _ll_ushift_r                             0x08000469   Thumb Code     0  llushr.o(.text)
    __scatterload                            0x08000489   Thumb Code    28  init.o(.text)
    __scatterload_rt2                        0x08000489   Thumb Code     0  init.o(.text)
    BusFault_Handler                         0x080004ad   Thumb Code     2  stm32h7xx_it.o(i.BusFault_Handler)
    DCMI_OV2640_Init                         0x08000555   Thumb Code    94  dcmi_ov2640.o(i.DCMI_OV2640_Init)
    DebugMon_Handler                         0x08000ac1   Thumb Code     2  stm32h7xx_it.o(i.DebugMon_Handler)
    HAL_DCMI_ConfigCrop                      0x08000ac3   Thumb Code    54  stm32h7xx_hal_dcmi.o(i.HAL_DCMI_ConfigCrop)
    HAL_DCMI_EnableCrop                      0x08000af9   Thumb Code    48  stm32h7xx_hal_dcmi.o(i.HAL_DCMI_EnableCrop)
    HAL_DCMI_ErrorCallback                   0x08000b29   Thumb Code    18  dcmi_ov2640.o(i.HAL_DCMI_ErrorCallback)
    HAL_DCMI_GetError                        0x08000b51   Thumb Code     4  stm32h7xx_hal_dcmi.o(i.HAL_DCMI_GetError)
    HAL_DCMI_Init                            0x08000b55   Thumb Code   152  stm32h7xx_hal_dcmi.o(i.HAL_DCMI_Init)
    HAL_DCMI_MspInit                         0x08000bf1   Thumb Code   290  dcmi_ov2640.o(i.HAL_DCMI_MspInit)
    HAL_DCMI_Start_DMA                       0x08000d35   Thumb Code   226  stm32h7xx_hal_dcmi.o(i.HAL_DCMI_Start_DMA)
    HAL_DMAEx_ChangeMemory                   0x08000e21   Thumb Code   134  stm32h7xx_hal_dma_ex.o(i.HAL_DMAEx_ChangeMemory)
    HAL_DMAEx_MultiBufferStart_IT            0x08000eb1   Thumb Code  1128  stm32h7xx_hal_dma_ex.o(i.HAL_DMAEx_MultiBufferStart_IT)
    HAL_DMA_Init                             0x08001319   Thumb Code   922  stm32h7xx_hal_dma.o(i.HAL_DMA_Init)
    HAL_DMA_Start_IT                         0x080016d5   Thumb Code   628  stm32h7xx_hal_dma.o(i.HAL_DMA_Start_IT)
    HAL_Delay                                0x08001971   Thumb Code    32  stm32h7xx_hal.o(i.HAL_Delay)
    HAL_GPIO_Init                            0x08001995   Thumb Code   496  stm32h7xx_hal_gpio.o(i.HAL_GPIO_Init)
    HAL_GPIO_ReadPin                         0x08001bb1   Thumb Code    10  stm32h7xx_hal_gpio.o(i.HAL_GPIO_ReadPin)
    HAL_GPIO_WritePin                        0x08001bbb   Thumb Code    10  stm32h7xx_hal_gpio.o(i.HAL_GPIO_WritePin)
    HAL_GetTick                              0x08001bc5   Thumb Code     6  stm32h7xx_hal.o(i.HAL_GetTick)
    HAL_IncTick                              0x08001bd1   Thumb Code    12  stm32h7xx_hal.o(i.HAL_IncTick)
    HAL_Init                                 0x08001be1   Thumb Code    74  stm32h7xx_hal.o(i.HAL_Init)
    HAL_InitTick                             0x08001c3d   Thumb Code    56  stm32h7xx_hal.o(i.HAL_InitTick)
    HAL_MPU_ConfigRegion                     0x08001c7d   Thumb Code    86  stm32h7xx_hal_cortex.o(i.HAL_MPU_ConfigRegion)
    HAL_MPU_Disable                          0x08001cd9   Thumb Code    24  stm32h7xx_hal_cortex.o(i.HAL_MPU_Disable)
    HAL_MPU_Enable                           0x08001cf5   Thumb Code    30  stm32h7xx_hal_cortex.o(i.HAL_MPU_Enable)
    HAL_MspInit                              0x08001d19   Thumb Code    22  stm32h7xx_hal_msp.o(i.HAL_MspInit)
    HAL_NVIC_EnableIRQ                       0x08001d35   Thumb Code    26  stm32h7xx_hal_cortex.o(i.HAL_NVIC_EnableIRQ)
    HAL_NVIC_SetPriority                     0x08001d51   Thumb Code    60  stm32h7xx_hal_cortex.o(i.HAL_NVIC_SetPriority)
    HAL_NVIC_SetPriorityGrouping             0x08001d91   Thumb Code    28  stm32h7xx_hal_cortex.o(i.HAL_NVIC_SetPriorityGrouping)
    HAL_PWREx_ConfigSupply                   0x08001db5   Thumb Code    78  stm32h7xx_hal_pwr_ex.o(i.HAL_PWREx_ConfigSupply)
    HAL_RCCEx_GetD3PCLK1Freq                 0x08001e09   Thumb Code    26  stm32h7xx_hal_rcc_ex.o(i.HAL_RCCEx_GetD3PCLK1Freq)
    HAL_RCCEx_GetPLL2ClockFreq               0x08001e2d   Thumb Code   296  stm32h7xx_hal_rcc_ex.o(i.HAL_RCCEx_GetPLL2ClockFreq)
    HAL_RCCEx_GetPLL3ClockFreq               0x08001f71   Thumb Code   296  stm32h7xx_hal_rcc_ex.o(i.HAL_RCCEx_GetPLL3ClockFreq)
    HAL_RCC_ClockConfig                      0x080020b5   Thumb Code   580  stm32h7xx_hal_rcc.o(i.HAL_RCC_ClockConfig)
    HAL_RCC_GetHCLKFreq                      0x08002311   Thumb Code    52  stm32h7xx_hal_rcc.o(i.HAL_RCC_GetHCLKFreq)
    HAL_RCC_GetPCLK1Freq                     0x08002355   Thumb Code    26  stm32h7xx_hal_rcc.o(i.HAL_RCC_GetPCLK1Freq)
    HAL_RCC_GetPCLK2Freq                     0x08002379   Thumb Code    26  stm32h7xx_hal_rcc.o(i.HAL_RCC_GetPCLK2Freq)
    HAL_RCC_GetSysClockFreq                  0x0800239d   Thumb Code   278  stm32h7xx_hal_rcc.o(i.HAL_RCC_GetSysClockFreq)
    HAL_RCC_OscConfig                        0x080024d5   Thumb Code  1318  stm32h7xx_hal_rcc.o(i.HAL_RCC_OscConfig)
    HAL_SPI_Init                             0x080029fd   Thumb Code   366  stm32h7xx_hal_spi.o(i.HAL_SPI_Init)
    HAL_SPI_MspInit                          0x08002b79   Thumb Code     2  stm32h7xx_hal_spi.o(i.HAL_SPI_MspInit)
    HAL_SPI_Transmit                         0x08002b7b   Thumb Code   608  stm32h7xx_hal_spi.o(i.HAL_SPI_Transmit)
    HAL_SYSTICK_Config                       0x08002ddb   Thumb Code    38  stm32h7xx_hal_cortex.o(i.HAL_SYSTICK_Config)
    HAL_UARTEx_DisableFifoMode               0x08002e01   Thumb Code    64  stm32h7xx_hal_uart_ex.o(i.HAL_UARTEx_DisableFifoMode)
    HAL_UARTEx_SetRxFifoThreshold            0x08002e41   Thumb Code    76  stm32h7xx_hal_uart_ex.o(i.HAL_UARTEx_SetRxFifoThreshold)
    HAL_UARTEx_SetTxFifoThreshold            0x08002e8d   Thumb Code    76  stm32h7xx_hal_uart_ex.o(i.HAL_UARTEx_SetTxFifoThreshold)
    HAL_UART_Init                            0x08002ed9   Thumb Code   106  stm32h7xx_hal_uart.o(i.HAL_UART_Init)
    HAL_UART_MspInit                         0x08002f45   Thumb Code   120  usart.o(i.HAL_UART_MspInit)
    HAL_UART_Transmit                        0x08002fc9   Thumb Code   176  stm32h7xx_hal_uart.o(i.HAL_UART_Transmit)
    HardFault_Handler                        0x08003079   Thumb Code     2  stm32h7xx_it.o(i.HardFault_Handler)
    LCD_Clear                                0x0800307d   Thumb Code    90  lcd.o(i.LCD_Clear)
    LCD_DrawBuffer                           0x080030e1   Thumb Code   278  lcd.o(i.LCD_DrawBuffer)
    LCD_Init                                 0x08003299   Thumb Code   624  lcd.o(i.LCD_Init)
    LCD_SPI_Init                             0x08003511   Thumb Code   152  lcd_spi.o(i.LCD_SPI_Init)
    LCD_SetWindows                           0x080035e5   Thumb Code    88  lcd.o(i.LCD_SetWindows)
    LCD_WR_DATA                              0x08003641   Thumb Code    46  lcd.o(i.LCD_WR_DATA)
    LCD_WriteRAM_Prepare                     0x080036a9   Thumb Code     8  lcd.o(i.LCD_WriteRAM_Prepare)
    LCD_WriteReg                             0x080036b5   Thumb Code    18  lcd.o(i.LCD_WriteReg)
    LCD_direction                            0x080036c9   Thumb Code    80  lcd.o(i.LCD_direction)
    LED_Init                                 0x0800371d   Thumb Code    68  led.o(i.LED_Init)
    MPU_Config                               0x08003769   Thumb Code    74  main.o(i.MPU_Config)
    MX_DCMI_Init                             0x080037b5   Thumb Code    58  dcmi_ov2640.o(i.MX_DCMI_Init)
    MemManage_Handler                        0x080037f9   Thumb Code     2  stm32h7xx_it.o(i.MemManage_Handler)
    NMI_Handler                              0x080037fb   Thumb Code     2  stm32h7xx_it.o(i.NMI_Handler)
    OV2640_Config                            0x080037fd   Thumb Code    30  dcmi_ov2640.o(i.OV2640_Config)
    OV2640_DCMI_Crop                         0x0800381d   Thumb Code    64  dcmi_ov2640.o(i.OV2640_DCMI_Crop)
    OV2640_DMA_Init                          0x08003861   Thumb Code    94  dcmi_ov2640.o(i.OV2640_DMA_Init)
    OV2640_DMA_Transmit_Continuous           0x080038cd   Thumb Code    38  dcmi_ov2640.o(i.OV2640_DMA_Transmit_Continuous)
    OV2640_Delay                             0x080038f9   Thumb Code    48  dcmi_ov2640.o(i.OV2640_Delay)
    OV2640_ReadID                            0x08003929   Thumb Code    30  dcmi_ov2640.o(i.OV2640_ReadID)
    OV2640_Reset                             0x08003949   Thumb Code    52  dcmi_ov2640.o(i.OV2640_Reset)
    OV2640_Set_Framesize                     0x08003981   Thumb Code    76  dcmi_ov2640.o(i.OV2640_Set_Framesize)
    SCCB_ACK                                 0x080039cd   Thumb Code    88  sccb.o(i.SCCB_ACK)
    SCCB_Delay                               0x08003a29   Thumb Code    40  sccb.o(i.SCCB_Delay)
    SCCB_GPIO_Config                         0x08003a51   Thumb Code   114  sccb.o(i.SCCB_GPIO_Config)
    SCCB_NoACK                               0x08003acd   Thumb Code    76  sccb.o(i.SCCB_NoACK)
    SCCB_ReadByte                            0x08003b1d   Thumb Code   104  sccb.o(i.SCCB_ReadByte)
    SCCB_ReadReg                             0x08003b89   Thumb Code    52  sccb.o(i.SCCB_ReadReg)
    SCCB_Start                               0x08003bbd   Thumb Code    70  sccb.o(i.SCCB_Start)
    SCCB_Stop                                0x08003c09   Thumb Code    78  sccb.o(i.SCCB_Stop)
    SCCB_WaitACK                             0x08003c5d   Thumb Code    88  sccb.o(i.SCCB_WaitACK)
    SCCB_WriteByte                           0x08003cb9   Thumb Code   102  sccb.o(i.SCCB_WriteByte)
    SCCB_WriteHandle                         0x08003d25   Thumb Code    28  sccb.o(i.SCCB_WriteHandle)
    SCCB_WriteReg                            0x08003d41   Thumb Code    32  sccb.o(i.SCCB_WriteReg)
    SysTick_Handler                          0x08003e63   Thumb Code    24  stm32h7xx_it.o(i.SysTick_Handler)
    SystemClock_Config                       0x08003e7d   Thumb Code   148  main.o(i.SystemClock_Config)
    SystemInit                               0x08003f15   Thumb Code   158  system_stm32h7xx.o(i.SystemInit)
    UART_AdvFeatureConfig                    0x08004019   Thumb Code   200  stm32h7xx_hal_uart.o(i.UART_AdvFeatureConfig)
    UART_CheckIdleState                      0x080040e1   Thumb Code   170  stm32h7xx_hal_uart.o(i.UART_CheckIdleState)
    UART_SetConfig                           0x080041e1   Thumb Code   914  stm32h7xx_hal_uart.o(i.UART_SetConfig)
    UART_WaitOnFlagUntilTimeout              0x080045bd   Thumb Code   140  stm32h7xx_hal_uart.o(i.UART_WaitOnFlagUntilTimeout)
    USART1_Init                              0x08004649   Thumb Code    66  usart.o(i.USART1_Init)
    UsageFault_Handler                       0x08004695   Thumb Code     2  stm32h7xx_it.o(i.UsageFault_Handler)
    __0printf$5                              0x08004699   Thumb Code    22  printf5.o(i.__0printf$5)
    __1printf$5                              0x08004699   Thumb Code     0  printf5.o(i.__0printf$5)
    __2printf                                0x08004699   Thumb Code     0  printf5.o(i.__0printf$5)
    __scatterload_copy                       0x080046db   Thumb Code    14  handlers.o(i.__scatterload_copy)
    __scatterload_null                       0x080046e9   Thumb Code     2  handlers.o(i.__scatterload_null)
    __scatterload_zeroinit                   0x080046eb   Thumb Code    14  handlers.o(i.__scatterload_zeroinit)
    fputc                                    0x080049b9   Thumb Code    18  usart.o(i.fputc)
    main                                     0x080049d1   Thumb Code   226  main.o(i.main)
    uxListRemove                             0x08004ae1   Thumb Code    38  list.o(i.uxListRemove)
    vListInsertEnd                           0x08004b07   Thumb Code    24  list.o(i.vListInsertEnd)
    vTaskSwitchContext                       0x08004b21   Thumb Code    90  tasks.o(i.vTaskSwitchContext)
    xPortSysTickHandler                      0x08004b85   Thumb Code    38  port.o(i.xPortSysTickHandler)
    xTaskGetSchedulerState                   0x08004bb1   Thumb Code    22  tasks.o(i.xTaskGetSchedulerState)
    xTaskIncrementTick                       0x08004bcd   Thumb Code   192  tasks.o(i.xTaskIncrementTick)
    OV2640_RGB565_Config                     0x08004c94   Data          12  dcmi_ov2640.o(.constdata)
    OV2640_JPEG_Config                       0x08004ca0   Data          14  dcmi_ov2640.o(.constdata)
    OV2640_SVGA_Config                       0x08004cae   Data         352  dcmi_ov2640.o(.constdata)
    UARTPrescTable                           0x08004e16   Data          24  stm32h7xx_hal_uart.o(.constdata)
    D1CorePrescTable                         0x08004e3e   Data          16  system_stm32h7xx.o(.constdata)
    Region$$Table$$Base                      0x08004e50   Number         0  anon$$obj.o(Region$$Table)
    Region$$Table$$Limit                     0x08004e70   Number         0  anon$$obj.o(Region$$Table)
    __stdout                                 0x20000000   Data           4  usart.o(.data)
    DCMI_FrameState                          0x20000004   Data           1  dcmi_ov2640.o(.data)
    OV2640_FPS                               0x20000006   Data           1  dcmi_ov2640.o(.data)
    uwTickFreq                               0x2000000c   Data           1  stm32h7xx_hal.o(.data)
    uwTickPrio                               0x20000010   Data           4  stm32h7xx_hal.o(.data)
    uwTick                                   0x20000014   Data           4  stm32h7xx_hal.o(.data)
    SystemCoreClock                          0x20000018   Data           4  system_stm32h7xx.o(.data)
    SystemD2Clock                            0x2000001c   Data           4  system_stm32h7xx.o(.data)
    pxCurrentTCB                             0x20000020   Data           4  tasks.o(.data)
    huart1                                   0x2000005c   Data         148  usart.o(.bss)
    hdcmi                                    0x200000f0   Data          80  dcmi_ov2640.o(.bss)
    DMA_Handle_dcmi                          0x20000140   Data         120  dcmi_ov2640.o(.bss)
    lcddev                                   0x200001b8   Data          14  lcd.o(.bss)
    hlcd_spi                                 0x200001c8   Data         136  lcd_spi.o(.bss)
    __initial_sp                             0x20000b18   Data           0  startup_stm32h723xx.o(STACK)



==============================================================================

Memory Map of the image

  Image Entry point : 0x080002cd

  Load Region LR_IROM1 (Base: 0x08000000, Size: 0x00004ecc, Max: 0x00100000, ABSOLUTE)

    Execution Region ER_IROM1 (Base: 0x08000000, Size: 0x00004e70, Max: 0x00100000, ABSOLUTE)

    Base Addr    Size         Type   Attr      Idx    E Section Name        Object

    0x08000000   0x000002cc   Data   RO            3    RESET               startup_stm32h723xx.o
    0x080002cc   0x00000000   Code   RO         6119  * .ARM.Collect$$$$00000000  mc_w.l(entry.o)
    0x080002cc   0x00000004   Code   RO         6393    .ARM.Collect$$$$00000001  mc_w.l(entry2.o)
    0x080002d0   0x00000004   Code   RO         6396    .ARM.Collect$$$$00000004  mc_w.l(entry5.o)
    0x080002d4   0x00000000   Code   RO         6398    .ARM.Collect$$$$00000008  mc_w.l(entry7b.o)
    0x080002d4   0x00000000   Code   RO         6400    .ARM.Collect$$$$0000000A  mc_w.l(entry8b.o)
    0x080002d4   0x00000008   Code   RO         6401    .ARM.Collect$$$$0000000B  mc_w.l(entry9a.o)
    0x080002dc   0x00000000   Code   RO         6403    .ARM.Collect$$$$0000000D  mc_w.l(entry10a.o)
    0x080002dc   0x00000000   Code   RO         6405    .ARM.Collect$$$$0000000F  mc_w.l(entry11a.o)
    0x080002dc   0x00000004   Code   RO         6394    .ARM.Collect$$$$00002712  mc_w.l(entry2.o)
    0x080002e0   0x000000be   Code   RO         5474    .emb_text           port.o
    0x0800039e   0x00000002   PAD
    0x080003a0   0x00000024   Code   RO            4    .text               startup_stm32h723xx.o
    0x080003c4   0x00000062   Code   RO         6122    .text               mc_w.l(uldiv.o)
    0x08000426   0x00000024   Code   RO         6128    .text               mc_w.l(memseta.o)
    0x0800044a   0x0000001e   Code   RO         6409    .text               mc_w.l(llshl.o)
    0x08000468   0x00000020   Code   RO         6411    .text               mc_w.l(llushr.o)
    0x08000488   0x00000024   Code   RO         6424    .text               mc_w.l(init.o)
    0x080004ac   0x00000002   Code   RO          194    i.BusFault_Handler  stm32h7xx_it.o
    0x080004ae   0x00000020   Code   RO          867    i.DCMI_DMAError     stm32h7xx_hal_dcmi.o
    0x080004ce   0x00000084   Code   RO          868    i.DCMI_DMAXferCplt  stm32h7xx_hal_dcmi.o
    0x08000552   0x00000002   PAD
    0x08000554   0x00000094   Code   RO          554    i.DCMI_OV2640_Init  dcmi_ov2640.o
    0x080005e8   0x000000b4   Code   RO         1629    i.DMA_CalcBaseAndBitshift  stm32h7xx_hal_dma.o
    0x0800069c   0x0000009c   Code   RO         1630    i.DMA_CalcDMAMUXChannelBaseAndMask  stm32h7xx_hal_dma.o
    0x08000738   0x00000074   Code   RO         1631    i.DMA_CalcDMAMUXRequestGenBaseAndMask  stm32h7xx_hal_dma.o
    0x080007ac   0x00000054   Code   RO         1632    i.DMA_CheckFifoParam  stm32h7xx_hal_dma.o
    0x08000800   0x000000a0   Code   RO         1745    i.DMA_MultiBufferSetConfig  stm32h7xx_hal_dma_ex.o
    0x080008a0   0x00000220   Code   RO         1633    i.DMA_SetConfig     stm32h7xx_hal_dma.o
    0x08000ac0   0x00000002   Code   RO          195    i.DebugMon_Handler  stm32h7xx_it.o
    0x08000ac2   0x00000036   Code   RO          869    i.HAL_DCMI_ConfigCrop  stm32h7xx_hal_dcmi.o
    0x08000af8   0x00000030   Code   RO          873    i.HAL_DCMI_EnableCrop  stm32h7xx_hal_dcmi.o
    0x08000b28   0x00000028   Code   RO          555    i.HAL_DCMI_ErrorCallback  dcmi_ov2640.o
    0x08000b50   0x00000004   Code   RO          876    i.HAL_DCMI_GetError  stm32h7xx_hal_dcmi.o
    0x08000b54   0x0000009c   Code   RO          879    i.HAL_DCMI_Init     stm32h7xx_hal_dcmi.o
    0x08000bf0   0x00000144   Code   RO          557    i.HAL_DCMI_MspInit  dcmi_ov2640.o
    0x08000d34   0x000000ec   Code   RO          884    i.HAL_DCMI_Start_DMA  stm32h7xx_hal_dcmi.o
    0x08000e20   0x00000090   Code   RO         1746    i.HAL_DMAEx_ChangeMemory  stm32h7xx_hal_dma_ex.o
    0x08000eb0   0x00000468   Code   RO         1753    i.HAL_DMAEx_MultiBufferStart_IT  stm32h7xx_hal_dma_ex.o
    0x08001318   0x000003bc   Code   RO         1640    i.HAL_DMA_Init      stm32h7xx_hal_dma.o
    0x080016d4   0x0000029c   Code   RO         1644    i.HAL_DMA_Start_IT  stm32h7xx_hal_dma.o
    0x08001970   0x00000024   Code   RO         2331    i.HAL_Delay         stm32h7xx_hal.o
    0x08001994   0x0000021c   Code   RO         1482    i.HAL_GPIO_Init     stm32h7xx_hal_gpio.o
    0x08001bb0   0x0000000a   Code   RO         1484    i.HAL_GPIO_ReadPin  stm32h7xx_hal_gpio.o
    0x08001bba   0x0000000a   Code   RO         1486    i.HAL_GPIO_WritePin  stm32h7xx_hal_gpio.o
    0x08001bc4   0x0000000c   Code   RO         2347    i.HAL_GetTick       stm32h7xx_hal.o
    0x08001bd0   0x00000010   Code   RO         2353    i.HAL_IncTick       stm32h7xx_hal.o
    0x08001be0   0x0000005c   Code   RO         2354    i.HAL_Init          stm32h7xx_hal.o
    0x08001c3c   0x00000040   Code   RO         2355    i.HAL_InitTick      stm32h7xx_hal.o
    0x08001c7c   0x0000005c   Code   RO          727    i.HAL_MPU_ConfigRegion  stm32h7xx_hal_cortex.o
    0x08001cd8   0x0000001c   Code   RO          728    i.HAL_MPU_Disable   stm32h7xx_hal_cortex.o
    0x08001cf4   0x00000024   Code   RO          729    i.HAL_MPU_Enable    stm32h7xx_hal_cortex.o
    0x08001d18   0x0000001c   Code   RO          288    i.HAL_MspInit       stm32h7xx_hal_msp.o
    0x08001d34   0x0000001a   Code   RO          732    i.HAL_NVIC_EnableIRQ  stm32h7xx_hal_cortex.o
    0x08001d4e   0x00000002   PAD
    0x08001d50   0x00000040   Code   RO          738    i.HAL_NVIC_SetPriority  stm32h7xx_hal_cortex.o
    0x08001d90   0x00000024   Code   RO          739    i.HAL_NVIC_SetPriorityGrouping  stm32h7xx_hal_cortex.o
    0x08001db4   0x00000054   Code   RO         2083    i.HAL_PWREx_ConfigSupply  stm32h7xx_hal_pwr_ex.o
    0x08001e08   0x00000024   Code   RO         1125    i.HAL_RCCEx_GetD3PCLK1Freq  stm32h7xx_hal_rcc_ex.o
    0x08001e2c   0x00000144   Code   RO         1127    i.HAL_RCCEx_GetPLL2ClockFreq  stm32h7xx_hal_rcc_ex.o
    0x08001f70   0x00000144   Code   RO         1128    i.HAL_RCCEx_GetPLL3ClockFreq  stm32h7xx_hal_rcc_ex.o
    0x080020b4   0x0000025c   Code   RO         1010    i.HAL_RCC_ClockConfig  stm32h7xx_hal_rcc.o
    0x08002310   0x00000044   Code   RO         1015    i.HAL_RCC_GetHCLKFreq  stm32h7xx_hal_rcc.o
    0x08002354   0x00000024   Code   RO         1017    i.HAL_RCC_GetPCLK1Freq  stm32h7xx_hal_rcc.o
    0x08002378   0x00000024   Code   RO         1018    i.HAL_RCC_GetPCLK2Freq  stm32h7xx_hal_rcc.o
    0x0800239c   0x00000138   Code   RO         1019    i.HAL_RCC_GetSysClockFreq  stm32h7xx_hal_rcc.o
    0x080024d4   0x00000526   Code   RO         1022    i.HAL_RCC_OscConfig  stm32h7xx_hal_rcc.o
    0x080029fa   0x00000002   PAD
    0x080029fc   0x0000017c   Code   RO         3281    i.HAL_SPI_Init      stm32h7xx_hal_spi.o
    0x08002b78   0x00000002   Code   RO         3283    i.HAL_SPI_MspInit   stm32h7xx_hal_spi.o
    0x08002b7a   0x00000260   Code   RO         3290    i.HAL_SPI_Transmit  stm32h7xx_hal_spi.o
    0x08002dda   0x00000026   Code   RO          743    i.HAL_SYSTICK_Config  stm32h7xx_hal_cortex.o
    0x08002e00   0x00000040   Code   RO         4055    i.HAL_UARTEx_DisableFifoMode  stm32h7xx_hal_uart_ex.o
    0x08002e40   0x0000004c   Code   RO         4064    i.HAL_UARTEx_SetRxFifoThreshold  stm32h7xx_hal_uart_ex.o
    0x08002e8c   0x0000004c   Code   RO         4065    i.HAL_UARTEx_SetTxFifoThreshold  stm32h7xx_hal_uart_ex.o
    0x08002ed8   0x0000006a   Code   RO         3664    i.HAL_UART_Init     stm32h7xx_hal_uart.o
    0x08002f42   0x00000002   PAD
    0x08002f44   0x00000084   Code   RO          385    i.HAL_UART_MspInit  usart.o
    0x08002fc8   0x000000b0   Code   RO         3673    i.HAL_UART_Transmit  stm32h7xx_hal_uart.o
    0x08003078   0x00000002   Code   RO          196    i.HardFault_Handler  stm32h7xx_it.o
    0x0800307a   0x00000002   PAD
    0x0800307c   0x00000064   Code   RO         4210    i.LCD_Clear         lcd.o
    0x080030e0   0x00000124   Code   RO         4211    i.LCD_DrawBuffer    lcd.o
    0x08003204   0x00000094   Code   RO         4216    i.LCD_GPIO_Init     lcd.o
    0x08003298   0x00000278   Code   RO         4217    i.LCD_Init          lcd.o
    0x08003510   0x000000a8   Code   RO         4340    i.LCD_SPI_Init      lcd_spi.o
    0x080035b8   0x00000018   Code   RO         4218    i.LCD_SPI_SendByte  lcd.o
    0x080035d0   0x00000014   Code   RO         4219    i.LCD_SPI_SendBytes  lcd.o
    0x080035e4   0x0000005c   Code   RO         4221    i.LCD_SetWindows    lcd.o
    0x08003640   0x00000034   Code   RO         4222    i.LCD_WR_DATA       lcd.o
    0x08003674   0x00000034   Code   RO         4223    i.LCD_WR_REG        lcd.o
    0x080036a8   0x0000000c   Code   RO         4224    i.LCD_WriteRAM_Prepare  lcd.o
    0x080036b4   0x00000012   Code   RO         4225    i.LCD_WriteReg      lcd.o
    0x080036c6   0x00000002   PAD
    0x080036c8   0x00000054   Code   RO         4226    i.LCD_direction     lcd.o
    0x0800371c   0x0000004c   Code   RO          361    i.LED_Init          led.o
    0x08003768   0x0000004a   Code   RO           14    i.MPU_Config        main.o
    0x080037b2   0x00000002   PAD
    0x080037b4   0x00000044   Code   RO          558    i.MX_DCMI_Init      dcmi_ov2640.o
    0x080037f8   0x00000002   Code   RO          197    i.MemManage_Handler  stm32h7xx_it.o
    0x080037fa   0x00000002   Code   RO          198    i.NMI_Handler       stm32h7xx_it.o
    0x080037fc   0x0000001e   Code   RO          559    i.OV2640_Config     dcmi_ov2640.o
    0x0800381a   0x00000002   PAD
    0x0800381c   0x00000044   Code   RO          560    i.OV2640_DCMI_Crop  dcmi_ov2640.o
    0x08003860   0x0000006c   Code   RO          564    i.OV2640_DMA_Init   dcmi_ov2640.o
    0x080038cc   0x0000002c   Code   RO          565    i.OV2640_DMA_Transmit_Continuous  dcmi_ov2640.o
    0x080038f8   0x00000030   Code   RO          567    i.OV2640_Delay      dcmi_ov2640.o
    0x08003928   0x0000001e   Code   RO          568    i.OV2640_ReadID     dcmi_ov2640.o
    0x08003946   0x00000002   PAD
    0x08003948   0x00000038   Code   RO          569    i.OV2640_Reset      dcmi_ov2640.o
    0x08003980   0x0000004c   Code   RO          573    i.OV2640_Set_Framesize  dcmi_ov2640.o
    0x080039cc   0x0000005c   Code   RO          441    i.SCCB_ACK          sccb.o
    0x08003a28   0x00000028   Code   RO          442    i.SCCB_Delay        sccb.o
    0x08003a50   0x0000007c   Code   RO          443    i.SCCB_GPIO_Config  sccb.o
    0x08003acc   0x00000050   Code   RO          444    i.SCCB_NoACK        sccb.o
    0x08003b1c   0x0000006c   Code   RO          445    i.SCCB_ReadByte     sccb.o
    0x08003b88   0x00000034   Code   RO          446    i.SCCB_ReadReg      sccb.o
    0x08003bbc   0x0000004c   Code   RO          448    i.SCCB_Start        sccb.o
    0x08003c08   0x00000054   Code   RO          449    i.SCCB_Stop         sccb.o
    0x08003c5c   0x0000005c   Code   RO          450    i.SCCB_WaitACK      sccb.o
    0x08003cb8   0x0000006c   Code   RO          452    i.SCCB_WriteByte    sccb.o
    0x08003d24   0x0000001c   Code   RO          453    i.SCCB_WriteHandle  sccb.o
    0x08003d40   0x00000020   Code   RO          455    i.SCCB_WriteReg     sccb.o
    0x08003d60   0x000000bc   Code   RO         3301    i.SPI_CloseTransfer  stm32h7xx_hal_spi.o
    0x08003e1c   0x00000046   Code   RO         3318    i.SPI_WaitOnFlagUntilTimeout  stm32h7xx_hal_spi.o
    0x08003e62   0x00000018   Code   RO          199    i.SysTick_Handler   stm32h7xx_it.o
    0x08003e7a   0x00000002   PAD
    0x08003e7c   0x00000098   Code   RO           15    i.SystemClock_Config  main.o
    0x08003f14   0x000000c0   Code   RO         4174    i.SystemInit        system_stm32h7xx.o
    0x08003fd4   0x00000044   Code   RO         4069    i.UARTEx_SetNbDataToProcess  stm32h7xx_hal_uart_ex.o
    0x08004018   0x000000c8   Code   RO         3678    i.UART_AdvFeatureConfig  stm32h7xx_hal_uart.o
    0x080040e0   0x000000aa   Code   RO         3679    i.UART_CheckIdleState  stm32h7xx_hal_uart.o
    0x0800418a   0x00000002   PAD
    0x0800418c   0x00000054   Code   RO         3690    i.UART_EndRxTransfer  stm32h7xx_hal_uart.o
    0x080041e0   0x000003dc   Code   RO         3696    i.UART_SetConfig    stm32h7xx_hal_uart.o
    0x080045bc   0x0000008c   Code   RO         3703    i.UART_WaitOnFlagUntilTimeout  stm32h7xx_hal_uart.o
    0x08004648   0x0000004c   Code   RO          386    i.USART1_Init       usart.o
    0x08004694   0x00000002   Code   RO          200    i.UsageFault_Handler  stm32h7xx_it.o
    0x08004696   0x00000002   PAD
    0x08004698   0x00000020   Code   RO         6265    i.__0printf$5       mc_w.l(printf5.o)
    0x080046b8   0x00000022   Code   RO          745    i.__NVIC_SetPriority  stm32h7xx_hal_cortex.o
    0x080046da   0x0000000e   Code   RO         6432    i.__scatterload_copy  mc_w.l(handlers.o)
    0x080046e8   0x00000002   Code   RO         6433    i.__scatterload_null  mc_w.l(handlers.o)
    0x080046ea   0x0000000e   Code   RO         6434    i.__scatterload_zeroinit  mc_w.l(handlers.o)
    0x080046f8   0x000002c0   Code   RO         6272    i._printf_core      mc_w.l(printf5.o)
    0x080049b8   0x00000018   Code   RO          389    i.fputc             usart.o
    0x080049d0   0x000000f0   Code   RO           16    i.main              main.o
    0x08004ac0   0x00000020   Code   RO         4947    i.prvResetNextTaskUnblockTime  tasks.o
    0x08004ae0   0x00000026   Code   RO         4498    i.uxListRemove      list.o
    0x08004b06   0x00000018   Code   RO         4502    i.vListInsertEnd    list.o
    0x08004b1e   0x00000002   PAD
    0x08004b20   0x00000064   Code   RO         4980    i.vTaskSwitchContext  tasks.o
    0x08004b84   0x0000002c   Code   RO         5483    i.xPortSysTickHandler  port.o
    0x08004bb0   0x0000001c   Code   RO         4988    i.xTaskGetSchedulerState  tasks.o
    0x08004bcc   0x000000c8   Code   RO         4991    i.xTaskIncrementTick  tasks.o
    0x08004c94   0x0000017a   Data   RO          579    .constdata          dcmi_ov2640.o
    0x08004e0e   0x00000008   Data   RO         1646    .constdata          stm32h7xx_hal_dma.o
    0x08004e16   0x00000018   Data   RO         3704    .constdata          stm32h7xx_hal_uart.o
    0x08004e2e   0x00000010   Data   RO         4070    .constdata          stm32h7xx_hal_uart_ex.o
    0x08004e3e   0x00000010   Data   RO         4175    .constdata          system_stm32h7xx.o
    0x08004e4e   0x00000002   PAD
    0x08004e50   0x00000020   Data   RO         6430    Region$$Table       anon$$obj.o


    Execution Region RW_IRAM1 (Base: 0x20000000, Size: 0x00000b18, Max: 0x00020000, ABSOLUTE)

    Base Addr    Size         Type   Attr      Idx    E Section Name        Object

    0x20000000   0x00000004   Data   RW          391    .data               usart.o
    0x20000004   0x00000008   Data   RW          581    .data               dcmi_ov2640.o
    0x2000000c   0x0000000c   Data   RW         2378    .data               stm32h7xx_hal.o
    0x20000018   0x00000008   Data   RW         4176    .data               system_stm32h7xx.o
    0x20000020   0x0000003c   Data   RW         5000    .data               tasks.o
    0x2000005c   0x00000094   Zero   RW          390    .bss                usart.o
    0x200000f0   0x000000c8   Zero   RW          578    .bss                dcmi_ov2640.o
    0x200001b8   0x0000000e   Zero   RW         4228    .bss                lcd.o
    0x200001c6   0x00000002   PAD
    0x200001c8   0x00000088   Zero   RW         4341    .bss                lcd_spi.o
    0x20000250   0x000004c4   Zero   RW         4999    .bss                tasks.o
    0x20000714   0x00000004   PAD
    0x20000718   0x00000400   Zero   RW            1    STACK               startup_stm32h723xx.o


==============================================================================

Image component sizes


      Code (inc. data)   RO Data    RW Data    ZI Data      Debug   Object Name

      1040        148        378          8        200       9224   dcmi_ov2640.o
         0          0          0          0          0      15336   event_groups.o
      1526         80          0          0         14       9149   lcd.o
       168         16          0          0        136       1114   lcd_spi.o
        76          8          0          0          0        847   led.o
        62          0          0          0          0       1576   list.o
       466         18          0          0          0    1199512   main.o
       234         22          0          0          0       3642   port.o
       916         44          0          0          0       7101   sccb.o
        36          8        716          0       1024        820   startup_stm32h723xx.o
       220         40          0         12          0      23385   stm32h7xx_hal.o
       354         28          0          0          0      41213   stm32h7xx_hal_cortex.o
       662         14          0          0          0       5129   stm32h7xx_hal_dcmi.o
      2704        142          8          0          0       7250   stm32h7xx_hal_dma.o
      1432         56          0          0          0       2825   stm32h7xx_hal_dma_ex.o
       560         44          0          0          0       2603   stm32h7xx_hal_gpio.o
        28          6          0          0          0        782   stm32h7xx_hal_msp.o
        84          6          0          0          0        733   stm32h7xx_hal_pwr_ex.o
      2374        102          0          0          0       6480   stm32h7xx_hal_rcc.o
       684         66          0          0          0       2905   stm32h7xx_hal_rcc_ex.o
      1248         14          0          0          0       4584   stm32h7xx_hal_spi.o
      1864        122         24          0          0      25890   stm32h7xx_hal_uart.o
       284          6         16          0          0       3393   stm32h7xx_hal_uart_ex.o
        36          0          0          0          0      10235   stm32h7xx_it.o
       192         34         16          8          0       1326   system_stm32h7xx.o
       360         30          0         60       1220      10245   tasks.o
       232         28          0          4        148       3466   usart.o

    ----------------------------------------------------------------------
     17870       1082       1192         92       2748    1400765   Object Totals
         0          0         32          0          0          0   (incl. Generated)
        28          0          2          0          6          0   (incl. Padding)

    ----------------------------------------------------------------------

      Code (inc. data)   RO Data    RW Data    ZI Data      Debug   Library Member Name

         0          0          0          0          0          0   entry.o
         0          0          0          0          0          0   entry10a.o
         0          0          0          0          0          0   entry11a.o
         8          4          0          0          0          0   entry2.o
         4          0          0          0          0          0   entry5.o
         0          0          0          0          0          0   entry7b.o
         0          0          0          0          0          0   entry8b.o
         8          4          0          0          0          0   entry9a.o
        30          0          0          0          0          0   handlers.o
        36          8          0          0          0         68   init.o
        30          0          0          0          0         68   llshl.o
        32          0          0          0          0         68   llushr.o
        36          0          0          0          0        108   memseta.o
       736         56          0          0          0        184   printf5.o
        98          0          0          0          0         92   uldiv.o

    ----------------------------------------------------------------------
      1018         72          0          0          0        588   Library Totals
         0          0          0          0          0          0   (incl. Padding)

    ----------------------------------------------------------------------

      Code (inc. data)   RO Data    RW Data    ZI Data      Debug   Library Name

      1018         72          0          0          0        588   mc_w.l

    ----------------------------------------------------------------------
      1018         72          0          0          0        588   Library Totals

    ----------------------------------------------------------------------

==============================================================================


      Code (inc. data)   RO Data    RW Data    ZI Data      Debug   

     18888       1154       1192         92       2748    1390349   Grand Totals
     18888       1154       1192         92       2748    1390349   ELF Image Totals
     18888       1154       1192         92          0          0   ROM Totals

==============================================================================

    Total RO  Size (Code + RO Data)                20080 (  19.61kB)
    Total RW  Size (RW Data + ZI Data)              2840 (   2.77kB)
    Total ROM Size (Code + RO Data + RW Data)      20172 (  19.70kB)

==============================================================================

